******************************************************************************
               TMS320C6x Linker PC v8.3.3                      
******************************************************************************
>> Linked Wed Jun  4 22:33:38 2025

OUTPUT FILE NAME:   <out_of_box_1642_dss.xe674>
ENTRY POINT SYMBOL: "_c_int00"  address: 007fd420


MEMORY CONFIGURATION

         name            origin    length      used     unused   attr    fill
----------------------  --------  ---------  --------  --------  ----  --------
PAGE 0:
  L2SRAM_UMAP1          007e0000   00020000  00020000  00000000  RWIX
  L2SRAM_UMAP0          00800000   00020000  0001ac18  000053e8  RWIX
  L1PSRAM               00e00000   00004000  00000000  00004000  RWIX
  L1DSRAM               00f00000   00004000  00004000  00000000  RWIX
  L3SRAM                20000000   000c0000  000c0000  00000000  RWIX
  HSRAM                 21080000   00008000  00008000  00000000  RWIX

PAGE 1:
  L3SRAM                20000000   000c0000  00000000  000c0000  RWIX


SEGMENT ALLOCATION MAP

run origin  load origin   length   init length attrs members
----------  ----------- ---------- ----------- ----- -------
007e0000    007e0000    00023000   00023000    r-x
  007e0000    007e0000    00000200   00000200    r-x .vecs
  007e0200    007e0200    0001fe00   0001fe00    r-x .text.1
  00800000    00800000    00002540   00002540    r-x .text.2
  00802540    00802540    00000ac0   00000ac0    r-- .const.1
00803000    00803000    00011400   00000000    rw-
  00803000    00803000    00009400   00000000    rw- .dpc_l2Heap
  0080c400    0080c400    00008000   00000000    rw- systemHeap
00814400    00814400    00002a34   00002a34    r--
  00814400    00814400    00002a34   00002a34    r-- .const.2
00816e34    00816e34    00000004   00000000    rw-
  00816e34    00816e34    00000004   00000000    rw- .bss
00816e38    00816e38    00002564   00000000    rw-
  00816e38    00816e38    00002564   00000000    rw- .far
008193a0    008193a0    000017c8   00000ea4    rw-
  008193a0    008193a0    00000ea4   00000ea4    rw- .fardata
  0081a248    0081a248    00000800   00000000    rw- .stack
  0081aa48    0081aa48    00000120   00000000    rw- .cio
0081ab68    0081ab68    000000a8   000000a8    r--
  0081ab68    0081ab68    000000a8   000000a8    r-- .switch
0081ac10    0081ac10    00000010   00000010    rw-
  0081ac10    0081ac10    00000010   00000010    rw- .neardata
00f00000    00f00000    00004000   00000000    rw-
  00f00000    00f00000    00004000   00000000    rw- .dpc_l1Heap
20000000    20000000    000c0000   00000000    rw-
  20000000    20000000    000c0000   00000000    rw- .l3ram
21080000    21080000    00008000   00000000    rw-
  21080000    21080000    00008000   00000000    rw- .demoSharedMem


SECTION ALLOCATION MAP

 output                                  attributes/
section   page    origin      length       input sections
--------  ----  ----------  ----------   ----------------
.vecs      0    007e0000    00000200     
                  007e0000    00000200     mmw_dss_pe674.oe674 (.vecs)

.text.1    0    007e0200    0001fe00     
                  007e0200    00000ba0     sysbios.ae674 : BIOS.obj (.text:xdc_runtime_System_doPrint__I)
                  007e0da0    00000b00     libmmwavealg_xwr16xx.ae674 : mmwavelib_ffttwiddle_gen.oe674 (.text:mmwavelib_gen_twiddle_largefft_16x16_imre_sa)
                  007e18a0    00000960     libaoaproc_dsp_xwr16xx.ae674 : aoaprocdsp.oe674 (.text:AoAProcDSP_processMultipleVirtualAntennas)
                  007e2200    000008c0     objectdetection.oe674 (.text:DPC_ObjectDetection_ioctl)
                  007e2ac0    00000780     sysbios.ae674 : BIOS.obj (.text:ti_sysbios_family_c64p_Exception_handler__I)
                  007e3240    00000720     objectdetection.oe674 (.text:DPC_ObjDetDSP_rangeBiasRxChPhaseMeasure)
                  007e3960    000006a0     libmmwavealg_xwr16xx.ae674 : mmwavelib_cfarca_sogo.oe674 (.text:mmwavelib_cfarCadB_SOGO_wNoise)
                  007e4000    000006a0     sysbios.ae674 : BIOS.obj (.text:ti_sysbios_knl_Semaphore_pend__E)
                  007e46a0    00000680                   : BIOS.obj (.text:ti_sysbios_heaps_HeapMem_allocUnprotected__E)
                  007e4d20    00000660                   : BIOS.obj (.text:ti_sysbios_heaps_HeapMem_freeUnprotected__E)
                  007e5380    000005e0     rts6740_elf.lib : divd.c.obj (.text:__c6xabi_divd)
                  007e5960    000005c0     libdopplerproc_dsp_xwr16xx.ae674 : dopplerprocdsp.oe674 (.text:DPU_DopplerProcDSP_process)
                  007e5f20    000005a0     objectdetection.oe674 (.text:DPC_ObjDetDSP_preStartConfig)
                  007e64c0    000005a0     sysbios.ae674 : BIOS.obj (.text:ti_sysbios_knl_Task_Instance_finalize__E)
                  007e6a60    00000580     libaoaproc_dsp_xwr16xx.ae674 : aoaprocdsp.oe674 (.text:DPU_AoAProcDSP_config)
                  007e6fe0    00000580     libmmwavealg_xwr16xx.ae674 : mmwavelib_peakpruning.oe674 (.text:mmwavelib_cfarPeakQualifiedInOrderPruning)
                  007e7560    00000500     objectdetection.oe674 (.text:DPC_ObjDetDSP_AoAconfig)
                  007e7a60    00000500     librangeproc_dsp_xwr16xx.ae674 : rangeprocdsp.oe674 (.text:DPU_RangeProcDSP_process)
                  007e7f60    000004e0     libmmwavealg_xwr16xx.ae674 : mmwavelib_windowcoef_gen.oe674 (.text:mmwavelib_windowCoef_gen)
                  007e8440    000004a0     libdopplerproc_dsp_xwr16xx.ae674 : dopplerprocdsp.oe674 (.text:DPU_DopplerProcDSP_config)
                  007e88e0    00000480     librangeproc_dsp_xwr16xx.ae674 : rangeprocdsp.oe674 (.text:DPU_RangeProcDSP_config)
                  007e8d60    00000480     dss_main.oe674 (.text:MmwDemo_DPC_ObjectDetection_dpmTask)
                  007e91e0    00000460     libmmwavealg_xwr16xx.ae674 : mmwavelib_cfarca.oe674 (.text:mmwavelib_cfarCadBwrap_wNoise)
                  007e9640    00000440     libcfarcaproc_dsp_xwr16xx.ae674 : cfarcaprocdsp.oe674 (.text:CFARCADSP_processRangeDomain)
                  007e9a80    00000440     sysbios.ae674 : BIOS.obj (.text:ti_sysbios_knl_Task_Instance_init__E)
                  007e9ec0    00000420     libmailbox_xwr16xx.ae674 : mailbox.oe674 (.text:Mailbox_open)
                  007ea2e0    000003e0     libaoaproc_dsp_xwr16xx.ae674 : aoaprocdsp.oe674 (.text:AoAProcDSP_RangeAzimuthHeatmap)
                  007ea6c0    000003e0     libmmwavealg_xwr16xx.ae674 : mmwavelib_peakpruning.oe674 (.text:mmwavelib_cfarPeakPruning)
                  007eaaa0    000003e0     sysbios.ae674 : BIOS.obj (.text:ti_sysbios_knl_Task_sleep__E)
                  007eae80    000003e0                   : BIOS.obj (.text:ti_sysbios_utils_Load_updateThreadContexts__E)
                  007eb260    000003a0     libcfarcaproc_dsp_xwr16xx.ae674 : cfarcaprocdsp.oe674 (.text:DPU_CFARCAProcDSP_process)
                  007eb600    000003a0     libedma_xwr16xx.ae674 : edma.oe674 (.text:EDMA_paramConfig_assist)
                  007eb9a0    00000380     dsplib.ae64P : DSP_fft32x32_sa.oe64P (.text:psa)
                  007ebd20    00000360     libdpm_xwr16xx.ae674 : dpm_core.oe674 (.text:DPM_init)
                  007ec080    00000360                          : dpm_msg.oe674 (.text:DPM_msgRecv)
                  007ec3e0    00000340     libcfarcaproc_dsp_xwr16xx.ae674 : cfarcaprocdsp.oe674 (.text:CFARCADSP_processDopplerDomain)
                  007ec720    00000340     librangeproc_dsp_xwr16xx.ae674 : rangeprocdsp.oe674 (.text:rangeProcDSP_dcRangeSignatureCompensation)
                  007eca60    00000320     libedma_xwr16xx.ae674 : edma.oe674 (.text:EDMA_configChannel)
                  007ecd80    00000300     dsplib.ae64P : DSP_fft16x16_imre_sa.oe64P (.text:psa)
                  007ed080    00000300     sysbios.ae674 : BIOS.obj (.text:xdc_runtime_LoggerBuf_write8__E)
                  007ed380    000002e0     objectdetection.oe674 (.text:DPC_ObjectDetection_execute)
                  007ed660    000002e0     rts6740_elf.lib : sin.c.obj (.text:sin)
                  007ed940    000002e0     sysbios.ae674 : BIOS.obj (.text:ti_sysbios_heaps_HeapMem_Instance_init__E)
                  007edc20    000002e0                   : BIOS.obj (.text:xdc_runtime_Core_createObject__I)
                  007edf00    000002c0     libaoaproc_dsp_xwr16xx.ae674 : aoaprocdsp.oe674 (.text:AoAProcDSP_XYZestimation)
                  007ee1c0    000002c0                                  : aoaprocdsp.oe674 (.text:AoAProcDSP_dopplerCompensation)
                  007ee480    000002c0     objectdetection.oe674 (.text:DPC_ObjDetDSP_dopplerConfig)
                  007ee740    000002c0     libedma_xwr16xx.ae674 : edma.oe674 (.text:EDMA_configErrorMonitoring)
                  007eea00    000002c0                           : edma.oe674 (.text:EDMA_open)
                  007eecc0    000002c0     sysbios.ae674 : BIOS.obj (.text:ti_sysbios_knl_Task_postInit__I)
                  007eef80    000002c0                   : BIOS.obj (.text:ti_sysbios_timers_rti_Timer_Module_startup__E)
                  007ef240    000002a0     libaoaproc_dsp_xwr16xx.ae674 : aoaprocdsp.oe674 (.text:DPU_AoAProcDSP_control)
                  007ef4e0    000002a0     sysbios.ae674 : BIOS.obj (.text:ti_sysbios_family_c64p_EventCombiner_dispatch__E)
                  007ef780    000002a0                   : BIOS.obj (.text:ti_sysbios_timers_rti_Timer_getFreq__E)
                  007efa20    00000280     libcfarcaproc_dsp_xwr16xx.ae674 : cfarcaprocdsp.oe674 (.text:DPU_CFARCAProcDSP_config)
                  007efca0    00000280     rts6740_elf.lib : divf.c.obj (.text:__c6xabi_divf)
                  007eff20    00000280     sysbios.ae674 : BIOS.obj (.text:ti_sysbios_family_c64p_Cache_Module_startup__E)
                  007f01a0    00000280                   : BIOS.obj (.text:xdc_runtime_Startup_startMods__I)
                  007f0420    00000260     objectdetection.oe674 (.text:DPC_ObjDetDSP_CFARCAconfig)
                  007f0680    00000260     objectdetection.oe674 (.text:DPC_ObjDetDSP_rangeConfig)
                  007f08e0    00000260     rts6740_elf.lib : imath64.c.obj (.text:__c6xabi_divull)
                  007f0b40    00000260     sysbios.ae674 : BIOS.obj (.text:ti_sysbios_gates_GateMutex_enter__E)
                  007f0da0    00000240     libcfarcaproc_dsp_xwr16xx.ae674 : cfarcaprocdsp.oe674 (.text:DPU_CFARCAProcDSP_control)
                  007f0fe0    00000240     libedma_xwr16xx.ae674 : edma.oe674 (.text:EDMA_transferComplete_isr)
                  007f1220    00000240     dss_main.oe674 (.text:MmwDemo_dssInitTask)
                  007f1460    00000240     libmmwavealg_xwr16xx.ae674 : mmwavelib_ffttwiddle_gen.oe674 (.text:mmwavelib_gen_twiddle_fft16x16_imre_sa)
                  007f16a0    00000240     sysbios.ae674 : BIOS.obj (.text:ti_sysbios_family_c64p_Exception_internalHandler__I)
                  007f18e0    00000240                   : BIOS.obj (.text:xdc_runtime_Error_policyDefault__E)
                  007f1b20    00000240     mmw_dss_pe674.oe674 (.text:xdc_runtime_System_printfExtend__I)
                  007f1d60    00000220     libaoaproc_dsp_xwr16xx.ae674 : aoaprocdsp.oe674 (.text:DPU_AoAProcDSP_process)
                  007f1f80    00000220     libmailbox_xwr16xx.ae674 : mailbox.oe674 (.text:Mailbox_write)
                  007f21a0    00000220     sysbios.ae674 : BIOS.obj (.text:ti_sysbios_family_c64p_EventCombiner_dispatchPlug__E)
                  007f23c0    00000220                   : BIOS.obj (.text:ti_sysbios_family_c64p_EventCombiner_enableEvent__E)
                  007f25e0    00000220                   : BIOS.obj (.text:xdc_runtime_LoggerBuf_write4__E)
                  007f2800    00000200     libdpm_xwr16xx.ae674 : dpm_msg.oe674 (.text:DPM_msgResultHandler)
                  007f2a00    00000200     sysbios.ae674 : c64p_Hwi_disp_always.obj (.text:_ti_sysbios_family_c64p_Hwi_dispatchAlways)
                  007f2c00    00000200     rts6740_elf.lib : atan.c.obj (.text:atan)
                  007f2e00    00000200     libmmwavealg_xwr16xx.ae674 : mmwavelib_log2abs.oe674 (.text:mmwavelib_log2Abs32)
                  007f3000    00000200     sysbios.ae674 : BIOS.obj (.text:ti_sysbios_family_c64p_EventCombiner_disableEvent__E)
                  007f3200    00000200                   : BIOS.obj (.text:ti_sysbios_utils_Load_idleFxn__E)
                  007f3400    00000200                   : BIOS.obj (.text:xdc_runtime_Core_constructObject__I)
                  007f3600    000001e0     objectdetection.oe674 (.text:DPC_ObjectDetection_init)
                  007f37e0    000001e0     libedma_xwr16xx.ae674 : edma.oe674 (.text:EDMA_init)
                  007f39c0    000001e0     libmmwavealg_xwr16xx.ae674 : mmwavelib_ffttwiddle_gen.oe674 (.text:mmwavelib_gen_twiddle_smallfft_32x32)
                  007f3ba0    000001e0                                : mmwavelib_windowing.oe674 (.text:mmwavelib_windowing16x16_evenlen)
                  007f3d80    000001e0     sysbios.ae674 : BIOS.obj (.text:ti_sysbios_knl_Semaphore_post__E)
                  007f3f60    000001c0     libdpedma_base_xwr16xx.ae674 : dpedma.oe674 (.text:DPEDMA_configSyncAB)
                  007f4120    000001c0                                  : dpedma.oe674 (.text:DPEDMA_configSyncA_singleFrame)
                  007f42e0    000001c0     libmailbox_xwr16xx.ae674 : mailbox.oe674 (.text:Mailbox_read)
                  007f44a0    000001c0     libsoc_xwr16xx.ae674 : soc.oe674 (.text:SOC_deregisterSysIntListener)
                  007f4660    000001c0     rts6740_elf.lib : atan2.c.obj (.text:atan2)
                  007f4820    000001c0                     : fputc.c.obj (.text:fputc)
                  007f49e0    000001c0                     : frexp.c.obj (.text:frexp)
                  007f4ba0    000001c0     libmmwavealg_xwr16xx.ae674 : mmwavelib_secondpeak.oe674 (.text:mmwavelib_secondPeakSearch)
                  007f4d60    000001c0     rts6740_elf.lib : setvbuf.c.obj (.text:setvbuf)
                  007f4f20    000001c0     sysbios.ae674 : BIOS.obj (.text:ti_sysbios_knl_Swi_restoreHwi__E)
                  007f50e0    000001c0                   : BIOS.obj (.text:ti_sysbios_knl_Task_checkStacks__E)
                  007f52a0    000001c0                   : BIOS.obj (.text:xdc_runtime_Text_putSite__E)
                  007f5460    000001a0     rts6740_elf.lib : hostrename.c.obj (.text:HOSTrename)
                  007f5600    000001a0     sysbios.ae674 : BIOS.obj (.text:ti_sysbios_family_c64p_Cache_getL2InitSize__I)
                  007f57a0    000001a0                   : BIOS.obj (.text:ti_sysbios_heaps_HeapBuf_Module_startup__E)
                  007f5940    000001a0                   : BIOS.obj (.text:ti_sysbios_knl_Swi_runLoop__I)
                  007f5ae0    000001a0                   : BIOS.obj (.text:ti_sysbios_knl_Task_exit__E)
                  007f5c80    000001a0                   : BIOS.obj (.text:ti_sysbios_timers_rti_Timer_startup__E)
                  007f5e20    00000180     libdpm_xwr16xx.ae674 : dpm_core.oe674 (.text:DPM_deinit)
                  007f5fa0    00000180                          : dpm_core.oe674 (.text:DPM_ioctl)
                  007f6120    00000180     dss_main.oe674 (.text:MmwDemo_sensorStopEpilog)
                  007f62a0    00000180     sysbios.ae674 : c64p_Exception_asm.obj (.text)
                  007f6420    00000180                   : BIOS.obj (.text:ti_sysbios_knl_Task_schedule__I)
                  007f65a0    00000180                   : BIOS.obj (.text:ti_sysbios_utils_Load_startup__E)
                  007f6720    00000160     libdpm_xwr16xx.ae674 : dpm_msg.oe674 (.text:DPM_msgResponseHandler)
                  007f6880    00000160     librangeproc_dsp_xwr16xx.ae674 : rangeprocdsp.oe674 (.text:DPU_RangeProcDSP_control)
                  007f69e0    00000160     libedma_xwr16xx.ae674 : edma.oe674 (.text:EDMA_getErrorStatusInfo)
                  007f6b40    00000160     libmailbox_xwr16xx.ae674 : mailbox.oe674 (.text:Mailbox_close)
                  007f6ca0    00000160     libsoc_xwr16xx.ae674 : soc.oe674 (.text:SOC_registerSysIntListener)
                  007f6e00    00000160     rts6740_elf.lib : sqrt.c.obj (.text:sqrt)
                  007f6f60    00000160     sysbios.ae674 : BIOS.obj (.text:ti_sysbios_family_c64p_Cache_getL1DInitSize__I)
                  007f70c0    00000160                   : BIOS.obj (.text:ti_sysbios_family_c64p_Cache_getL1PInitSize__I)
                  007f7220    00000160                   : BIOS.obj (.text:ti_sysbios_family_c64p_Hwi_Module_startup__E)
                  007f7380    00000160                   : BIOS.obj (.text:xdc_runtime_Core_deleteObject__I)
                  007f74e0    00000160                   : BIOS.obj (.text:xdc_runtime_LoggerBuf_getFilterLevel__E)
                  007f7640    00000160                   : BIOS.obj (.text:xdc_runtime_LoggerBuf_setFilterLevel__E)
                  007f77a0    00000140     libaoaproc_dsp_xwr16xx.ae674 : aoaprocdsp.oe674 (.text:AoAProcDSP_ConvertFov)
                  007f78e0    00000140     libedma_xwr16xx.ae674 : edma_low_level.oe674 (.text:EDMA3Init)
                  007f7a20    00000140                           : edma.oe674 (.text:EDMA_clearErrors)
                  007f7b60    00000140     libsoc_xwr16xx.ae674 : soc.oe674 (.text:SOC_init)
                  007f7ca0    00000140     librangeproc_dsp_xwr16xx.ae674 : rangeprocdsp.oe674 (.text:rangeProcDSP_ConfigDataOutEDMA)
                  007f7de0    00000140     sysbios.ae674 : BIOS.obj (.text:ti_sysbios_knl_Semaphore_Instance_init__E)
                  007f7f20    00000140                   : BIOS.obj (.text:ti_sysbios_knl_Task_Module_startup__E)
                  007f8060    00000140                   : BIOS.obj (.text:ti_sysbios_knl_Task_startCore__E)
                  007f81a0    00000140                   : BIOS.obj (.text:ti_sysbios_timers_rti_Timer_initDevice__I)
                  007f82e0    00000140                   : BIOS.obj (.text:ti_sysbios_utils_Load_addTask__E)
                  007f8420    00000140                   : BIOS.obj (.text:ti_sysbios_utils_Load_updateLoads__E)
                  007f8560    00000140                   : BIOS.obj (.text:xdc_runtime_Memory_alloc__E)
                  007f86a0    00000140                   : BIOS.obj (.text:xdc_runtime_Text_putLab__E)
                  007f87e0    00000140                   : BIOS.obj (.text:xdc_runtime_Text_putMod__E)
                  007f8920    00000140                   : BIOS.obj (.text:xdc_runtime_Text_visitRope2__I)
                  007f8a60    00000120     objectdetection.oe674 (.text:DPC_ObjDetDSP_GetRxChPhaseComp)
                  007f8b80    00000120     libdpm_xwr16xx.ae674 : dpm_msg.oe674 (.text:DPM_msgDPCCfgHandler)
                  007f8ca0    00000120     libedma_xwr16xx.ae674 : edma.oe674 (.text:EDMA_configParamSet)
                  007f8dc0    00000120     boot.ae674 : autoinit.oe674 (.text:_auto_init_elf)
                  007f8ee0    00000120     rts6740_elf.lib : getdevice.c.obj (.text:getdevice)
                  007f9000    00000120     mathlib.ae674 : cossp.oe674 (.text:optasm)
                  007f9120    00000120                   : sinsp.oe674 (.text:optasm)
                  007f9240    00000120     sysbios.ae674 : BIOS.obj (.text:ti_sysbios_knl_Clock_workFunc__E)
                  007f9360    00000120                   : BIOS.obj (.text:ti_sysbios_timers_rti_Timer_setPeriodMicroSecs__E)
                  007f9480    00000120                   : BIOS.obj (.text:ti_sysbios_utils_Load_taskCreateHook__E)
                  007f95a0    00000120                   : BIOS.obj (.text:ti_sysbios_utils_Load_taskDeleteHook__E)
                  007f96c0    00000100     objectdetection.oe674 (.text:DPC_ObjDetDSP_reconfigSubFrame)
                  007f97c0    00000100     libmailbox_xwr16xx.ae674 : mailbox.oe674 (.text:Mailbox_readFlush)
                  007f98c0    00000100     libsoc_xwr16xx.ae674 : soc_xwr16xx_dss.oe674 (.text:SOC_deviceInit)
                  007f99c0    00000100                          : soc_xwr16xx.oe674 (.text:SOC_translateAddress)
                  007f9ac0    00000100     rts6740_elf.lib : fclose.c.obj (.text:__TI_closefile)
                  007f9bc0    00000100                     : fflush.c.obj (.text:fflush)
                  007f9cc0    00000100                     : fseek.c.obj (.text:fseek)
                  007f9dc0    00000100     dss_main.oe674 (.text:main)
                  007f9ec0    00000100     libmmwavealg_xwr16xx.ae674 : mmwavelib_dftsinglebin.oe674 (.text:mmwavelib_dftSinCosTabelGen)
                  007f9fc0    00000100     sysbios.ae674 : BIOS.obj (.text:xdc_runtime_Error_print__E)
                  007fa0c0    00000100                   : BIOS.obj (.text:xdc_runtime_Startup_exec__E)
                  007fa1c0    000000e0     objectdetection.oe674 (.text:DPC_ObjectDetection_deinit)
                  007fa2a0    000000e0     libdpm_xwr16xx.ae674 : dpm_core.oe674 (.text:DPM_execute)
                  007fa380    000000e0                          : dpm_pipe.oe674 (.text:DPM_pipeSend)
                  007fa460    000000e0     libedma_xwr16xx.ae674 : edma.oe674 (.text:EDMA_error_isr)
                  007fa540    000000e0                           : edma.oe674 (.text:EDMA_isTransferComplete)
                  007fa620    000000e0     rts6740_elf.lib : hostlseek.c.obj (.text:HOSTlseek)
                  007fa700    000000e0                     : hostopen.c.obj (.text:HOSTopen)
                  007fa7e0    000000e0                     : hostwrite.c.obj (.text:HOSTwrite)
                  007fa8c0    000000e0     libmailbox_xwr16xx.ae674 : mailbox.oe674 (.text:Mailbox_boxFullISRMssDss)
                  007fa9a0    000000e0                              : mailbox.oe674 (.text:Mailbox_init)
                  007faa80    000000e0     dss_main.oe674 (.text:MmwDemo_DPC_ObjectDetection_reportFxn)
                  007fab60    000000e0     rts6740_elf.lib : _io_perm.c.obj (.text:__TI_wrt_ok)
                  007fac40    000000e0                     : divi.asm.obj (.text:__divi)
                  007fad20    000000e0                     : close.c.obj (.text:close)
                  007fae00    000000e0                     : exit.c.obj (.text:exit)
                  007faee0    000000e0                     : memset.c.obj (.text:memset)
                  007fafc0    000000e0     sysbios.ae674 : BIOS.obj (.text:ti_sysbios_utils_Load_updateCurrentThreadTime__E)
                  007fb0a0    000000c0     libaoaproc_dsp_xwr16xx.ae674 : aoaprocdsp.oe674 (.text:AoAProcDSP_computeHeatMapVal)
                  007fb160    000000c0     libcfarcaproc_dsp_xwr16xx.ae674 : cfarcaprocdsp.oe674 (.text:CFARCADSP_saveConfiguration)
                  007fb220    000000c0     libdpm_xwr16xx.ae674 : dpm_mailbox.oe674 (.text:DPM_mboxRemoteMailboxCallbackFxn)
                  007fb2e0    000000c0                          : dpm_core.oe674 (.text:DPM_sendResult)
                  007fb3a0    000000c0     libdopplerproc_dsp_xwr16xx.ae674 : dopplerprocdsp.oe674 (.text:DPU_DopplerProcDSP_log2AbsAccum)
                  007fb460    000000c0     libedma_xwr16xx.ae674 : edma.oe674 (.text:EDMA_startDmaTransfer)
                  007fb520    000000c0     rts6740_elf.lib : hostread.c.obj (.text:HOSTread)
                  007fb5e0    000000c0                     : hostunlink.c.obj (.text:HOSTunlink)
                  007fb6a0    000000c0     libmailbox_xwr16xx.ae674 : mailbox.oe674 (.text:Mailbox_boxFullISRProcessing)
                  007fb760    000000c0     data_path.oe674 (.text:MmwDemo_edmaOpen)
                  007fb820    000000c0     objectdetection.oe674 (.text:_DPC_Objdet_Assert)
                  007fb8e0    000000c0     rts6740_elf.lib : fflush.c.obj (.text:__TI_doflush)
                  007fb9a0    000000c0                     : divu.asm.obj (.text:__divu)
                  007fba60    000000c0                     : remi.asm.obj (.text:__remi)
                  007fbb20    000000c0     libmmwavealg_xwr16xx.ae674 : mmwavelib_maxpow.oe674 (.text:mmwavelib_maxpow)
                  007fbbe0    000000c0                                : mmwavelib_maxpow.oe674 (.text:mmwavelib_powerAndMax)
                  007fbca0    000000c0     rts6740_elf.lib : modf.c.obj (.text:modf)
                  007fbd60    000000c0     sysbios.ae674 : BIOS.obj (.text:ti_sysbios_family_c64p_Hwi_dispatchCore__I)
                  007fbe20    000000c0                   : BIOS.obj (.text:ti_sysbios_heaps_HeapMem_alloc__E)
                  007fbee0    000000c0                   : BIOS.obj (.text:ti_sysbios_heaps_HeapMem_getStats__E)
                  007fbfa0    000000c0                   : BIOS.obj (.text:ti_sysbios_knl_Swi_schedule__I)
                  007fc060    000000c0                   : BIOS.obj (.text:ti_sysbios_knl_Task_allBlockedFunction__I)
                  007fc120    000000c0     mmw_dss_pe674.oe674 (.text:ti_sysbios_knl_Task_create)
                  007fc1e0    000000c0     sysbios.ae674 : BIOS.obj (.text:ti_sysbios_knl_Task_stat__E)
                  007fc2a0    000000c0                   : BIOS.obj (.text:ti_sysbios_utils_Load_taskSwitchHook__E)
                  007fc360    000000c0     rts6740_elf.lib : tls.c.obj (.text:tls:init:__TI_tls_init)
                  007fc420    000000c0     sysbios.ae674 : BIOS.obj (.text:xdc_runtime_Assert_raise__I)
                  007fc4e0    000000c0                   : BIOS.obj (.text:xdc_runtime_LoggerBuf_Instance_init__E)
                  007fc5a0    000000c0     mmw_dss_pe674.oe674 (.text:xdc_runtime_LoggerBuf_Object__create__S)
                  007fc660    000000a0     libcfarcaproc_dsp_xwr16xx.ae674 : cfarcaprocdsp.oe674 (.text:CFARCADSP_configEDMARangeDomain)
                  007fc700    000000a0                                     : cfarcaprocdsp.oe674 (.text:CFARCADSP_fovConvertDoppler)
                  007fc7a0    000000a0     objectdetection.oe674 (.text:DPC_ObjDetDSP_GenDopplerWindow)
                  007fc840    000000a0     objectdetection.oe674 (.text:DPC_ObjDetDSP_GenRangeWindow)
                  007fc8e0    000000a0     objectdetection.oe674 (.text:DPC_ObjectDetection_frameStart)
                  007fc980    000000a0     objectdetection.oe674 (.text:DPC_ObjectDetection_start)
                  007fca20    000000a0     libdpedma_base_xwr16xx.ae674 : dpedma.oe674 (.text:DPEDMA_setup_shadow_link)
                  007fcac0    000000a0     libdpm_xwr16xx.ae674 : dpm_mailbox.oe674 (.text:DPM_mboxInit)
                  007fcb60    000000a0                          : dpm_msg.oe674 (.text:DPM_msgStartHandler)
                  007fcc00    000000a0                          : dpm_msg.oe674 (.text:DPM_msgStopHandler)
                  007fcca0    000000a0                          : dpm_core.oe674 (.text:DPM_notifyExecute)
                  007fcd40    000000a0                          : dpm_pipe.oe674 (.text:DPM_pipeRecv)
                  007fcde0    000000a0     libedma_xwr16xx.ae674 : edma_low_level.oe674 (.text:EDMA3EnableChInShadowReg)
                  007fce80    000000a0                           : edma.oe674 (.text:EDMA_disableChannel)
                  007fcf20    000000a0                           : edma.oe674 (.text:EDMA_enableChannel)
                  007fcfc0    000000a0                           : edma.oe674 (.text:EDMA_transferController_error_isr)
                  007fd060    000000a0     rts6740_elf.lib : hostclose.c.obj (.text:HOSTclose)
                  007fd100    000000a0     libmailbox_xwr16xx.ae674 : mailbox.oe674 (.text:Mailbox_boxEmptyISRProcessing)
                  007fd1a0    000000a0     libsoc_xwr16xx.ae674 : soc.oe674 (.text:SOC_SystemISR)
                  007fd240    000000a0     rts6740_elf.lib : fopen.c.obj (.text:__TI_cleanup)
                  007fd2e0    000000a0                     : round.c.obj (.text:__c6xabi_nround)
                  007fd380    000000a0                     : remu.asm.obj (.text:__remu)
                  007fd420    000000a0     boot.ae674 : boot.oe674 (.text:_c_int00)
                  007fd4c0    000000a0     rts6740_elf.lib : getdevice.c.obj (.text:finddevice)
                  007fd560    000000a0                     : memcpy64.asm.obj (.text:memcpy)
                  007fd600    000000a0     libmmwavealg_xwr16xx.ae674 : mmwavelib_vecsum.oe674 (.text:mmwavelib_vecsum)
                  007fd6a0    000000a0                                : mmwavelib_windowing.oe674 (.text:mmwavelib_windowing16x32_IQswap)
                  007fd740    000000a0     mathlib.ae674 : sqrtsp.oe674 (.text:optasm)
                  007fd7e0    000000a0     sysbios.ae674 : BIOS.obj (.text:ti_sysbios_family_c64p_Exception_Module_startup__E)
                  007fd880    000000a0                   : BIOS.obj (.text:ti_sysbios_family_c64p_Hwi_dispatchC__I)
                  007fd920    000000a0                   : BIOS.obj (.text:ti_sysbios_family_c64p_Hwi_getStackInfo__E)
                  007fd9c0    000000a0                   : BIOS.obj (.text:ti_sysbios_hal_Hwi_checkStack)
                  007fda60    000000a0                   : BIOS.obj (.text:ti_sysbios_knl_Semaphore_pendTimeout__I)
                  007fdb00    000000a0                   : BIOS.obj (.text:xdc_runtime_Core_assignLabel__I)
                  007fdba0    000000a0                   : BIOS.obj (.text:xdc_runtime_Core_assignParams__I)
                  007fdc40    000000a0                   : BIOS.obj (.text:xdc_runtime_LoggerBuf_Module_startup__E)
                  007fdce0    000000a0                   : BIOS.obj (.text:xdc_runtime_System_atexit__E)
                  007fdd80    000000a0                   : BIOS.obj (.text:xdc_runtime_System_exit__E)
                  007fde20    000000a0                   : BIOS.obj (.text:xdc_runtime_Text_printVisFxn__I)
                  007fdec0    000000a0                   : BIOS.obj (.text:xdc_runtime_Text_xprintf__I)
                  007fdf60    00000080     libaoaproc_dsp_xwr16xx.ae674 : aoaprocdsp.oe674 (.text:AoAProcDSP_waitInData)
                  007fdfe0    00000080     libcfarcaproc_dsp_xwr16xx.ae674 : cfarcaprocdsp.oe674 (.text:CFARCADSP_fovConvertRange)
                  007fe060    00000080     objectdetection.oe674 (.text:DPC_ObjectDetection_chirpEvent)
                  007fe0e0    00000080     objectdetection.oe674 (.text:DPC_ObjectDetection_stop)
                  007fe160    00000080     libdpm_xwr16xx.ae674 : dpm_mailbox.oe674 (.text:DPM_mboxSendResult)
                  007fe1e0    00000080                          : dpm_pipe.oe674 (.text:DPM_pipeDeinit)
                  007fe260    00000080                          : dpm_pipe.oe674 (.text:DPM_pipeInit)
                  007fe2e0    00000080                          : dpm_core.oe674 (.text:DPM_synch)
                  007fe360    00000080     libcfarcaproc_dsp_xwr16xx.ae674 : cfarcaprocdsp.oe674 (.text:DPU_CFARCAProcDSP_init)
                  007fe3e0    00000080     libdopplerproc_dsp_xwr16xx.ae674 : dopplerprocdsp.oe674 (.text:DPU_DopplerProcDSP_control)
                  007fe460    00000080                                      : dopplerprocdsp.oe674 (.text:DPU_DopplerProcDSP_init)
                  007fe4e0    00000080     libedma_xwr16xx.ae674 : edma_low_level.oe674 (.text:EDMA3MapChToEvtQ)
                  007fe560    00000080                           : edma.oe674 (.text:EDMA_getTransferControllerErrorStatusInfo)
                  007fe5e0    00000080                           : edma.oe674 (.text:EDMA_linkParamSets)
                  007fe660    00000080     libosal_xwr16xx.ae674 : SemaphoreP_tirtos.oe674 (.text:SemaphoreP_create)
                  007fe6e0    00000080     rts6740_elf.lib : trgmsg.c.obj (.text:__TI_readmsg)
                  007fe760    00000080                     : llshift.c.obj (.text:__c6xabi_llshl)
                  007fe7e0    00000080     sysbios.ae674 : c62_TaskSupport_asm.obj (.text:_ti_sysbios_family_c62_TaskSupport_swap__E)
                  007fe860    00000080     mmw_dss_pe674.oe674 (.text:ti_sysbios_BIOS_atExitFunc__I)
                  007fe8e0    00000080     mmw_dss_pe674.oe674 (.text:ti_sysbios_BIOS_registerRTSLock__I)
                  007fe960    00000080     mmw_dss_pe674.oe674 (.text:ti_sysbios_gates_GateHwi_Object__create__S)
                  007fe9e0    00000080     mmw_dss_pe674.oe674 (.text:ti_sysbios_gates_GateMutex_Object__create__S)
                  007fea60    00000080     mmw_dss_pe674.oe674 (.text:ti_sysbios_heaps_HeapMem_Object__create__S)
                  007feae0    00000080     sysbios.ae674 : BIOS.obj (.text:ti_sysbios_heaps_HeapMem_init__I)
                  007feb60    00000080     mmw_dss_pe674.oe674 (.text:ti_sysbios_knl_Clock_doTick__I)
                  007febe0    00000080     sysbios.ae674 : BIOS.obj (.text:ti_sysbios_knl_Idle_run__E)
                  007fec60    00000080     mmw_dss_pe674.oe674 (.text:ti_sysbios_knl_Semaphore_create)
                  007fece0    00000080     sysbios.ae674 : BIOS.obj (.text:ti_sysbios_knl_Swi_post__E)
                  007fed60    00000080                   : BIOS.obj (.text:ti_sysbios_knl_Swi_startup__E)
                  007fede0    00000080                   : BIOS.obj (.text:ti_sysbios_knl_Task_processVitalTaskFlag__I)
                  007fee60    00000080                   : BIOS.obj (.text:ti_sysbios_knl_Task_restore__E)
                  007feee0    00000080                   : BIOS.obj (.text:ti_sysbios_knl_Task_sleepTimeout__I)
                  007fef60    00000080     mmw_dss_pe674.oe674 (.text:ti_sysbios_rts_MemAlloc_alloc)
                  007fefe0    00000080     sysbios.ae674 : BIOS.obj (.text:ti_sysbios_timers_rti_Timer_setPeriod__E)
                  007ff060    00000080                   : BIOS.obj (.text:ti_sysbios_timers_rti_Timer_stop__E)
                  007ff0e0    00000080     rts6740_elf.lib : unlink.c.obj (.text:unlink)
                  007ff160    00000080     sysbios.ae674 : BIOS.obj (.text:xdc_runtime_System_avprintf__E)
                  007ff1e0    00000080                   : BIOS.obj (.text:xdc_runtime_System_vprintf__E)
                  007ff260    00000060     libcfarcaproc_dsp_xwr16xx.ae674 : cfarcaprocdsp.oe674 (.text:CFARCADSP_waitEDMATransComplete)
                  007ff2c0    00000060     objectdetection.oe674 (.text:DPC_ObjDetDSP_MemPoolAlloc)
                  007ff320    00000060     libdpm_xwr16xx.ae674 : dpm_listlib.oe674 (.text:DPM_listCat)
                  007ff380    00000060                          : dpm_mailbox.oe674 (.text:DPM_mboxDeinit)
                  007ff3e0    00000060                          : dpm_msg.oe674 (.text:DPM_msgInitHeader)
                  007ff440    00000060     libaoaproc_dsp_xwr16xx.ae674 : aoaprocdsp.oe674 (.text:DPU_AoAProcDSP_deinit)
                  007ff4a0    00000060                                  : aoaprocdsp.oe674 (.text:DPU_AoAProcDSP_init)
                  007ff500    00000060     libcfarcaproc_dsp_xwr16xx.ae674 : cfarcaprocdsp.oe674 (.text:DPU_CFARCAProcDSP_deinit)
                  007ff560    00000060     libdopplerproc_dsp_xwr16xx.ae674 : dopplerprocdsp.oe674 (.text:DPU_DopplerProcDSP_deinit)
                  007ff5c0    00000060                                      : dopplerprocdsp.oe674 (.text:DPU_DopplerProcDSP_waitInData)
                  007ff620    00000060                                      : dopplerprocdsp.oe674 (.text:DPU_DopplerProcDSP_waitTransDetMatrix)
                  007ff680    00000060     librangeproc_dsp_xwr16xx.ae674 : rangeprocdsp.oe674 (.text:DPU_RangeProcDSP_deinit)
                  007ff6e0    00000060                                    : rangeprocdsp.oe674 (.text:DPU_RangeProcDSP_init)
                  007ff740    00000060     libedma_xwr16xx.ae674 : edma_low_level.oe674 (.text:EDMA3ClrEvt)
                  007ff7a0    00000060                           : edma_low_level.oe674 (.text:EDMA3ClrIntr)
                  007ff800    00000060                           : edma_low_level.oe674 (.text:EDMA3ClrMissEvt)
                  007ff860    00000060                           : edma_low_level.oe674 (.text:EDMA3DisableDmaEvt)
                  007ff8c0    00000060                           : edma_low_level.oe674 (.text:EDMA3DisableEvtIntr)
                  007ff920    00000060                           : edma_low_level.oe674 (.text:EDMA3EnableDmaEvt)
                  007ff980    00000060                           : edma_low_level.oe674 (.text:EDMA3EnableEvtIntr)
                  007ff9e0    00000060                           : edma_low_level.oe674 (.text:EDMA3SetEvt)
                  007ffa40    00000060                           : edma.oe674 (.text:EDMA_configTransferControllerError)
                  007ffaa0    00000060                           : edma.oe674 (.text:EDMA_setDestinationAddress)
                  007ffb00    00000060                           : edma.oe674 (.text:EDMA_setSourceAddress)
                  007ffb60    00000060                           : edma.oe674 (.text:EDMA_validate_channelIdchannelType)
                  007ffbc0    00000060     libmailbox_xwr16xx.ae674 : mailbox.oe674 (.text:Mailbox_Config_init)
                  007ffc20    00000060     data_path.oe674 (.text:MmwDemo_edmaInit)
                  007ffc80    00000060     libsoc_xwr16xx.ae674 : soc_xwr16xx.oe674 (.text:SOC_setDSSLinkState)
                  007ffce0    00000060                          : soc.oe674 (.text:SOC_unhaltBSS)
                  007ffd40    00000060     rts6740_elf.lib : trgmsg.c.obj (.text:__TI_writemsg)
                  007ffda0    00000060                     : llshift.c.obj (.text:__c6xabi_llshru)
                  007ffe00    00000060                     : imath64.c.obj (.text:_subcull)
                  007ffe60    00000060     sysbios.ae674 : c64p_Hwi_asm_switch.obj (.text:_ti_sysbios_family_c64p_Hwi_switchAndDispatch__I)
                  007ffec0    00000060                   : c64p_Hwi_asm_switch.obj (.text:_ti_sysbios_family_xxx_Hwi_switchAndRunFunc)
                  007fff20    00000060     rts6740_elf.lib : lseek.c.obj (.text:lseek)
                  007fff80    00000060     libmmwavealg_xwr16xx.ae674 : mmwavelib_accum.oe674 (.text:mmwavelib_accum16shift)
                  007fffe0    00000020     libcfarcaproc_dsp_xwr16xx.ae674 : cfarcaprocdsp.oe674 (.text:CFARCADSP_adjustCfarCfg)

.text.2    0    00800000    00002540     
                  00800000    00000060     libmmwavealg_xwr16xx.ae674 : mmwavelib_vecsubc.oe674 (.text:mmwavelib_vecsubc)
                  00800060    00000060     librangeproc_dsp_xwr16xx.ae674 : rangeprocdsp.oe674 (.text:rangeProcDSP_WaitEDMAComplete)
                  008000c0    00000060     mmw_dss_pe674.oe674 (.text:ti_sysbios_BIOS_errorRaiseHook__I)
                  00800120    00000060     mmw_dss_pe674.oe674 (.text:ti_sysbios_BIOS_removeRTSLock__I)
                  00800180    00000060     mmw_dss_pe674.oe674 (.text:ti_sysbios_BIOS_startFunc__I)
                  008001e0    00000060     sysbios.ae674 : BIOS.obj (.text:ti_sysbios_family_c62_TaskSupport_stackUsed__E)
                  00800240    00000060                   : BIOS.obj (.text:ti_sysbios_family_c62_TaskSupport_start__E)
                  008002a0    00000060                   : BIOS.obj (.text:ti_sysbios_family_c64p_Cache_setMar__E)
                  00800300    00000060                   : BIOS.obj (.text:ti_sysbios_family_c64p_EventCombiner_Module_startup__E)
                  00800360    00000060                   : BIOS.obj (.text:ti_sysbios_family_c64p_EventCombiner_unused__E)
                  008003c0    00000060     mmw_dss_pe674.oe674 (.text:ti_sysbios_gates_GateMutex_Object__delete__S)
                  00800420    00000060     sysbios.ae674 : BIOS.obj (.text:ti_sysbios_hal_Hwi_initStack)
                  00800480    00000060                   : BIOS.obj (.text:ti_sysbios_heaps_HeapMem_free__E)
                  008004e0    00000060                   : BIOS.obj (.text:ti_sysbios_knl_Clock_Module_startup__E)
                  00800540    00000060     mmw_dss_pe674.oe674 (.text:ti_sysbios_knl_Queue_construct)
                  008005a0    00000060     mmw_dss_pe674.oe674 (.text:ti_sysbios_knl_Semaphore_Object__delete__S)
                  00800600    00000060     mmw_dss_pe674.oe674 (.text:ti_sysbios_knl_Semaphore_construct)
                  00800660    00000060     sysbios.ae674 : BIOS.obj (.text:ti_sysbios_knl_Swi_Module_startup__E)
                  008006c0    00000060                   : BIOS.obj (.text:ti_sysbios_knl_Task_enter__I)
                  00800720    00000060     rts6740_elf.lib : write.c.obj (.text:write)
                  00800780    00000060     mmw_dss_pe674.oe674 (.text:xdc_runtime_LoggerBuf_Object__delete__S)
                  008007e0    00000060     sysbios.ae674 : BIOS.obj (.text:xdc_runtime_SysStd_abort__E)
                  00800840    00000040     libsoc_xwr16xx.ae674 : soc.oe674 (.text:CSL_FEXTR)
                  00800880    00000040                          : soc_xwr16xx.oe674 (.text:CSL_FEXTR)
                  008008c0    00000040     libmailbox_xwr16xx.ae674 : mailbox.oe674 (.text:CSL_FINSR)
                  00800900    00000040     libsoc_xwr16xx.ae674 : soc.oe674 (.text:CSL_FINSR)
                  00800940    00000040                          : soc_xwr16xx.oe674 (.text:CSL_FINSR)
                  00800980    00000040                          : soc_xwr16xx_dss.oe674 (.text:CSL_FINSR)
                  008009c0    00000040     libdpm_xwr16xx.ae674 : dpm_listlib.oe674 (.text:DPM_listAdd)
                  00800a00    00000040                          : dpm_listlib.oe674 (.text:DPM_listRemove)
                  00800a40    00000040                          : dpm_mailbox.oe674 (.text:DPM_mboxMsgSend)
                  00800a80    00000040                          : dpm_msg.oe674 (.text:DPM_msgAssertHandler)
                  00800ac0    00000040                          : dpm_msg.oe674 (.text:DPM_msgBSSFaultHandler)
                  00800b00    00000040                          : dpm_msg.oe674 (.text:DPM_msgDPCInfoHandler)
                  00800b40    00000040                          : dpm_pipe.oe674 (.text:DPM_pipeDequeue)
                  00800b80    00000040     libedma_xwr16xx.ae674 : edma_low_level.oe674 (.text:EDMA3MapQdmaChToPaRAM)
                  00800bc0    00000040                           : edma_low_level.oe674 (.text:EDMA3SetPaRAM)
                  00800c00    00000040                           : edma_low_level.oe674 (.text:EDMA3SetQdmaTrigWord)
                  00800c40    00000040                           : edma.oe674 (.text:EDMA_clearTransferControllerErrors)
                  00800c80    00000040     libosal_xwr16xx.ae674 : HwiP_tirtos.oe674 (.text:HwiP_create)
                  00800cc0    00000040                           : HwiP_tirtos.oe674 (.text:HwiP_delete)
                  00800d00    00000040     libmailbox_xwr16xx.ae674 : mailbox.oe674 (.text:Mailbox_boxEmptyISRBss)
                  00800d40    00000040                              : mailbox.oe674 (.text:Mailbox_boxEmptyISRMssDss)
                  00800d80    00000040                              : mailbox.oe674 (.text:Mailbox_boxFullISRBss)
                  00800dc0    00000040     dss_main.oe674 (.text:MmwDemo_DPC_ObjectDetection_processFrameBeginCallBackFxn)
                  00800e00    00000040     dss_main.oe674 (.text:MmwDemo_DPC_ObjectDetection_processInterFrameBeginCallBackFxn)
                  00800e40    00000040     data_path.oe674 (.text:MmwDemo_EDMA_errorCallbackFxn)
                  00800e80    00000040     data_path.oe674 (.text:MmwDemo_EDMA_transferControllerErrorCallbackFxn)
                  00800ec0    00000040     libsoc_xwr16xx.ae674 : soc_xwr16xx_dss.oe674 (.text:SOC_getInAddr_LUTType)
                  00800f00    00000040                          : soc_xwr16xx_dss.oe674 (.text:SOC_getOutAddr_LUTType)
                  00800f40    00000040                          : soc_xwr16xx.oe674 (.text:SOC_isMSSOperational)
                  00800f80    00000040     rts6740_elf.lib : frcmpyd_div.c.obj (.text:__TI_frcmpyd_div)
                  00800fc0    00000040                     : strasg.asm.obj (.text:__strasgi_64plus)
                  00801000    00000040                     : args_main.c.obj (.text:_args_main)
                  00801040    00000040     sysbios.ae674 : c62_TaskSupport_asm.obj (.text:_ti_sysbios_family_c62_TaskSupport_buildTaskStack)
                  00801080    00000040     mmw_dss_pe674.oe674 (.text:free)
                  008010c0    00000040     libmathutils.ae674 : mathutils.oe674 (.text:mathUtils_floorLog2)
                  00801100    00000040     libmmwavealg_xwr16xx.ae674 : mmwavelib_vecmul.oe674 (.text:mmwavelib_vecmul16x32_anylen)
                  00801140    00000040     mmw_dss_pe674.oe674 (.text:ti_sysbios_BIOS_exitFunc__I)
                  00801180    00000040     mmw_dss_pe674.oe674 (.text:ti_sysbios_BIOS_rtsLock__I)
                  008011c0    00000040     mmw_dss_pe674.oe674 (.text:ti_sysbios_BIOS_rtsUnlock__I)
                  00801200    00000040     sysbios.ae674 : BIOS.obj (.text:ti_sysbios_family_c64p_Hwi_disableInterrupt__E)
                  00801240    00000040                   : BIOS.obj (.text:ti_sysbios_family_c64p_Hwi_enableInterrupt__E)
                  00801280    00000040     mmw_dss_pe674.oe674 (.text:ti_sysbios_gates_GateHwi_Handle__label__S)
                  008012c0    00000040     mmw_dss_pe674.oe674 (.text:ti_sysbios_gates_GateHwi_Object__delete__S)
                  00801300    00000040     mmw_dss_pe674.oe674 (.text:ti_sysbios_gates_GateMutex_Handle__label__S)
                  00801340    00000040     sysbios.ae674 : BIOS.obj (.text:ti_sysbios_gates_GateMutex_Instance_init__E)
                  00801380    00000040                   : BIOS.obj (.text:ti_sysbios_gates_GateMutex_leave__E)
                  008013c0    00000040     mmw_dss_pe674.oe674 (.text:ti_sysbios_heaps_HeapMem_Handle__label__S)
                  00801400    00000040     mmw_dss_pe674.oe674 (.text:ti_sysbios_heaps_HeapMem_Object__delete__S)
                  00801440    00000040     mmw_dss_pe674.oe674 (.text:ti_sysbios_heaps_HeapMem_Object__get__S)
                  00801480    00000040     mmw_dss_pe674.oe674 (.text:ti_sysbios_knl_Semaphore_destruct)
                  008014c0    00000040     mmw_dss_pe674.oe674 (.text:ti_sysbios_knl_Swi_Object__get__S)
                  00801500    00000040     mmw_dss_pe674.oe674 (.text:ti_sysbios_knl_Task_Object__get__S)
                  00801540    00000040     sysbios.ae674 : BIOS.obj (.text:ti_sysbios_timers_rti_Timer_periodicStub__E)
                  00801580    00000040                   : BIOS.obj (.text:xdc_runtime_Error_init__E)
                  008015c0    00000040     mmw_dss_pe674.oe674 (.text:xdc_runtime_LoggerBuf_Handle__label__S)
                  00801600    00000040     sysbios.ae674 : BIOS.obj (.text:xdc_runtime_LoggerBuf_Instance_finalize__E)
                  00801640    00000040     mmw_dss_pe674.oe674 (.text:xdc_runtime_LoggerBuf_Object__get__S)
                  00801680    00000040     sysbios.ae674 : BIOS.obj (.text:xdc_runtime_LoggerBuf_write0__E)
                  008016c0    00000040                   : BIOS.obj (.text:xdc_runtime_LoggerBuf_write1__E)
                  00801700    00000040                   : BIOS.obj (.text:xdc_runtime_LoggerBuf_write2__E)
                  00801740    00000040     mmw_dss_pe674.oe674 (.text:xdc_runtime_System_aprintf__E)
                  00801780    00000040     mmw_dss_pe674.oe674 (.text:xdc_runtime_System_printf__E)
                  008017c0    00000020     objectdetection.oe674 (.text:DPC_ObjDetDSP_GetDopplerWinGenLen)
                  008017e0    00000020     objectdetection.oe674 (.text:DPC_ObjDetDSP_GetRangeWinGenLen)
                  00801800    00000020     libdpm_xwr16xx.ae674 : dpm_core.oe674 (.text:DPM_chirpISR)
                  00801820    00000020                          : dpm_core.oe674 (.text:DPM_frameStartISR)
                  00801840    00000020                          : dpm_mailbox.oe674 (.text:DPM_mboxSynch)
                  00801860    00000020     libedma_xwr16xx.ae674 : edma_low_level.oe674 (.text:EDMA3ChannelToParamMap)
                  00801880    00000020                           : edma_low_level.oe674 (.text:EDMA3ClrCCErr)
                  008018a0    00000020                           : edma_low_level.oe674 (.text:EDMA3DisableQdmaEvt)
                  008018c0    00000020                           : edma_low_level.oe674 (.text:EDMA3EnableQdmaEvt)
                  008018e0    00000020                           : edma_low_level.oe674 (.text:EDMA3ErrIntrHighStatusGet)
                  00801900    00000020                           : edma_low_level.oe674 (.text:EDMA3GetCCErrStatus)
                  00801920    00000020                           : edma_low_level.oe674 (.text:EDMA3GetErrIntrStatus)
                  00801940    00000020                           : edma_low_level.oe674 (.text:EDMA3GetIntrStatus)
                  00801960    00000020                           : edma_low_level.oe674 (.text:EDMA3IntrStatusHighGet)
                  00801980    00000020                           : edma_low_level.oe674 (.text:EDMA3QdmaClrMissEvt)
                  008019a0    00000020                           : edma_low_level.oe674 (.text:EDMA3QdmaGetErrIntrStatus)
                  008019c0    00000020                           : edma_low_level.oe674 (.text:EDMAsetRegion)
                  008019e0    00000020     libosal_xwr16xx.ae674 : HwiP_tirtos.oe674 (.text:HwiP_Params_init)
                  00801a00    00000020                           : HwiP_tirtos.oe674 (.text:HwiP_disable)
                  00801a20    00000020                           : HwiP_tirtos.oe674 (.text:HwiP_disableInterrupt)
                  00801a40    00000020                           : HwiP_tirtos.oe674 (.text:HwiP_enableInterrupt)
                  00801a60    00000020                           : HwiP_tirtos.oe674 (.text:HwiP_restore)
                  00801a80    00000020                           : MemoryP_tirtos.oe674 (.text:MemoryP_ctrlAlloc)
                  00801aa0    00000020                           : MemoryP_tirtos.oe674 (.text:MemoryP_ctrlFree)
                  00801ac0    00000020                           : MemoryP_tirtos.oe674 (.text:MemoryP_getStats)
                  00801ae0    00000020     dss_main.oe674 (.text:MmwDemo_sleep)
                  00801b00    00000020     libsoc_xwr16xx.ae674 : soc_xwr16xx.oe674 (.text:SOC_ungateClock)
                  00801b20    00000020     libosal_xwr16xx.ae674 : SemaphoreP_tirtos.oe674 (.text:SemaphoreP_Params_init)
                  00801b40    00000020                           : SemaphoreP_tirtos.oe674 (.text:SemaphoreP_delete)
                  00801b60    00000020                           : SemaphoreP_tirtos.oe674 (.text:SemaphoreP_pend)
                  00801b80    00000020                           : SemaphoreP_tirtos.oe674 (.text:SemaphoreP_post)
                  00801ba0    00000020                           : DebugP_tirtos.oe674 (.text:_DebugP_assert)
                  00801bc0    00000020     rts6740_elf.lib : errno.c.obj (.text:__c6xabi_errno_addr)
                  00801be0    00000020                     : trunc.c.obj (.text:__c6xabi_trunc)
                  00801c00    00000020                     : push.asm.obj (.text:__pop_rts)
                  00801c20    00000020                     : push.asm.obj (.text:__push_rts)
                  00801c40    00000020                     : _lock.c.obj (.text:_nop)
                  00801c60    00000020                     : _lock.c.obj (.text:_register_lock)
                  00801c80    00000020                     : _lock.c.obj (.text:_register_unlock)
                  00801ca0    00000020     sysbios.ae674 : c62_TaskSupport_asm.obj (.text:_ti_sysbios_family_c62_TaskSupport_glue)
                  00801cc0    00000020     rts6740_elf.lib : exit.c.obj (.text:abort)
                  00801ce0    00000020     libmathutils.ae674 : mathutils.oe674 (.text:mathUtils_ceilLog2)
                  00801d00    00000020     rts6740_elf.lib : fputc.c.obj (.text:putchar)
                  00801d20    00000020     mmw_dss_pe674.oe674 (.text:ti_sysbios_BIOS_RtsGateProxy_enter__E)
                  00801d40    00000020     mmw_dss_pe674.oe674 (.text:ti_sysbios_BIOS_RtsGateProxy_leave__E)
                  00801d60    00000020     sysbios.ae674 : BIOS.obj (.text:ti_sysbios_BIOS_getCpuFreq__E)
                  00801d80    00000020                   : BIOS.obj (.text:ti_sysbios_BIOS_linkedWithIncorrectBootLibrary__E)
                  00801da0    00000020     mmw_dss_pe674.oe674 (.text:ti_sysbios_BIOS_nullFunc__I)
                  00801dc0    00000020     sysbios.ae674 : BIOS.obj (.text:ti_sysbios_BIOS_setThreadType__E)
                  00801de0    00000020                   : BIOS.obj (.text:ti_sysbios_BIOS_start__E)
                  00801e00    00000020     mmw_dss_pe674.oe674 (.text:ti_sysbios_family_c62_TaskSupport_Module__startupDone__S)
                  00801e20    00000020     sysbios.ae674 : BIOS.obj (.text:ti_sysbios_family_c62_TaskSupport_checkStack__E)
                  00801e40    00000020                   : BIOS.obj (.text:ti_sysbios_family_c62_TaskSupport_getStackAlignment__E)
                  00801e60    00000020     mmw_dss_pe674.oe674 (.text:ti_sysbios_family_c64p_Hwi_Module__startupDone__F)
                  00801e80    00000020     sysbios.ae674 : BIOS.obj (.text:ti_sysbios_family_c64p_Hwi_clearInterrupt__E)
                  00801ea0    00000020                   : BIOS.obj (.text:ti_sysbios_family_c64p_Hwi_startup__E)
                  00801ec0    00000020                   : BIOS.obj (.text:ti_sysbios_family_c64p_Hwi_switchFromBootStack__E)
                  00801ee0    00000020                   : BIOS.obj (.text:ti_sysbios_family_c64p_TimestampProvider_Module_startup__E)
                  00801f00    00000020                   : BIOS.obj (.text:ti_sysbios_family_c64p_TimestampProvider_get32__E)
                  00801f20    00000020                   : BIOS.obj (.text:ti_sysbios_family_c64p_TimestampProvider_get64__E)
                  00801f40    00000020                   : BIOS.obj (.text:ti_sysbios_gates_GateHwi_Instance_init__E)
                  00801f60    00000020                   : BIOS.obj (.text:ti_sysbios_gates_GateHwi_enter__E)
                  00801f80    00000020                   : BIOS.obj (.text:ti_sysbios_gates_GateHwi_leave__E)
                  00801fa0    00000020                   : BIOS.obj (.text:ti_sysbios_gates_GateHwi_query__E)
                  00801fc0    00000020                   : BIOS.obj (.text:ti_sysbios_gates_GateMutex_Instance_finalize__E)
                  00801fe0    00000020                   : BIOS.obj (.text:ti_sysbios_gates_GateMutex_query__E)
                  00802000    00000020                   : BIOS.obj (.text:ti_sysbios_hal_Hwi_Module_startup__E)
                  00802020    00000020     mmw_dss_pe674.oe674 (.text:ti_sysbios_heaps_HeapBuf_Object__get__S)
                  00802040    00000020     mmw_dss_pe674.oe674 (.text:ti_sysbios_heaps_HeapMem_Module_GateProxy_enter__E)
                  00802060    00000020     mmw_dss_pe674.oe674 (.text:ti_sysbios_heaps_HeapMem_Module_GateProxy_leave__E)
                  00802080    00000020     sysbios.ae674 : BIOS.obj (.text:ti_sysbios_heaps_HeapMem_isBlocking__E)
                  008020a0    00000020     mmw_dss_pe674.oe674 (.text:ti_sysbios_knl_Clock_TimerProxy_getMaxTicks__E)
                  008020c0    00000020     sysbios.ae674 : BIOS.obj (.text:ti_sysbios_knl_Clock_logTick__E)
                  008020e0    00000020                   : BIOS.obj (.text:ti_sysbios_knl_Idle_loop__E)
                  00802100    00000020                   : BIOS.obj (.text:ti_sysbios_knl_Queue_Instance_init__E)
                  00802120    00000020     mmw_dss_pe674.oe674 (.text:ti_sysbios_knl_Queue_Object__get__S)
                  00802140    00000020     mmw_dss_pe674.oe674 (.text:ti_sysbios_knl_Queue_destruct)
                  00802160    00000020     sysbios.ae674 : BIOS.obj (.text:ti_sysbios_knl_Queue_empty__E)
                  00802180    00000020                   : BIOS.obj (.text:ti_sysbios_knl_Semaphore_Instance_finalize__E)
                  008021a0    00000020     mmw_dss_pe674.oe674 (.text:ti_sysbios_knl_Semaphore_Params__init__S)
                  008021c0    00000020     mmw_dss_pe674.oe674 (.text:ti_sysbios_knl_Semaphore_delete)
                  008021e0    00000020     sysbios.ae674 : BIOS.obj (.text:ti_sysbios_knl_Swi_disable__E)
                  00802200    00000020     mmw_dss_pe674.oe674 (.text:ti_sysbios_knl_Task_Params__init__S)
                  00802220    00000020     sysbios.ae674 : BIOS.obj (.text:ti_sysbios_knl_Task_disable__E)
                  00802240    00000020                   : BIOS.obj (.text:ti_sysbios_knl_Task_startup__E)
                  00802260    00000020     mmw_dss_pe674.oe674 (.text:ti_sysbios_timers_rti_Timer_Module__startupDone__F)
                  00802280    00000020     sysbios.ae674 : BIOS.obj (.text:ti_sysbios_timers_rti_Timer_getMaxTicks__E)
                  008022a0    00000020                   : BIOS.obj (.text:ti_sysbios_utils_Load_getCPULoad__E)
                  008022c0    00000020                   : BIOS.obj (.text:ti_sysbios_utils_Load_taskRegHook__E)
                  008022e0    00000020     mmw_dss_pe674.oe674 (.text:xdc_runtime_IHeap_alloc)
                  00802300    00000020     mmw_dss_pe674.oe674 (.text:xdc_runtime_IHeap_free)
                  00802320    00000020     mmw_dss_pe674.oe674 (.text:xdc_runtime_IHeap_getStats)
                  00802340    00000020     mmw_dss_pe674.oe674 (.text:xdc_runtime_LoggerBuf_Module_GateProxy_enter__E)
                  00802360    00000020     mmw_dss_pe674.oe674 (.text:xdc_runtime_LoggerBuf_Module_GateProxy_leave__E)
                  00802380    00000020     sysbios.ae674 : BIOS.obj (.text:xdc_runtime_LoggerBuf_disable__E)
                  008023a0    00000020                   : BIOS.obj (.text:xdc_runtime_LoggerBuf_enable__E)
                  008023c0    00000020                   : BIOS.obj (.text:xdc_runtime_Memory_free__E)
                  008023e0    00000020                   : BIOS.obj (.text:xdc_runtime_Memory_getStats__E)
                  00802400    00000020     mmw_dss_pe674.oe674 (.text:xdc_runtime_Startup_exec__I)
                  00802420    00000020     mmw_dss_pe674.oe674 (.text:xdc_runtime_Startup_reset__I)
                  00802440    00000020     sysbios.ae674 : BIOS.obj (.text:xdc_runtime_Startup_rtsDone__E)
                  00802460    00000020                   : BIOS.obj (.text:xdc_runtime_SysStd_exit__E)
                  00802480    00000020                   : BIOS.obj (.text:xdc_runtime_SysStd_putch__E)
                  008024a0    00000020                   : BIOS.obj (.text:xdc_runtime_SysStd_ready__E)
                  008024c0    00000020     mmw_dss_pe674.oe674 (.text:xdc_runtime_System_Module_GateProxy_enter__E)
                  008024e0    00000020     mmw_dss_pe674.oe674 (.text:xdc_runtime_System_Module_GateProxy_leave__E)
                  00802500    00000020     sysbios.ae674 : BIOS.obj (.text:xdc_runtime_System_Module_startup__E)
                  00802520    00000020     mmw_dss_pe674.oe674 (.text:xdc_runtime_Text_visitRope__I)

.const.1   0    00802540    00000ac0     
                  00802540    00000800     libmmwavealg_xwr16xx.ae674 : mmwavelib_ffttwiddle_gen.oe674 (.const:mmwavelib_twiddleTableCommon)
                  00802d40    000000e0     mmw_dss_pe674.oe674 (.const:xdc_runtime_Text_nodeTab__A)
                  00802e20    00000074     mmw_dss_pe674.oe674 (.const:.string)
                  00802e94    00000004     mmw_dss_pe674.oe674 (.const:ti_sysbios_family_c62_TaskSupport_stackAlignment__C)
                  00802e98    00000070     libmmwavealg_xwr16xx.ae674 : mmwavelib_ffttwiddle_gen.oe674 (.const:mmwavelib_twiddleTableLargeFFTSize)
                  00802f08    00000058     libedma_xwr16xx.ae674 : edma.oe674 (.const:.string)
                  00802f60    0000004c     libmailbox_xwr16xx.ae674 : mailbox.oe674 (.const:.string)
                  00802fac    00000044     mmw_dss_pe674.oe674 (.const:ti_sysbios_knl_Task_Object__PARAMS__C)
                  00802ff0    00000010     data_path.oe674 (.const:.string)

.dpc_l2Heap 
*          0    00803000    00009400     UNINITIALIZED
                  00803000    00009400     dss_main.oe674 (.dpc_l2Heap)

systemHeap 
*          0    0080c400    00008000     UNINITIALIZED
                  0080c400    00008000     mmw_dss_pe674.oe674 (systemHeap)

.const.2   0    00814400    00002a34     
                  00814400    00001a59     mmw_dss_pe674.oe674 (.const:xdc_runtime_Text_charTab__A)
                  00815e59    00000001     --HOLE-- [fill = 0]
                  00815e5a    00000002     mmw_dss_pe674.oe674 (.const:ti_sysbios_family_c64p_Cache_Module__id__C)
                  00815e5c    00000630     sysbios.ae674 : BIOS.obj (.const:.string)
                  0081648c    000002e4     dss_main.oe674 (.const:.string)
                  00816770    00000040     libmmwavealg_xwr16xx.ae674 : mmwavelib_log2abs.oe674 (.const:.string:c_Log2LookUp)
                  008167b0    0000003c     libsoc_xwr16xx.ae674 : soc_xwr16xx_dss.oe674 (.const:.string)
                  008167ec    0000003c     mmw_dss_pe674.oe674 (.const:xdc_runtime_LoggerBuf_Module__FXNS__C)
                  00816828    00000038     libedma_xwr16xx.ae674 : edma_xwr1xxx.oe674 (.const:gEdmaHwAttrs)
                  00816860    00000034     mmw_dss_pe674.oe674 (.const:xdc_runtime_Startup_sfxnTab__A)
                  00816894    00000004     mmw_dss_pe674.oe674 (.const:ti_sysbios_family_c64p_Cache_E_invalidL1CacheSize__C)
                  00816898    00000028     libdpm_xwr16xx.ae674 : dpm_msg.oe674 (.const:gDPMMessageFxnTable)
                  008168c0    00000028     mmw_dss_pe674.oe674 (.const:ti_sysbios_heaps_HeapMem_Module__FXNS__C)
                  008168e8    00000028     mmw_dss_pe674.oe674 (.const:xdc_runtime_LoggerBuf_Object__PARAMS__C)
                  00816910    00000024     libmailbox_xwr16xx.ae674 : mailbox.oe674 (.const:Mailbox_defaultCfg)
                  00816934    00000004     mmw_dss_pe674.oe674 (.const:ti_sysbios_family_c64p_Cache_E_invalidL2CacheSize__C)
                  00816938    00000024     libmmwavealg_xwr16xx.ae674 : mmwavelib_dftsinglebin.oe674 (.const:mmwavelib_dftHalfBinExpValue)
                  0081695c    00000024     mmw_dss_pe674.oe674 (.const:ti_sysbios_gates_GateHwi_Module__FXNS__C)
                  00816980    00000024     mmw_dss_pe674.oe674 (.const:ti_sysbios_gates_GateMutex_Module__FXNS__C)
                  008169a4    00000024     mmw_dss_pe674.oe674 (.const:ti_sysbios_heaps_HeapMem_Object__PARAMS__C)
                  008169c8    00000024     mmw_dss_pe674.oe674 (.const:ti_sysbios_knl_Semaphore_Object__PARAMS__C)
                  008169ec    00000020     libosal_xwr16xx.ae674 : SemaphoreP_tirtos.oe674 (.const:.string)
                  00816a0c    00000020     mmw_dss_pe674.oe674 (.const:ti_sysbios_gates_GateHwi_Object__DESC__C)
                  00816a2c    00000020     mmw_dss_pe674.oe674 (.const:ti_sysbios_gates_GateMutex_Object__DESC__C)
                  00816a4c    00000020     mmw_dss_pe674.oe674 (.const:ti_sysbios_heaps_HeapMem_Object__DESC__C)
                  00816a6c    00000020     mmw_dss_pe674.oe674 (.const:ti_sysbios_knl_Queue_Object__DESC__C)
                  00816a8c    00000020     mmw_dss_pe674.oe674 (.const:ti_sysbios_knl_Semaphore_Object__DESC__C)
                  00816aac    00000020     mmw_dss_pe674.oe674 (.const:ti_sysbios_knl_Task_Object__DESC__C)
                  00816acc    00000020     mmw_dss_pe674.oe674 (.const:xdc_runtime_LoggerBuf_Object__DESC__C)
                  00816aec    0000001c     libosal_xwr16xx.ae674 : HwiP_tirtos.oe674 (.const:.string)
                  00816b08    0000001a     mmw_dss_pe674.oe674 (.const:xdc_runtime_Startup_sfxnRts__A)
                  00816b22    00000002     mmw_dss_pe674.oe674 (.const:ti_sysbios_family_c64p_EventCombiner_Module__id__C)
                  00816b24    00000018     objectdetection.oe674 (.const:.string)
                  00816b3c    00000018     mmw_dss_pe674.oe674 (.const:ti_sysbios_gates_GateHwi_Object__PARAMS__C)
                  00816b54    00000018     mmw_dss_pe674.oe674 (.const:ti_sysbios_gates_GateMutex_Object__PARAMS__C)
                  00816b6c    00000018     mmw_dss_pe674.oe674 (.const:ti_sysbios_knl_Queue_Object__PARAMS__C)
                  00816b84    00000004     mmw_dss_pe674.oe674 (.const:ti_sysbios_family_c64p_Cache_MAR0_31__C)
                  00816b88    00000018     mmw_dss_pe674.oe674 (.const:ti_sysbios_knl_Task_hooks__A)
                  00816ba0    00000014     libdpm_xwr16xx.ae674 : dpm_mailbox.oe674 (.const:.string)
                  00816bb4    00000010                          : dpm_core.oe674 (.const:.string)
                  00816bc4    00000010                          : dpm_msg.oe674 (.const:.string)
                  00816bd4    00000010                          : dpm_pipe.oe674 (.const:.string)
                  00816be4    00000004     mmw_dss_pe674.oe674 (.const:ti_sysbios_family_c64p_Cache_MAR128_159__C)
                  00816be8    00000010     libedma_xwr16xx.ae674 : edma.oe674 (.const:EDMA_config$1)
                  00816bf8    00000010     mmw_dss_pe674.oe674 (.const:ti_sysbios_family_c64p_EventCombiner_EVTMASK__C)
                  00816c08    0000000c     libmmwavealg_xwr16xx.ae674 : mmwavelib_ffttwiddle_gen.oe674 (.const:$P$T1$2)
                  00816c14    00000004     mmw_dss_pe674.oe674 (.const:ti_sysbios_family_c64p_Cache_MAR160_191__C)
                  00816c18    0000000c     mmw_dss_pe674.oe674 (.const:ti_sysbios_knl_Idle_funcList__A)
                  00816c24    00000008     mmw_dss_pe674.oe674 (.const:ti_sysbios_knl_Idle_funcList__C)
                  00816c2c    00000008     mmw_dss_pe674.oe674 (.const:ti_sysbios_knl_Task_hooks__C)
                  00816c34    00000004     mmw_dss_pe674.oe674 (.const:ti_sysbios_family_c64p_Cache_MAR192_223__C)
                  00816c38    00000008     mmw_dss_pe674.oe674 (.const:xdc_runtime_Startup_firstFxns__A)
                  00816c40    00000008     mmw_dss_pe674.oe674 (.const:xdc_runtime_Startup_firstFxns__C)
                  00816c48    00000008     mmw_dss_pe674.oe674 (.const:xdc_runtime_Startup_lastFxns__C)
                  00816c50    00000004     mmw_dss_pe674.oe674 (.const:ti_sysbios_family_c64p_Cache_MAR224_255__C)
                  00816c54    00000004     mmw_dss_pe674.oe674 (.const:ti_sysbios_family_c64p_Cache_MAR32_63__C)
                  00816c58    00000004     mmw_dss_pe674.oe674 (.const:ti_sysbios_family_c64p_Cache_MAR64_95__C)
                  00816c5c    00000004     mmw_dss_pe674.oe674 (.const:ti_sysbios_family_c64p_Cache_MAR96_127__C)
                  00816c60    00000004     mmw_dss_pe674.oe674 (.const:ti_sysbios_family_c64p_EventCombiner_A_invalidEventId__C)
                  00816c64    00000004     mmw_dss_pe674.oe674 (.const:ti_sysbios_family_c64p_EventCombiner_EVTRegs__C)
                  00816c68    00000004     mmw_dss_pe674.oe674 (.const:ti_sysbios_family_c64p_EventCombiner_E_unpluggedEvent__C)
                  00816c6c    00000004     mmw_dss_pe674.oe674 (.const:ti_sysbios_family_c64p_EventCombiner_Module__diagsEnabled__C)
                  00816c70    00000004     mmw_dss_pe674.oe674 (.const:ti_sysbios_family_c64p_EventCombiner_Module__diagsIncluded__C)
                  00816c74    00000004     mmw_dss_pe674.oe674 (.const:ti_sysbios_family_c64p_EventCombiner_Module__diagsMask__C)
                  00816c78    00000004     mmw_dss_pe674.oe674 (.const:ti_sysbios_family_c64p_Exception_E_exceptionMax__C)
                  00816c7c    00000004     mmw_dss_pe674.oe674 (.const:ti_sysbios_family_c64p_Exception_exceptionHook__C)
                  00816c80    00000004     mmw_dss_pe674.oe674 (.const:ti_sysbios_family_c64p_Exception_externalHook__C)
                  00816c84    00000004     mmw_dss_pe674.oe674 (.const:ti_sysbios_family_c64p_Exception_internalHook__C)
                  00816c88    00000004     mmw_dss_pe674.oe674 (.const:ti_sysbios_family_c64p_Exception_nmiHook__C)
                  00816c8c    00000004     mmw_dss_pe674.oe674 (.const:ti_sysbios_family_c64p_Hwi_INTRMUX1Address__C)
                  00816c90    00000004     mmw_dss_pe674.oe674 (.const:ti_sysbios_gates_GateMutex_A_badContext__C)
                  00816c94    00000004     mmw_dss_pe674.oe674 (.const:ti_sysbios_gates_GateMutex_Instance_State_sem__O)
                  00816c98    00000004     mmw_dss_pe674.oe674 (.const:ti_sysbios_gates_GateMutex_Module__diagsEnabled__C)
                  00816c9c    00000004     mmw_dss_pe674.oe674 (.const:ti_sysbios_gates_GateMutex_Module__diagsIncluded__C)
                  00816ca0    00000004     mmw_dss_pe674.oe674 (.const:ti_sysbios_gates_GateMutex_Module__diagsMask__C)
                  00816ca4    00000004     mmw_dss_pe674.oe674 (.const:ti_sysbios_hal_Hwi_E_stackOverflow__C)
                  00816ca8    00000004     mmw_dss_pe674.oe674 (.const:ti_sysbios_heaps_HeapBuf_Instance_State_freeList__O)
                  00816cac    00000004     mmw_dss_pe674.oe674 (.const:ti_sysbios_heaps_HeapBuf_Object__count__C)
                  00816cb0    00000004     mmw_dss_pe674.oe674 (.const:ti_sysbios_heaps_HeapBuf_numConstructedHeaps__C)
                  00816cb4    00000004     mmw_dss_pe674.oe674 (.const:ti_sysbios_heaps_HeapMem_A_align__C)
                  00816cb8    00000004     mmw_dss_pe674.oe674 (.const:ti_sysbios_heaps_HeapMem_A_heapSize__C)
                  00816cbc    00000004     mmw_dss_pe674.oe674 (.const:ti_sysbios_heaps_HeapMem_A_invalidFree__C)
                  00816cc0    00000004     mmw_dss_pe674.oe674 (.const:ti_sysbios_heaps_HeapMem_A_zeroBlock__C)
                  00816cc4    00000004     mmw_dss_pe674.oe674 (.const:ti_sysbios_heaps_HeapMem_E_memory__C)
                  00816cc8    00000004     mmw_dss_pe674.oe674 (.const:ti_sysbios_heaps_HeapMem_Module__diagsEnabled__C)
                  00816ccc    00000004     mmw_dss_pe674.oe674 (.const:ti_sysbios_heaps_HeapMem_Module__diagsIncluded__C)
                  00816cd0    00000004     mmw_dss_pe674.oe674 (.const:ti_sysbios_heaps_HeapMem_Module__diagsMask__C)
                  00816cd4    00000004     mmw_dss_pe674.oe674 (.const:ti_sysbios_heaps_HeapMem_Module__gateObj__C)
                  00816cd8    00000004     mmw_dss_pe674.oe674 (.const:ti_sysbios_heaps_HeapMem_Object__count__C)
                  00816cdc    00000004     mmw_dss_pe674.oe674 (.const:ti_sysbios_heaps_HeapMem_reqAlign__C)
                  00816ce0    00000004     mmw_dss_pe674.oe674 (.const:ti_sysbios_knl_Clock_Module_State_clockQ__O)
                  00816ce4    00000004     mmw_dss_pe674.oe674 (.const:ti_sysbios_knl_Semaphore_A_badContext__C)
                  00816ce8    00000004     mmw_dss_pe674.oe674 (.const:ti_sysbios_knl_Semaphore_A_noEvents__C)
                  00816cec    00000004     mmw_dss_pe674.oe674 (.const:ti_sysbios_knl_Semaphore_A_overflow__C)
                  00816cf0    00000004     mmw_dss_pe674.oe674 (.const:ti_sysbios_knl_Semaphore_A_pendTaskDisabled__C)
                  00816cf4    00000004     mmw_dss_pe674.oe674 (.const:ti_sysbios_knl_Semaphore_Instance_State_pendQ__O)
                  00816cf8    00000004     mmw_dss_pe674.oe674 (.const:ti_sysbios_knl_Semaphore_Module__diagsEnabled__C)
                  00816cfc    00000004     mmw_dss_pe674.oe674 (.const:ti_sysbios_knl_Semaphore_Module__diagsIncluded__C)
                  00816d00    00000004     mmw_dss_pe674.oe674 (.const:ti_sysbios_knl_Semaphore_Module__diagsMask__C)
                  00816d04    00000004     mmw_dss_pe674.oe674 (.const:ti_sysbios_knl_Swi_Object__count__C)
                  00816d08    00000004     mmw_dss_pe674.oe674 (.const:ti_sysbios_knl_Task_A_badPriority__C)
                  00816d0c    00000004     mmw_dss_pe674.oe674 (.const:ti_sysbios_knl_Task_A_badTaskState__C)
                  00816d10    00000004     mmw_dss_pe674.oe674 (.const:ti_sysbios_knl_Task_A_badThreadType__C)
                  00816d14    00000004     mmw_dss_pe674.oe674 (.const:ti_sysbios_knl_Task_A_badTimeout__C)
                  00816d18    00000004     mmw_dss_pe674.oe674 (.const:ti_sysbios_knl_Task_A_noPendElem__C)
                  00816d1c    00000004     mmw_dss_pe674.oe674 (.const:ti_sysbios_knl_Task_A_sleepTaskDisabled__C)
                  00816d20    00000004     mmw_dss_pe674.oe674 (.const:ti_sysbios_knl_Task_E_spOutOfBounds__C)
                  00816d24    00000004     mmw_dss_pe674.oe674 (.const:ti_sysbios_knl_Task_E_stackOverflow__C)
                  00816d28    00000004     mmw_dss_pe674.oe674 (.const:ti_sysbios_knl_Task_Module_State_inactiveQ__O)
                  00816d2c    00000004     mmw_dss_pe674.oe674 (.const:ti_sysbios_knl_Task_Module__diagsEnabled__C)
                  00816d30    00000004     mmw_dss_pe674.oe674 (.const:ti_sysbios_knl_Task_Module__diagsIncluded__C)
                  00816d34    00000004     mmw_dss_pe674.oe674 (.const:ti_sysbios_knl_Task_Module__diagsMask__C)
                  00816d38    00000004     mmw_dss_pe674.oe674 (.const:ti_sysbios_knl_Task_Object__count__C)
                  00816d3c    00000004     mmw_dss_pe674.oe674 (.const:ti_sysbios_knl_Task_Object__heap__C)
                  00816d40    00000004     mmw_dss_pe674.oe674 (.const:ti_sysbios_knl_Task_allBlockedFunc__C)
                  00816d44    00000004     mmw_dss_pe674.oe674 (.const:ti_sysbios_knl_Task_defaultStackHeap__C)
                  00816d48    00000004     mmw_dss_pe674.oe674 (.const:ti_sysbios_knl_Task_defaultStackSize__C)
                  00816d4c    00000004     mmw_dss_pe674.oe674 (.const:ti_sysbios_knl_Task_numConstructedTasks__C)
                  00816d50    00000004     mmw_dss_pe674.oe674 (.const:ti_sysbios_timers_rti_Timer_E_cannotSupport__C)
                  00816d54    00000004     mmw_dss_pe674.oe674 (.const:ti_sysbios_timers_rti_Timer_Module__diagsEnabled__C)
                  00816d58    00000004     mmw_dss_pe674.oe674 (.const:ti_sysbios_timers_rti_Timer_Module__diagsIncluded__C)
                  00816d5c    00000004     mmw_dss_pe674.oe674 (.const:ti_sysbios_timers_rti_Timer_Module__diagsMask__C)
                  00816d60    00000004     mmw_dss_pe674.oe674 (.const:ti_sysbios_timers_rti_Timer_numTimerDevices__C)
                  00816d64    00000004     mmw_dss_pe674.oe674 (.const:ti_sysbios_timers_rti_Timer_startupNeeded__C)
                  00816d68    00000004     mmw_dss_pe674.oe674 (.const:ti_sysbios_utils_Load_Module_State_taskList__O)
                  00816d6c    00000004     mmw_dss_pe674.oe674 (.const:ti_sysbios_utils_Load_Module__diagsEnabled__C)
                  00816d70    00000004     mmw_dss_pe674.oe674 (.const:ti_sysbios_utils_Load_Module__diagsIncluded__C)
                  00816d74    00000004     mmw_dss_pe674.oe674 (.const:ti_sysbios_utils_Load_Module__diagsMask__C)
                  00816d78    00000004     mmw_dss_pe674.oe674 (.const:ti_sysbios_utils_Load_postUpdate__C)
                  00816d7c    00000004     mmw_dss_pe674.oe674 (.const:ti_sysbios_utils_Load_windowInMs__C)
                  00816d80    00000004     mmw_dss_pe674.oe674 (.const:xdc_runtime_Assert_E_assertFailed__C)
                  00816d84    00000004     mmw_dss_pe674.oe674 (.const:xdc_runtime_Core_A_initializedParams__C)
                  00816d88    00000004     mmw_dss_pe674.oe674 (.const:xdc_runtime_Core_Module__diagsEnabled__C)
                  00816d8c    00000004     mmw_dss_pe674.oe674 (.const:xdc_runtime_Core_Module__diagsIncluded__C)
                  00816d90    00000004     mmw_dss_pe674.oe674 (.const:xdc_runtime_Core_Module__diagsMask__C)
                  00816d94    00000004     mmw_dss_pe674.oe674 (.const:xdc_runtime_Error_E_memory__C)
                  00816d98    00000004     mmw_dss_pe674.oe674 (.const:xdc_runtime_Error_policyFxn__C)
                  00816d9c    00000004     mmw_dss_pe674.oe674 (.const:xdc_runtime_Error_policy__C)
                  00816da0    00000004     mmw_dss_pe674.oe674 (.const:xdc_runtime_Error_raiseHook__C)
                  00816da4    00000004     mmw_dss_pe674.oe674 (.const:xdc_runtime_IFilterLogger_Interface__BASE__C)
                  00816da8    00000004     mmw_dss_pe674.oe674 (.const:xdc_runtime_IGateProvider_Interface__BASE__C)
                  00816dac    00000004     mmw_dss_pe674.oe674 (.const:xdc_runtime_IHeap_Interface__BASE__C)
                  00816db0    00000004     mmw_dss_pe674.oe674 (.const:xdc_runtime_ILogger_Interface__BASE__C)
                  00816db4    00000004     mmw_dss_pe674.oe674 (.const:xdc_runtime_IModule_Interface__BASE__C)
                  00816db8    00000004     mmw_dss_pe674.oe674 (.const:xdc_runtime_LoggerBuf_E_badLevel__C)
                  00816dbc    00000004     mmw_dss_pe674.oe674 (.const:xdc_runtime_LoggerBuf_Module__gateObj__C)
                  00816dc0    00000004     mmw_dss_pe674.oe674 (.const:xdc_runtime_LoggerBuf_Object__count__C)
                  00816dc4    00000004     mmw_dss_pe674.oe674 (.const:xdc_runtime_LoggerBuf_statusLogger__C)
                  00816dc8    00000004     mmw_dss_pe674.oe674 (.const:xdc_runtime_Memory_defaultHeapInstance__C)
                  00816dcc    00000004     mmw_dss_pe674.oe674 (.const:xdc_runtime_Startup_execImpl__C)
                  00816dd0    00000004     mmw_dss_pe674.oe674 (.const:xdc_runtime_Startup_maxPasses__C)
                  00816dd4    00000004     mmw_dss_pe674.oe674 (.const:xdc_runtime_Startup_sfxnRts__C)
                  00816dd8    00000004     mmw_dss_pe674.oe674 (.const:xdc_runtime_Startup_sfxnTab__C)
                  00816ddc    00000004     mmw_dss_pe674.oe674 (.const:xdc_runtime_System_Module__gateObj__C)
                  00816de0    00000004     mmw_dss_pe674.oe674 (.const:xdc_runtime_System_abortFxn__C)
                  00816de4    00000004     mmw_dss_pe674.oe674 (.const:xdc_runtime_System_exitFxn__C)
                  00816de8    00000004     mmw_dss_pe674.oe674 (.const:xdc_runtime_System_extendFxn__C)
                  00816dec    00000004     mmw_dss_pe674.oe674 (.const:xdc_runtime_System_maxAtexitHandlers__C)
                  00816df0    00000004     mmw_dss_pe674.oe674 (.const:xdc_runtime_Text_charTab__C)
                  00816df4    00000004     mmw_dss_pe674.oe674 (.const:xdc_runtime_Text_nameEmpty__C)
                  00816df8    00000004     mmw_dss_pe674.oe674 (.const:xdc_runtime_Text_nameStatic__C)
                  00816dfc    00000004     mmw_dss_pe674.oe674 (.const:xdc_runtime_Text_nameUnknown__C)
                  00816e00    00000004     mmw_dss_pe674.oe674 (.const:xdc_runtime_Text_nodeTab__C)
                  00816e04    00000004     mmw_dss_pe674.oe674 (.const:xdc_runtime_Text_visitRopeFxn__C)
                  00816e08    00000002     mmw_dss_pe674.oe674 (.const:ti_sysbios_family_c64p_Exception_Module__id__C)
                  00816e0a    00000002     mmw_dss_pe674.oe674 (.const:ti_sysbios_family_c64p_Exception_useInternalBuffer__C)
                  00816e0c    00000002     mmw_dss_pe674.oe674 (.const:ti_sysbios_gates_GateMutex_Module__id__C)
[...]
00802500  xdc_runtime_System_Module_startup__E                         
00802520  xdc_runtime_Text_visitRope__I                                
00802540  mmwavelib_twiddleTableCommon                                 
00802d40  xdc_runtime_Text_nodeTab__A                                  
00802e94  ti_sysbios_family_c62_TaskSupport_stackAlignment__C          
00802e98  mmwavelib_twiddleTableLargeFFTSize                           
00802fac  ti_sysbios_knl_Task_Object__PARAMS__C                        
00803000  gDPC_ObjDetL2Heap                                            
0080c400  ti_sysbios_heaps_HeapMem_Instance_State_0_buf__A             
00814400  xdc_runtime_Text_charTab__A                                  
00815e5a  ti_sysbios_family_c64p_Cache_Module__id__C                   
008167ec  xdc_runtime_LoggerBuf_Module__FXNS__C                        
00816828  gEdmaHwAttrs                                                 
00816860  xdc_runtime_Startup_sfxnTab__A                               
00816894  ti_sysbios_family_c64p_Cache_E_invalidL1CacheSize__C         
00816898  gDPMMessageFxnTable                                          
008168c0  ti_sysbios_heaps_HeapMem_Module__FXNS__C                     
008168e8  xdc_runtime_LoggerBuf_Object__PARAMS__C                      
00816910  Mailbox_defaultCfg                                           
00816934  ti_sysbios_family_c64p_Cache_E_invalidL2CacheSize__C         
00816938  mmwavelib_dftHalfBinExpValue                                 
0081695c  ti_sysbios_gates_GateHwi_Module__FXNS__C                     
00816980  ti_sysbios_gates_GateMutex_Module__FXNS__C                   
008169a4  ti_sysbios_heaps_HeapMem_Object__PARAMS__C                   
008169c8  ti_sysbios_knl_Semaphore_Object__PARAMS__C                   
00816a0c  ti_sysbios_gates_GateHwi_Object__DESC__C                     
00816a2c  ti_sysbios_gates_GateMutex_Object__DESC__C                   
00816a4c  ti_sysbios_heaps_HeapMem_Object__DESC__C                     
00816a6c  ti_sysbios_knl_Queue_Object__DESC__C                         
00816a8c  ti_sysbios_knl_Semaphore_Object__DESC__C                     
00816aac  ti_sysbios_knl_Task_Object__DESC__C                          
00816acc  xdc_runtime_LoggerBuf_Object__DESC__C                        
00816b08  xdc_runtime_Startup_sfxnRts__A                               
00816b22  ti_sysbios_family_c64p_EventCombiner_Module__id__C           
00816b3c  ti_sysbios_gates_GateHwi_Object__PARAMS__C                   
00816b54  ti_sysbios_gates_GateMutex_Object__PARAMS__C                 
00816b6c  ti_sysbios_knl_Queue_Object__PARAMS__C                       
00816b84  ti_sysbios_family_c64p_Cache_MAR0_31__C                      
00816b88  ti_sysbios_knl_Task_hooks__A                                 
00816be4  ti_sysbios_family_c64p_Cache_MAR128_159__C                   
00816bf8  ti_sysbios_family_c64p_EventCombiner_EVTMASK__C              
00816c14  ti_sysbios_family_c64p_Cache_MAR160_191__C                   
00816c18  ti_sysbios_knl_Idle_funcList__A                              
00816c24  ti_sysbios_knl_Idle_funcList__C                              
00816c2c  ti_sysbios_knl_Task_hooks__C                                 
00816c34  ti_sysbios_family_c64p_Cache_MAR192_223__C                   
00816c38  xdc_runtime_Startup_firstFxns__A                             
00816c40  xdc_runtime_Startup_firstFxns__C                             
00816c48  xdc_runtime_Startup_lastFxns__C                              
00816c50  ti_sysbios_family_c64p_Cache_MAR224_255__C                   
00816c54  ti_sysbios_family_c64p_Cache_MAR32_63__C                     
00816c58  ti_sysbios_family_c64p_Cache_MAR64_95__C                     
00816c5c  ti_sysbios_family_c64p_Cache_MAR96_127__C                    
00816c60  ti_sysbios_family_c64p_EventCombiner_A_invalidEventId__C     
00816c64  ti_sysbios_family_c64p_EventCombiner_EVTRegs__C              
00816c68  ti_sysbios_family_c64p_EventCombiner_E_unpluggedEvent__C     
00816c6c  ti_sysbios_family_c64p_EventCombiner_Module__diagsEnabled__C 
00816c70  ti_sysbios_family_c64p_EventCombiner_Module__diagsIncluded__C
00816c74  ti_sysbios_family_c64p_EventCombiner_Module__diagsMask__C    
00816c78  ti_sysbios_family_c64p_Exception_E_exceptionMax__C           
00816c7c  ti_sysbios_family_c64p_Exception_exceptionHook__C            
00816c80  ti_sysbios_family_c64p_Exception_externalHook__C             
00816c84  ti_sysbios_family_c64p_Exception_internalHook__C             
00816c88  ti_sysbios_family_c64p_Exception_nmiHook__C                  
00816c8c  ti_sysbios_family_c64p_Hwi_INTRMUX1Address__C                
00816c90  ti_sysbios_gates_GateMutex_A_badContext__C                   
00816c94  ti_sysbios_gates_GateMutex_Instance_State_sem__O             
00816c98  ti_sysbios_gates_GateMutex_Module__diagsEnabled__C           
00816c9c  ti_sysbios_gates_GateMutex_Module__diagsIncluded__C          
00816ca0  ti_sysbios_gates_GateMutex_Module__diagsMask__C              
00816ca4  ti_sysbios_hal_Hwi_E_stackOverflow__C                        
00816ca8  ti_sysbios_heaps_HeapBuf_Instance_State_freeList__O          
00816cac  ti_sysbios_heaps_HeapBuf_Object__count__C                    
00816cb0  ti_sysbios_heaps_HeapBuf_numConstructedHeaps__C              
00816cb4  ti_sysbios_heaps_HeapMem_A_align__C                          
00816cb8  ti_sysbios_heaps_HeapMem_A_heapSize__C                       
00816cbc  ti_sysbios_heaps_HeapMem_A_invalidFree__C                    
00816cc0  ti_sysbios_heaps_HeapMem_A_zeroBlock__C                      
00816cc4  ti_sysbios_heaps_HeapMem_E_memory__C                         
00816cc8  ti_sysbios_heaps_HeapMem_Module__diagsEnabled__C             
00816ccc  ti_sysbios_heaps_HeapMem_Module__diagsIncluded__C            
00816cd0  ti_sysbios_heaps_HeapMem_Module__diagsMask__C                
00816cd4  ti_sysbios_heaps_HeapMem_Module__gateObj__C                  
00816cd8  ti_sysbios_heaps_HeapMem_Object__count__C                    
00816cdc  ti_sysbios_heaps_HeapMem_reqAlign__C                         
00816ce0  ti_sysbios_knl_Clock_Module_State_clockQ__O                  
00816ce4  ti_sysbios_knl_Semaphore_A_badContext__C                     
00816ce8  ti_sysbios_knl_Semaphore_A_noEvents__C                       
00816cec  ti_sysbios_knl_Semaphore_A_overflow__C                       
00816cf0  ti_sysbios_knl_Semaphore_A_pendTaskDisabled__C               
00816cf4  ti_sysbios_knl_Semaphore_Instance_State_pendQ__O             
00816cf8  ti_sysbios_knl_Semaphore_Module__diagsEnabled__C             
00816cfc  ti_sysbios_knl_Semaphore_Module__diagsIncluded__C            
00816d00  ti_sysbios_knl_Semaphore_Module__diagsMask__C                
00816d04  ti_sysbios_knl_Swi_Object__count__C                          
00816d08  ti_sysbios_knl_Task_A_badPriority__C                         
00816d0c  ti_sysbios_knl_Task_A_badTaskState__C                        
00816d10  ti_sysbios_knl_Task_A_badThreadType__C                       
00816d14  ti_sysbios_knl_Task_A_badTimeout__C                          
00816d18  ti_sysbios_knl_Task_A_noPendElem__C                          
00816d1c  ti_sysbios_knl_Task_A_sleepTaskDisabled__C                   
00816d20  ti_sysbios_knl_Task_E_spOutOfBounds__C                       
00816d24  ti_sysbios_knl_Task_E_stackOverflow__C                       
00816d28  ti_sysbios_knl_Task_Module_State_inactiveQ__O                
00816d2c  ti_sysbios_knl_Task_Module__diagsEnabled__C                  
00816d30  ti_sysbios_knl_Task_Module__diagsIncluded__C                 
00816d34  ti_sysbios_knl_Task_Module__diagsMask__C                     
00816d38  ti_sysbios_knl_Task_Object__count__C                         
00816d3c  ti_sysbios_knl_Task_Object__heap__C                          
00816d40  ti_sysbios_knl_Task_allBlockedFunc__C                        
00816d44  ti_sysbios_knl_Task_defaultStackHeap__C                      
00816d48  ti_sysbios_knl_Task_defaultStackSize__C                      
00816d4c  ti_sysbios_knl_Task_numConstructedTasks__C                   
00816d50  ti_sysbios_timers_rti_Timer_E_cannotSupport__C               
00816d54  ti_sysbios_timers_rti_Timer_Module__diagsEnabled__C          
00816d58  ti_sysbios_timers_rti_Timer_Module__diagsIncluded__C         
00816d5c  ti_sysbios_timers_rti_Timer_Module__diagsMask__C             
00816d60  ti_sysbios_timers_rti_Timer_numTimerDevices__C               
00816d64  ti_sysbios_timers_rti_Timer_startupNeeded__C                 
00816d68  ti_sysbios_utils_Load_Module_State_taskList__O               
00816d6c  ti_sysbios_utils_Load_Module__diagsEnabled__C                
00816d70  ti_sysbios_utils_Load_Module__diagsIncluded__C               
00816d74  ti_sysbios_utils_Load_Module__diagsMask__C                   
00816d78  ti_sysbios_utils_Load_postUpdate__C                          
00816d7c  ti_sysbios_utils_Load_windowInMs__C                          
00816d80  xdc_runtime_Assert_E_assertFailed__C                         
00816d84  xdc_runtime_Core_A_initializedParams__C                      
00816d88  xdc_runtime_Core_Module__diagsEnabled__C                     
00816d8c  xdc_runtime_Core_Module__diagsIncluded__C                    
00816d90  xdc_runtime_Core_Module__diagsMask__C                        
00816d94  xdc_runtime_Error_E_memory__C                                
00816d98  xdc_runtime_Error_policyFxn__C                               
00816d9c  xdc_runtime_Error_policy__C                                  
00816da0  xdc_runtime_Error_raiseHook__C                               
00816da4  xdc_runtime_IFilterLogger_Interface__BASE__C                 
00816da8  xdc_runtime_IGateProvider_Interface__BASE__C                 
00816dac  xdc_runtime_IHeap_Interface__BASE__C                         
00816db0  xdc_runtime_ILogger_Interface__BASE__C                       
00816db4  xdc_runtime_IModule_Interface__BASE__C                       
00816db8  xdc_runtime_LoggerBuf_E_badLevel__C                          
00816dbc  xdc_runtime_LoggerBuf_Module__gateObj__C                     
00816dc0  xdc_runtime_LoggerBuf_Object__count__C                       
00816dc4  xdc_runtime_LoggerBuf_statusLogger__C                        
00816dc8  xdc_runtime_Memory_defaultHeapInstance__C                    
00816dcc  xdc_runtime_Startup_execImpl__C                              
00816dd0  xdc_runtime_Startup_maxPasses__C                             
00816dd4  xdc_runtime_Startup_sfxnRts__C                               
00816dd8  xdc_runtime_Startup_sfxnTab__C                               
00816ddc  xdc_runtime_System_Module__gateObj__C                        
00816de0  xdc_runtime_System_abortFxn__C                               
00816de4  xdc_runtime_System_exitFxn__C                                
00816de8  xdc_runtime_System_extendFxn__C                              
00816dec  xdc_runtime_System_maxAtexitHandlers__C                      
00816df0  xdc_runtime_Text_charTab__C                                  
00816df4  xdc_runtime_Text_nameEmpty__C                                
00816df8  xdc_runtime_Text_nameStatic__C                               
00816dfc  xdc_runtime_Text_nameUnknown__C                              
00816e00  xdc_runtime_Text_nodeTab__C                                  
00816e04  xdc_runtime_Text_visitRopeFxn__C                             
00816e08  ti_sysbios_family_c64p_Exception_Module__id__C               
00816e0a  ti_sysbios_family_c64p_Exception_useInternalBuffer__C        
00816e0c  ti_sysbios_gates_GateMutex_Module__id__C                     
00816e0e  ti_sysbios_hal_Hwi_Module__id__C                             
00816e10  ti_sysbios_heaps_HeapMem_Module__id__C                       
00816e12  ti_sysbios_knl_Semaphore_Module__id__C                       
00816e14  ti_sysbios_knl_Task_Module__id__C                            
00816e16  ti_sysbios_timers_rti_Timer_Module__id__C                    
00816e18  ti_sysbios_timers_rti_Timer_continueOnSuspend__C             
00816e1a  ti_sysbios_utils_Load_Module__id__C                          
00816e1c  ti_sysbios_utils_Load_autoAddTasks__C                        
00816e1e  ti_sysbios_utils_Load_updateInIdle__C                        
00816e20  xdc_runtime_Core_Module__id__C                               
00816e22  xdc_runtime_Error_maxDepth__C                                
00816e24  xdc_runtime_LoggerBuf_Module__id__C                          
00816e26  xdc_runtime_LoggerBuf_filterByLevel__C                       
00816e28  xdc_runtime_Main_Module__id__C                               
00816e2a  xdc_runtime_Memory_Module__id__C                             
00816e2c  xdc_runtime_Text_charCnt__C                                  
00816e2e  xdc_runtime_Text_isLoaded__C                                 
00816e30  xdc_runtime_Text_registryModsLastId__C                       
00816e32  xdc_runtime_Text_unnamedModsLastId__C                        
00816e34  __TI_STATIC_BASE                                             
00816e34  gObjDetObj                                                   
00816e38  xdc_runtime_LoggerBuf_Instance_State_0_entryArr__A           
00818e30  ti_sysbios_knl_Task_Instance_State_0_stack__A                
00819150  __TI_tmpnams                                                 
00819290  gMmwDssMCB                                                   
00819364  resultBuffer                                                 
0081937c  edmaDbg                                                      
00819390  parmbuf                                                      
00819398  ti_sysbios_knl_Task_Instance_State_0_hookEnv__A              
008193a0  ti_sysbios_family_c64p_EventCombiner_Module__state__V        
008197a0  _ftable                                                      
00819980  _stream                                                      
00819a20  ti_sysbios_utils_Load_Module__state__V                       
00819ab8  ti_sysbios_knl_Swi_Module_State_0_readyQ__A                  
00819b38  ti_sysbios_knl_Task_Module_State_0_readyQ__A                 
00819bb8  _device                                                      
00819c30  ti_sysbios_family_c64p_Hwi_Object__table__V                  
00819ca8  ti_sysbios_family_c64p_Hwi_Module__state__V                  
00819d14  _lock                                                        
00819d18  ti_sysbios_knl_Task_Object__table__V                         
00819d74  gMailboxMCB                                                  
00819dc4  ti_sysbios_knl_Task_Module__state__V                         
00819e0c  _unlock                                                      
00819e50  SOC_TranslateAddr_LUT                                        
00819ed0  ti_sysbios_gates_GateMutex_Object__table__V                  
00819f10  ti_sysbios_timers_rti_Timer_Object__table__V                 
00819f4c  ti_sysbios_family_c64p_Exception_Module__state__V            
00819f7c  __TI_ft_end                                                  
00819f80  ti_sysbios_knl_Swi_Object__table__V                          
00819fb0  ti_sysbios_knl_Clock_Module__state__V                        
00819fdc  gDPC_ObjectDetectionCfg                                      
0081a000  ti_sysbios_BIOS_Module__state__V                             
0081a024  __errno                                                      
0081a024  errno                                                        
0081a028  xdc_runtime_LoggerBuf_Object__table__V                       
0081a04c  ti_sysbios_family_c64p_Cache_Module__state__V                
0081a070  gSOCHwAttrib                                                 
0081a090  xdc_runtime_Error_IgnoreBlock                                
0081a0b0  xdc_runtime_System_Module_State_0_atexitHandlers__A          
0081a0d0  ti_sysbios_knl_Swi_Module__state__V                          
0081a0ec  ti_sysbios_heaps_HeapBuf_Module__state__V                    
0081a0f0  ti_sysbios_utils_Load_Module_State_0_taskEnv__A              
0081a10c  gMailboxDssBssHwCfg                                          
0081a124  gMailboxDssMssHwCfg                                          
0081a13c  xdc_runtime_Memory_Module__state__V                          
0081a140  ti_sysbios_heaps_HeapMem_Object__table__V                    
0081a158  ti_sysbios_timers_rti_Timer_Module_State_0_device__A         
0081a170  gDPMRemoteTable                                              
0081a184  xdc_runtime_Error_Module__state__V                           
0081a188  ti_sysbios_timers_rti_Timer_Module_State_0_intFreqs__A       
0081a198  ti_sysbios_timers_rti_Timer_Module__state__V                 
0081a1a8  __TI_cleanup_ptr                                             
0081a1ac  __TI_dtors_ptr                                               
0081a1b0  __TI_enable_exit_profile_output                              
0081a1b4  ti_sysbios_knl_Task_Module__root__V                          
0081a1c0  gDPMHwAttrib                                                 
0081a1c8  ti_sysbios_gates_GateHwi_Module__root__V                     
0081a1d0  ti_sysbios_gates_GateMutex_Module__root__V                   
0081a1d8  ti_sysbios_hal_Hwi_Object__table__V                          
0081a1e0  ti_sysbios_heaps_HeapMem_Module__root__V                     
0081a1e8  ti_sysbios_knl_Queue_Module__root__V                         
0081a1f0  ti_sysbios_knl_Semaphore_Module__root__V                     
0081a1f8  ti_sysbios_timers_rti_Timer_Module_State_0_handles__A        
0081a200  xdc_runtime_LoggerBuf_Module__root__V                        
0081a208  xdc_runtime_Registry_Module__state__V                        
0081a210  xdc_runtime_Startup_Module__state__V                         
0081a218  xdc_runtime_System_Module__state__V                          
0081a220  xdc_runtime_LoggerBuf_Module__state__V                       
0081a228  ti_sysbios_gates_GateHwi_Object__table__V                    
0081a230  ti_sysbios_knl_Task_Module_State_0_idleTask__A               
0081a238  ti_sysbios_utils_Load_Module_State_0_runningTask__A          
0081a240  ti_sysbios_utils_Load_Module_State_0_taskStartTime__A        
0081a248  _stack                                                       
0081aa48  __CIOBUF_                                                    
0081aa48  __TI_STACK_END                                               
0081ac10  gAntennaSpacing                                              
0081ac18  gDPM                                                         
0081ac1c  regionId                                                     
00f00000  gDPC_ObjDetL1Heap                                            
20000000  gMmwL3                                                       
21080000  gHSRAM                                                       
ffffffff  __TI_pprof_out_hndl                                          
ffffffff  __TI_prof_data_size                                          
ffffffff  __TI_prof_data_start                                         
ffffffff  __binit__                                                    
ffffffff  __c_args__                                                   
ffffffff  binit                                                        
UNDEFED   __TI_CINIT_Base                                              
UNDEFED   __TI_CINIT_Limit                                             
UNDEFED   __TI_Handler_Table_Base                                      
UNDEFED   __TI_Handler_Table_Limit                                     
UNDEFED   __TI_INITARRAY_Base                                          
UNDEFED   __TI_INITARRAY_Limit                                         
UNDEFED   __TI_TLS_INIT_Base                                           
UNDEFED   __TI_TLS_INIT_Limit                                          

[803 symbols]
