******************************************************************************
                  TI ARM Linker PC v16.9.6                     
******************************************************************************
>> Linked Wed Jun 04 22:34:18 2025

OUTPUT FILE NAME:   <out_of_box_1642_mss.xer4f>
ENTRY POINT SYMBOL: "_c_int00"  address: 0001b708


MEMORY CONFIGURATION

         name            origin    length      used     unused   attr    fill
----------------------  --------  ---------  --------  --------  ----  --------
  VECTORS               00000000   00000100  0000003c  000000c4     X
  PROG_RAM              00000100   0003ff00  00022d6c  0001d194  R  X
  DATA_RAM              08000000   00030000  0000e754  000218ac  RW  
  L3_RAM                51000000   000c0000  00000000  000c0000  RW  
  HS_RAM                52080000   00008000  00000000  00008000  RW  


SEGMENT ALLOCATION MAP

run origin  load origin   length   init length attrs members
----------  ----------- ---------- ----------- ----- -------
00000000    00000000    0000003c   0000003c    r--
  00000000    00000000    0000003c   0000003c    r-- .vecs
00000100    00000100    00022d70   00022d70    r-x
  00000100    00000100    00021794   00021794    r-x .text
  00021898    00021898    000010b8   000010b8    r-- .const
  00022950    00022950    00000520   00000520    r-- .cinit
08000000    08000000    0000e758   00000000    rw-
  08000000    08000000    00008000   00000000    rw- systemHeap
  08008000    08008000    00003e04   00000000    rw- .bss
  0800be08    0800be08    00001950   00000000    rw- .data
  0800d758    0800d758    00000800   00000000    rw- .myFiqStack
  0800df58    0800df58    00000800   00000000    rw- .stack


SECTION ALLOCATION MAP

 output                                  attributes/
section   page    origin      length       input sections
--------  ----  ----------  ----------   ----------------
systemHeap 
*          0    08000000    00008000     UNINITIALIZED
                  08000000    00008000     mmw_mss_per4f.oer4f (systemHeap)

.vecs      0    00000000    0000003c     
                  00000000    0000003c     mmw_mss_per4f.oer4f (.vecs)

.text      0    00000100    00021794     
                  00000100    0000107a     rtsv7R4_T_le_v3D16_eabi.lib : _printfi.obj (.text)
                  0000117a    00000002     libadcbuf_xwr16xx.aer4f : adcbuf_mmwave.oer4f (.text:ADCBUF_MMWave_init)
                  0000117c    00000898     rtsv7R4_T_le_v3D16_eabi.lib : _scanfi.obj (.text)
                  00001a14    00000808     mss_main.oer4f (.text:MmwDemo_dataPathConfig)
                  0000221c    000007d8     mss_main.oer4f (.text:MmwDemo_initTask)
                  000029f4    0000000c     libcli_xwr16xx.aer4f : cli_mmwave.oer4f (.text:CLI_getMMWaveExtensionConfig)
                  00002a00    00000750     sysbios.aer4f : BIOS.obj (.text:xdc_runtime_System_doPrint__I)
                  00003150    000006da     mmw_cli.oer4f (.text:MmwDemo_CLIInit)
                  0000382a    00000002     libspi_xwr16xx.aer4f : mibspi_dma.oer4f (.text:MIBSPI_init)
                  0000382c    00000614                          : mibspi_dma.oer4f (.text:MIBSPI_open)
                  00003e40    000004d8     sysbios.aer4f : BIOS.obj (.text:ti_sysbios_knl_Semaphore_pend__E)
                  00004318    000004b6     mss_main.oer4f (.text:MmwDemo_openSensor)
                  000047ce    00000002     libspi_xwr16xx.aer4f : mibspi_dma.oer4f (.text:MIBSPI_serviceISR)
                  000047d0    000004ac     mss_main.oer4f (.text:MmwDemo_transmitProcessedOutput)
                  00004c7c    000004a8     libadcbuf_xwr16xx.aer4f : adcbuf_mmwave.oer4f (.text:ADCBUF_MMWave_control)
                  00005124    0000000c     libedma_xwr16xx.aer4f : edma_low_level.oer4f (.text:EDMA3ChannelToParamMap)
                  00005130    0000046c     sysbios.aer4f : BIOS.obj (.text:ti_sysbios_knl_Task_Instance_finalize__E)
                  0000559c    00000440     mmwdemo_rfparser.oer4f (.text:MmwDemo_RFParser_parseCtrlConfig)
                  000059dc    00000438     mss_main.oer4f (.text:MmwDemo_handleObjectDetResult)
                  00005e14    00000414     libcli_xwr16xx.aer4f : cli_mmwave.oer4f (.text:CLI_MMWaveVersion)
                  00006228    000003fd     mmw_cli.oer4f (.text:MmwDemo_CLISensorStart)
                  00006625    00000001     --HOLE-- [fill = 0]
                  00006626    0000000a     libadcbuf_xwr16xx.aer4f : ADCBuf.oer4f (.text:ADCBuf_control)
                  00006630    000003f0     sysbios.aer4f : BIOS.obj (.text:ti_sysbios_heaps_HeapMem_freeUnprotected__E)
                  00006a20    00000370     libspi_xwr16xx.aer4f : mibspi_dma.oer4f (.text:MIBSPI_dataTransfer)
                  00006d90    00000354     sysbios.aer4f : BIOS.obj (.text:ti_sysbios_heaps_HeapMem_allocUnprotected__E)
                  000070e4    0000000c     libedma_xwr16xx.aer4f : edma_low_level.oer4f (.text:EDMAsetRegion)
                  000070f0    00000328     sysbios.aer4f : BIOS.obj (.text:ti_sysbios_knl_Task_Instance_init__E)
                  00007418    00000008     librtrimutils.aer4f : rtrimutils.oer4f (.text:GET_ANA_BASE_ADDRESS)
                  00007420    00000314     sysbios.aer4f : BIOS.obj (.text:ti_sysbios_knl_Task_sleep__E)
                  00007734    00000308     libsoc_xwr16xx.aer4f : soc_xwr16xx_mss.oer4f (.text:SOC_deviceInit)
                  00007a3c    00000004     libosal_xwr16xx.aer4f : HwiP_tirtos.oer4f (.text:HwiP_disableInterrupt)
                  00007a40    00000308     sysbios.aer4f : BIOS.obj (.text:ti_sysbios_timers_rti_Timer_Module_startup__E)
                  00007d48    00000008     libosal_xwr16xx.aer4f : HwiP_tirtos.oer4f (.text:HwiP_disable)
                  00007d50    000002fc     sysbios.aer4f : BIOS.obj (.text:ti_sysbios_family_arm_exc_Exception_excDumpContext__I)
                  0000804c    000002f8     libcbuff_xwr16xx.aer4f : cbuff.oer4f (.text:CBUFF_createSession)
                  00008344    000002dc     mss_main.oer4f (.text:MmwDemo_processPendingDynamicCfgCommands)
                  00008620    000002b8     rtsv7R4_T_le_v3D16_eabi.lib : ull_div32.obj (.text)
                  000088d8    00000008     libmmwave_xwr16xx.aer4f : mmwave.oer4f (.text:MMWave_decodeErrorLevel)
                  000088e0    0000029c     sysbios.aer4f : BIOS.obj (.text:ti_sysbios_family_arm_v7r_vim_Hwi_dispatchIRQC__I)
                  00008b7c    00000288     libhsiheader_xwr16xx.aer4f : hsiheader.oer4f (.text:HSIHeader_createHeader)
                  00008e04    0000000c     libmmwave_xwr16xx.aer4f : mmwave_dualcore.oer4f (.text:MMWave_deviceMailboxCallbackFxn)
                  00008e10    00000288     sysbios.aer4f : BIOS.obj (.text:ti_sysbios_family_arm_exc_Exception_excHandler__I)
                  00009098    00000284     libmmwave_xwr16xx.aer4f : mmwave_dualcore.oer4f (.text:MMWave_deviceExecuteFxn)
                  0000931c    00000278     mss_main.oer4f (.text:MmwDemo_sensorStopEpilog)
                  00009594    0000026c     libqspiflash_xwr16xx.aer4f : qspiflash.oer4f (.text:QSPIFlash_open)
                  00009800    00000264     libcbuff_xwr16xx.aer4f : cbuff.oer4f (.text:CBUFF_init)
                  00009a64    0000000c     libmmwave_xwr16xx.aer4f : mmwave_osal.oer4f (.text:MMWave_osalMutexUnlock)
                  00009a70    00000264     sysbios.aer4f : BIOS.obj (.text:xdc_runtime_Error_policyDefault__E)
                  00009cd4    00000260     libmailbox_xwr16xx.aer4f : mailbox.oer4f (.text:Mailbox_open)
                  00009f34    00000260     mss_main.oer4f (.text:MmwDemo_DPC_ObjectDetection_reportFxn)
                  0000a194    0000000c     libmmwave_xwr16xx.aer4f : mmwave_osal.oer4f (.text:MMWave_osalSemSignal)
                  0000a1a0    00000258     sysbios.aer4f : BIOS.obj (.text:xdc_runtime_LoggerBuf_write8__E)
                  0000a3f8    00000254     libcli_xwr16xx.aer4f : cli_mmwave.oer4f (.text:CLI_MMWaveProfileCfg)
                  0000a64c    00000240     mss_main.oer4f (.text:MmwDemo_checkEdmaErrors)
                  0000a88c    0000023c     mmw_lvds_stream.oer4f (.text:MmwDemo_LVDSStreamHwConfig)
                  0000aac8    00000008     libmmwave_xwr16xx.aer4f : mmwave_link.oer4f (.text:MMWave_mboxCallbackFxn)
                  0000aad0    0000023c     sysbios.aer4f : BIOS.obj (.text:ti_sysbios_knl_Semaphore_post__E)
                  0000ad0c    0000022c     libcbuff_xwr16xx.aer4f : cbuff_lvds.oer4f (.text:CBUFF_openLVDS)
                  0000af38    00000214     libedma_xwr16xx.aer4f : edma.oer4f (.text:EDMA_configChannel)
                  0000b14c    00000214     libuart_xwr16xx.aer4f : uartsci.oer4f (.text:UartSci_open)
                  0000b360    00000210     mss_main.oer4f (.text:MmwDemo_eventCallbackFxn)
                  0000b570    0000020a     libcbuff_xwr16xx.aer4f : cbuff_transfer.oer4f (.text:CBUFF_addLinkedList)
                  0000b77a    00000002     libmmwave_xwr16xx.aer4f : mmwave_link.oer4f (.text:MMWave_maskHostIRQ)
                  0000b77c    00000204     libcli_xwr16xx.aer4f : cli_mmwave.oer4f (.text:CLI_MMWaveChirpCfg)
                  0000b980    00000204     libcrc_xwr16xx.aer4f : crc.oer4f (.text:CRC_open)
                  0000bb84    00000200     mss_main.oer4f (.text:MmwDemo_stopSensor)
                  0000bd84    0000000c     libuart_xwr16xx.aer4f : UART.oer4f (.text:UART_Params_init)
                  0000bd90    000001f8     sysbios.aer4f : BIOS.obj (.text:ti_sysbios_family_arm_v7r_vim_Hwi_reconfig__E)
                  0000bf88    00000008     libosal_xwr16xx.aer4f : SemaphoreP_tirtos.oer4f (.text:SemaphoreP_Params_init)
                  0000bf90    000001f8     sysbios.aer4f : BIOS.obj (.text:ti_sysbios_heaps_HeapMem_Instance_init__E)
                  0000c188    000001f0     libdma_xwr16xx.aer4f : dma.oer4f (.text:DMA_setChannelParams)
                  0000c378    000001ef     libedma_xwr16xx.aer4f : edma.oer4f (.text:EDMA_paramConfig_assist)
                  0000c567    00000001     --HOLE-- [fill = 0]
                  0000c568    00000008     libmmwavelink_xwr16xx.aer4f : rl_driver.oer4f (.text:rlDriverConstructOutMsg)
                  0000c570    000001ec     sysbios.aer4f : BIOS.obj (.text:xdc_runtime_Core_createObject__I)
                  0000c75c    000001e4     rtsv7R4_T_le_v3D16_eabi.lib : strtod.obj (.text)
                  0000c940    000001e4                                 : strtoll.obj (.text)
                  0000cb24    0000000c     libuart_xwr16xx.aer4f : uartsci_dma.oer4f (.text:UartSci_isDMAEnabled)
                  0000cb30    000001d8     sysbios.aer4f : BIOS.obj (.text:ti_sysbios_knl_Task_postInit__I)
                  0000cd08    000001d4     libcbuff_xwr16xx.aer4f : cbuff_edma.oer4f (.text:CBUFF_configEDMA)
                  0000cedc    00000004     libosal_xwr16xx.aer4f : HwiP_tirtos.oer4f (.text:HwiP_enableInterrupt)
                  0000cee0    000001d4     sysbios.aer4f : BIOS.obj (.text:ti_sysbios_knl_Clock_workFunc__E)
                  0000d0b4    000001c8     libcbuff_xwr16xx.aer4f : cbuff_lvds.oer4f (.text:CBUFF_initLVDS)
                  0000d27c    000001c8     mss_main.oer4f (.text:main)
                  0000d444    000001c8     libmmwavelink_xwr16xx.aer4f : rl_driver.oer4f (.text:rlDriverRxHdrRead)
                  0000d60c    000001c8     rtsv7R4_T_le_v3D16_eabi.lib : fopen.obj (.text)
                  0000d7d4    000001c0     libedma_xwr16xx.aer4f : edma.oer4f (.text:EDMA_open)
                  0000d994    000001b0     libmmwavelink_xwr16xx.aer4f : rl_driver.oer4f (.text:rlDriverMsgRead)
                  0000db44    0000000c     rtsv7R4_T_le_v3D16_eabi.lib : copy_zero_init.obj (.text:decompress:ZI)
                  0000db50    000001b0     sysbios.aer4f : BIOS.obj (.text:ti_sysbios_utils_Load_updateThreadContexts__E)
                  0000dd00    000001a8     libcli_xwr16xx.aer4f : cli_mmwave.oer4f (.text:CLI_MMWaveSubFrameCfg)
                  0000dea8    000001a8     mss_main.oer4f (.text:MmwDemo_bpmConfig)
                  0000e050    000001a4     libcbuff_xwr16xx.aer4f : cbuff.oer4f (.text:CBUFF_activateSession)
                  0000e1f4    000001a4     libmmwave_xwr16xx.aer4f : mmwave_dualcore.oer4f (.text:MMWave_serializeCfg)
                  0000e398    00000008     libmmwavelink_xwr16xx.aer4f : rl_driver.oer4f (.text:rlDriverGetHandle)
                  0000e3a0    000001a4     sysbios.aer4f : BIOS.obj (.text:xdc_runtime_LoggerBuf_write4__E)
                  0000e544    0000019c     mss_main.oer4f (.text:MmwDemo_startSensor)
                  0000e6e0    0000019c     mss_main.oer4f (.text:MmwDemo_transferLVDSUserData)
                  0000e87c    00000004     libmmwave_xwr16xx.aer4f : mmwave_link.oer4f (.text:MMWave_disableDevice)
                  0000e880    00000194     sysbios.aer4f : BIOS.obj (.text:ti_sysbios_knl_Task_exit__E)
                  0000ea14    0000000c     libmmwavelink_xwr16xx.aer4f : rl_driver.oer4f (.text:rlDriverGetPlatformId)
                  0000ea20    00000194     sysbios.aer4f : BIOS.obj (.text:ti_sysbios_knl_Task_schedule__I)
                  0000ebb4    00000190     libmmwavelink_xwr16xx.aer4f : rl_driver.oer4f (.text:rlDriverCmdInvoke)
                  0000ed44    0000000c     sysbios.aer4f : BIOS.obj (.text:ti_sysbios_family_arm_v7a_Pmu_configureCounterI__I)
                  0000ed50    00000190                   : BIOS.obj (.text:ti_sysbios_family_arm_v7r_vim_Hwi_Instance_init__E)
                  0000eee0    00000190                   : BIOS.obj (.text:xdc_runtime_Core_constructObject__I)
                  0000f070    0000018c                   : BIOS.obj (.text:ti_sysbios_knl_Task_startCore__E)
                  0000f1fc    00000188     mmw_cli.oer4f (.text:MmwDemo_CLIConfigDataPort)
                  0000f384    00000188     mmw_mss_per4f.oer4f (.text:xdc_runtime_System_printfExtend__I)
                  0000f50c    00000004     libmmwave_xwr16xx.aer4f : mmwave_link.oer4f (.text:MMWave_enableDevice)
                  0000f510    00000184     sysbios.aer4f : BIOS.obj (.text:xdc_runtime_Startup_startMods__I)
                  0000f694    00000180     libdpm_xwr16xx.aer4f : dpm_core.oer4f (.text:DPM_init)
                  0000f814    00000180                          : dpm_msg.oer4f (.text:DPM_msgRecv)
                  0000f994    00000180     mmwdemo_rfparser.oer4f (.text:MmwDemo_RFParser_setAoAParams)
                  0000fb14    0000000c     sysbios.aer4f : BIOS.obj (.text:ti_sysbios_family_arm_v7a_Pmu_getCountI__E)
                  0000fb20    0000017c                   : BIOS.obj (.text:ti_sysbios_utils_Load_taskCreateHook__E)
                  0000fc9c    00000174     mmw_lvds_stream.oer4f (.text:MmwDemo_LVDSStreamInit)
                  0000fe10    00000174     sysbios.aer4f : BIOS.obj (.text:ti_sysbios_family_arm_v7r_vim_Hwi_Module_startup__E)
                  0000ff84    0000000c                   : tms570_Core_asm.obj (.text:ti_sysbios_family_arm_v7r_tms570_Core_getId__E)
                  0000ff90    00000174                   : BIOS.obj (.text:ti_sysbios_heaps_HeapBuf_Module_startup__E)
                  00010104    0000000c     mmw_mss_per4f.oer4f (.text:xdc_runtime_Text_visitRope__I)
                  00010110    00000174     sysbios.aer4f : BIOS.obj (.text:ti_sysbios_timers_rti_Timer_getFreq__E)
                  00010284    00000170     libgpio_xwr16xx.aer4f : gpio.oer4f (.text:GPIO_setConfig)
                  000103f4    0000016c     libsoc_xwr16xx.aer4f : soc_xwr16xx_mss.oer4f (.text:SOC_unhaltDSS)
                  00010560    00000168     mmw_lvds_stream.oer4f (.text:MmwDemo_LVDSStreamSwConfig)
                  000106c8    00000164     rtsv7R4_T_le_v3D16_eabi.lib : strtoull.obj (.text)
                  0001082c    00000160     libqspi_xwr16xx.aer4f : qspi.oer4f (.text:QSPI_open)
                  0001098c    00000150     libmmwave_xwr16xx.aer4f : mmwave_link.oer4f (.text:MMWave_openLink)
                  00010adc    0000014c     libcli_xwr16xx.aer4f : cli_mmwave.oer4f (.text:CLI_MMWaveFrameCfg)
                  00010c28    0000014c                          : cli.oer4f (.text:CLI_task)
                  00010d74    0000014c     libmmwave_xwr16xx.aer4f : mmwave_link.oer4f (.text:MMWave_initMMWaveLink)
                  00010ec0    0000014c     sysbios.aer4f : BIOS.obj (.text:xdc_runtime_LoggerBuf_Instance_init__E)
                  0001100c    0000014a     libuart_xwr16xx.aer4f : uartsci.oer4f (.text:UartSci_ISR)
                  00011156    00000002     libqspiflash_xwr16xx.aer4f : qspiflash.oer4f (.text:QSPIFlash_init)
                  00011158    00000148     libhsiheader_xwr16xx.aer4f : hsiheader.oer4f (.text:HSIHeader_init)
                  000112a0    00000148     libmmwavelink_xwr16xx.aer4f : rl_driver.oer4f (.text:rlDriverCmdSendRetry)
                  000113e8    00000008     mmw_mss_per4f.oer4f (.text:ti_sysbios_family_arm_TaskSupport_Module__startupDone__S)
                  000113f0    00000148     sysbios.aer4f : BIOS.obj (.text:ti_sysbios_knl_Task_checkStacks__E)
                  00011538    00000008                   : a15_TimestampProvider_asm.obj (.text:ti_sysbios_family_arm_a15_TimestampProvider_get32__E)
                  00011540    00000148                   : BIOS.obj (.text:ti_sysbios_utils_Load_idleFxn__E)
                  00011688    00000146     mmw_cli.oer4f (.text:MmwDemo_CLICalibDcRangeSig)
                  000117ce    00000002     libqspi_xwr16xx.aer4f : qspi.oer4f (.text:QSPI_init)
                  000117d0    0000013c     mmw_lvds_stream.oer4f (.text:MmwDemo_LVDSStreamDeleteHwSession)
                  0001190c    00000004     libmmwave_xwr16xx.aer4f : mmwave_listlib.oer4f (.text:MMWave_listGetHead)
                  00011910    0000013c     sysbios.aer4f : BIOS.obj (.text:ti_sysbios_utils_Load_logLoads__I)
                  00011a4c    00000004     libmmwave_xwr16xx.aer4f : mmwave_listlib.oer4f (.text:MMWave_listGetNext)
                  00011a50    00000138     sysbios.aer4f : BIOS.obj (.text:ti_sysbios_family_arm_v7a_Pmu_configureCounter__E)
                  00011b88    00000134     libadcbuf_xwr16xx.aer4f : adcbuf_mmwave.oer4f (.text:ADCBUF_MMWave_open)
                  00011cbc    00000134     mss_main.oer4f (.text:MmwDemo_edmaOpen)
                  00011df0    00000130     mmw_lvds_stream.oer4f (.text:MmwDemo_LVDSStreamDeleteSwSession)
                  00011f20    00000130     rtsv7R4_T_le_v3D16_eabi.lib : strtol.obj (.text)
                  00012050    0000012a     libedma_xwr16xx.aer4f : edma.oer4f (.text:EDMA_check4kSiErrata)
                  0001217a    00000002     libuart_xwr16xx.aer4f : uartsci.oer4f (.text:UartSci_init)
                  0001217c    00000124     libcli_xwr16xx.aer4f : cli_mmwave.oer4f (.text:CLI_MMWaveAdvFrameCfg)
                  000122a0    00000124                          : cli_mmwave.oer4f (.text:CLI_MMWaveContModeCfg)
                  000123c4    00000124     libedma_xwr16xx.aer4f : edma.oer4f (.text:EDMA_init)
                  000124e8    00000008     sysbios.aer4f : BIOS.obj (.text:ti_sysbios_family_arm_v7a_Pmu_getEnabled__E)
                  000124f0    00000124                   : BIOS.obj (.text:ti_sysbios_gates_GateMutex_enter__E)
                  00012614    0000011c     mmw_cli.oer4f (.text:MmwDemo_CLILvdsStreamCfg)
                  00012730    0000011c     sysbios.aer4f : BIOS.obj (.text:ti_sysbios_timers_rti_Timer_startup__E)
                  0001284c    00000114     libedma_xwr16xx.aer4f : edma.oer4f (.text:EDMA_configErrorMonitoring)
                  00012960    00000114                           : edma.oer4f (.text:EDMA_transferComplete_isr)
                  00012a74    0000000a     libadcbuf_xwr16xx.aer4f : ADCBuf.oer4f (.text:ADCBuf_getChanBufAddr)
                  00012a7e    00000002     rtsv7R4_T_le_v3D16_eabi.lib : i_div0.obj (.text)
                  00012a80    00000114     sysbios.aer4f : BIOS.obj (.text:ti_sysbios_utils_Load_updateLoads__E)
                  00012b94    0000000a     libcbuff_xwr16xx.aer4f : cbuff_lvds.oer4f (.text:CBUFF_deinitLVDS)
                  00012b9e    00000002     --HOLE-- [fill = 0]
                  00012ba0    00000114     sysbios.aer4f : BIOS.obj (.text:xdc_runtime_LoggerBuf_setFilterLevel__E)
                  00012cb4    00000110     mss_main.oer4f (.text:MmwDemo_calibInit)
                  00012dc4    00000110     rtsv7R4_T_le_v3D16_eabi.lib : strtoul.obj (.text)
                  00012ed4    0000010c     libdpm_xwr16xx.aer4f : dpm_msg.oer4f (.text:DPM_msgResultHandler)
                  00012fe0    0000010c     libmmwave_xwr16xx.aer4f : mmwave_link.oer4f (.text:MMWave_asyncEventHandler)
                  000130ec    0000010c                             : mmwave_dualcore.oer4f (.text:MMWave_deviceInitFxn)
                  000131f8    0000010c     mmw_cli.oer4f (.text:MmwDemo_CLICompRangeBiasAndRxChanPhaseCfg)
                  00013304    0000000a     libdpm_xwr16xx.aer4f : dpm_core.oer4f (.text:DPM_chirpISR)
                  0001330e    00000002     --HOLE-- [fill = 0]
                  00013310    0000010c     sysbios.aer4f : BIOS.obj (.text:ti_sysbios_utils_Load_taskDeleteHook__E)
                  0001341c    00000108     libdma_xwr16xx.aer4f : dma.oer4f (.text:DMA_disableInterrupt)
                  00013524    00000108     libmailbox_xwr16xx.aer4f : mailbox.oer4f (.text:Mailbox_write)
                  0001362c    00000108     mmw_cli.oer4f (.text:MmwDemo_CLICfarCfg)
                  00013734    0000000a     libdpm_xwr16xx.aer4f : dpm_core.oer4f (.text:DPM_frameStartISR)
                  0001373e    00000002     --HOLE-- [fill = 0]
                  00013740    00000108     sysbios.aer4f : BIOS.obj (.text:ti_sysbios_knl_Semaphore_Instance_init__E)
                  00013848    00000006     libosal_xwr16xx.aer4f : CycleprofilerP_tirtos.oer4f (.text:CycleprofilerP_getTimeStamp)
                  0001384e    00000002     --HOLE-- [fill = 0]
                  00013850    00000106     sysbios.aer4f : BIOS.obj (.text:xdc_runtime_Text_putSite__E)
                  00013956    00000002     --HOLE-- [fill = 0]
                  00013958    00000104     libcbuff_xwr16xx.aer4f : cbuff.oer4f (.text:CBUFF_deinit)
                  00013a5c    00000104     libedma_xwr16xx.aer4f : edma.oer4f (.text:EDMA_configParamSet)
                  00013b60    00000104     libmmwave_xwr16xx.aer4f : mmwave_link.oer4f (.text:MMWave_startLink)
                  00013c64    00000104     mmw_cli.oer4f (.text:MmwDemo_CLIChirpQualityRxSatMonCfg)
                  00013d68    00000100     libcli_xwr16xx.aer4f : cli_mmwave.oer4f (.text:CLI_MMWaveBPMCfgAdvanced)
                  00013e68    00000100     libdma_xwr16xx.aer4f : dma.oer4f (.text:DMA_clearChannelInterruptFlag)
                  00013f68    00000100     libmmwavelink_xwr16xx.aer4f : rl_driver.oer4f (.text:rlDriverInit)
                  00014068    00000006     libdpm_xwr16xx.aer4f : dpm_mailbox.oer4f (.text:DPM_mboxSynch)
                  0001406e    00000002     --HOLE-- [fill = 0]
                  00014070    00000100     sysbios.aer4f : BIOS.obj (.text:xdc_runtime_Text_putMod__E)
                  00014170    000000fc     libcbuff_xwr16xx.aer4f : cbuff.oer4f (.text:CBUFF_deleteSession)
                  0001426c    000000fc     libcrc_xwr16xx.aer4f : crc.oer4f (.text:CRC_computeSignature)
                  00014368    00000006     libedma_xwr16xx.aer4f : edma_low_level.oer4f (.text:EDMA3ClrCCErr)
                  0001436e    00000002     --HOLE-- [fill = 0]
                  00014370    000000fc     sysbios.aer4f : BIOS.obj (.text:ti_sysbios_knl_Task_blockI__E)
                  0001446c    000000fa     mss_main.oer4f (.text:MmwDemo_setSubFramePendingState)
                  00014566    00000002     --HOLE-- [fill = 0]
                  00014568    000000f8     mmw_lvds_stream.oer4f (.text:MmwDemo_configLVDSHwData)
                  00014660    000000f8     libmmwavelink_xwr16xx.aer4f : rl_driver.oer4f (.text:rlDriverRdVerifyMsg)
                  00014758    000000f4     mmw_cli.oer4f (.text:MmwDemo_CLICalibDataSaveRestore)
                  0001484c    00000004     libmmwave_xwr16xx.aer4f : mmwave_link.oer4f (.text:MMWave_mboxClose)
                  00014850    000000f4     sysbios.aer4f : BIOS.obj (.text:ti_sysbios_family_arm_v7r_vim_Hwi_mapChannel__I)
                  00014944    0000000a     libosal_xwr16xx.aer4f : MemoryP_tirtos.oer4f (.text:MemoryP_ctrlFree)
                  0001494e    00000002     --HOLE-- [fill = 0]
                  00014950    000000f4     sysbios.aer4f : BIOS.obj (.text:ti_sysbios_knl_Task_unblockI__E)
                  00014a44    0000000a     mss_main.oer4f (.text:MmwDemo_resetDynObjDetCfgPendingState)
                  00014a4e    00000002     --HOLE-- [fill = 0]
                  00014a50    000000f4     sysbios.aer4f : BIOS.obj (.text:ti_sysbios_utils_Load_startup__E)
                  00014b44    0000000a     libspi_xwr16xx.aer4f : SPI.oer4f (.text:SPI_transfer)
                  00014b4e    00000002     --HOLE-- [fill = 0]
                  00014b50    000000f4     sysbios.aer4f : BIOS.obj (.text:xdc_runtime_LoggerBuf_getFilterLevel__E)
                  00014c44    000000ec     auto_init.aer4f : auto_init.oer4f (.text)
                  00014d30    000000ec     rtsv7R4_T_le_v3D16_eabi.lib : s_scalbn.obj (.text)
                  00014e1c    000000e8     mmw_cli.oer4f (.text:MmwDemo_CLIChirpQualitySigImgMonCfg)
                  00014f04    000000e8     libmmwavelink_xwr16xx.aer4f : rl_sensor.oer4f (.text:rlRfCalibDataStore)
                  00014fec    000000e4     mmw_cli.oer4f (.text:MmwDemo_CLIBpmCfg)
                  000150d0    000000e4     sysbios.aer4f : BIOS.obj (.text:ti_sysbios_knl_Task_Module_startup__E)
                  000151b4    000000e0     libcli_xwr16xx.aer4f : cli.oer4f (.text:CLI_open)
                  00015294    000000e0     libdma_xwr16xx.aer4f : dma.oer4f (.text:DMA_enableInterrupt)
                  00015374    0000000a     libosal_xwr16xx.aer4f : SemaphoreP_tirtos.oer4f (.text:SemaphoreP_post)
                  0001537e    00000002     --HOLE-- [fill = 0]
                  00015380    000000e0     sysbios.aer4f : BIOS.obj (.text:ti_sysbios_family_arm_v7a_Pmu_getCount__E)
                  00015460    000000e0                   : BIOS.obj (.text:ti_sysbios_family_arm_v7a_Pmu_startCounter__E)
                  00015540    000000de     libspi_xwr16xx.aer4f : mibspi_dma.oer4f (.text:MIBSPI_transfer)
                  0001561e    00000002     --HOLE-- [fill = 0]
                  00015620    000000dc                          : mibspi_dma.oer4f (.text:MIBSPI_control)
                  000156fc    000000dc     libmmwave_xwr16xx.aer4f : mmwave.oer4f (.text:MMWave_init)
                  000157d8    000000dc     libmmwavelink_xwr16xx.aer4f : rl_driver.oer4f (.text:rlDriverMsgCmdReply)
                  000158b4    000000dc     rtsv7R4_T_le_v3D16_eabi.lib : setvbuf.obj (.text)
                  00015990    000000dc     sysbios.aer4f : BIOS.obj (.text:ti_sysbios_family_arm_v7r_vim_Hwi_initIntController__I)
                  00015a6c    00000004     libmmwave_xwr16xx.aer4f : mmwave_link.oer4f (.text:MMWave_mboxRead)
                  00015a70    000000dc     sysbios.aer4f : BIOS.obj (.text:xdc_runtime_Memory_alloc__E)
                  00015b4c    000000d8     libspi_xwr16xx.aer4f : mibspi_dma.oer4f (.text:MIBSPI_sysDmaSetChanParams)
                  00015c24    000000d4     libmailbox_xwr16xx.aer4f : mailbox.oer4f (.text:Mailbox_read)
                  00015cf8    000000d4     libmmwavelink_xwr16xx.aer4f : rl_sensor.oer4f (.text:rlSetMultiBpmChirpConfig)
                  00015dcc    000000d2     libspi_xwr16xx.aer4f : mibspi_dma.oer4f (.text:MIBSPI_ISR)
                  00015e9e    00000002     --HOLE-- [fill = 0]
                  00015ea0    000000d0     libsoc_xwr16xx.aer4f : soc_xwr16xx_mss.oer4f (.text:SOC_controlSecureFirewall)
                  00015f70    000000d0     sysbios.aer4f : exc_Exception_asm.obj (.text:ti_sysbios_family_arm_exc_Exception_excHandlerAsm__I)
                  00016040    000000cc     mss_main.oer4f (.text:MmwDemo_configSensor)
                  0001610c    000000cc     mss_main.oer4f (.text:MmwDemo_isAllCfgInPendingState)
                  000161d8    000000cc     libmmwavelink_xwr16xx.aer4f : rl_sensor.oer4f (.text:rlRfCalibDataRestore)
                  000162a4    000000cc                                 : rl_sensor.oer4f (.text:rlSetChirpConfig)
                  00016370    000000cc     rtsv7R4_T_le_v3D16_eabi.lib : fflush.obj (.text)
                  0001643c    000000cc                                 : sscanf.obj (.text)
                  00016508    00000006     libedma_xwr16xx.aer4f : edma_low_level.oer4f (.text:EDMA3ErrIntrHighStatusGet)
                  0001650e    00000002     --HOLE-- [fill = 0]
                  00016510    000000cc     sysbios.aer4f : BIOS.obj (.text:ti_sysbios_timers_rti_Timer_initDevice__I)
                  000165dc    000000c8     libmmwave_xwr16xx.aer4f : mmwave_fullcfg.oer4f (.text:MMWave_addChirp)
                  000166a4    000000c8                             : mmwave_link.oer4f (.text:MMWave_configBPM)
                  0001676c    000000c8                             : mmwave_fullcfg.oer4f (.text:MMWave_flushCfg)
                  00016834    000000c8                             : mmwave_fullcfg.oer4f (.text:MMWave_getChirpHandle)
                  000168fc    000000c8     libmmwavelink_xwr16xx.aer4f : rl_sensor.oer4f (.text:rlSetFrameConfig)
                  000169c4    000000c4     libcbuff_xwr16xx.aer4f : cbuff_transfer.oer4f (.text:CBUFF_setupNonInterleaved_CP_ADC_CQ)
                  00016a88    000000c4     libdpm_xwr16xx.aer4f : dpm_core.oer4f (.text:DPM_deinit)
                  00016b4c    000000c4                          : dpm_core.oer4f (.text:DPM_ioctl)
                  00016c10    000000c4     sysbios.aer4f : BIOS.obj (.text:ti_sysbios_family_arm_v7r_vim_Hwi_Instance_finalize__E)
                  00016cd4    000000c2     libspi_xwr16xx.aer4f : mibspi_dma.oer4f (.text:MIBSPI_close)
                  00016d96    00000002     --HOLE-- [fill = 0]
                  00016d98    000000c0     mmw_cli.oer4f (.text:MmwDemo_CLIAnalogMonitorCfg)
                  00016e58    000000c0     mss_main.oer4f (.text:MmwDemo_isAllCfgInNonPendingState)
                  00016f18    000000c0     libmmwavelink_xwr16xx.aer4f : rl_driver.oer4f (.text:rlDriverMsgWrite)
                  00016fd8    000000bc     libcli_xwr16xx.aer4f : cli.oer4f (.text:CLI_help)
                  00017094    000000bc     libgpio_xwr16xx.aer4f : gpio.oer4f (.text:GPIO_write)
                  00017150    000000bc     libmmwave_xwr16xx.aer4f : mmwave_link.oer4f (.text:MMWave_computeCRC)
                  0001720c    000000bc     mmw_lvds_stream.oer4f (.text:MmwDemo_LVDSStream_EDMAInit)
                  000172c8    000000bc     rtsv7R4_T_le_v3D16_eabi.lib : open.obj (.text)
                  00017384    0000000a     libuart_xwr16xx.aer4f : UART.oer4f (.text:UART_close)
                  0001738e    00000002     --HOLE-- [fill = 0]
                  00017390    000000bc     sysbios.aer4f : BIOS.obj (.text:xdc_runtime_Core_deleteObject__I)
                  0001744c    000000b8     libcbuff_xwr16xx.aer4f : cbuff.oer4f (.text:CBUFF_ISR)
                  00017504    000000b8                            : cbuff_transfer.oer4f (.text:CBUFF_setupTransfer)
                  000175bc    000000b8     libdma_xwr16xx.aer4f : dma.oer4f (.text:DMA_getChannelInterruptFlag)
                  00017674    000000b6     libsoc_xwr16xx.aer4f : soc_mpu.o (.text)
                  0001772a    000000b2     libuart_xwr16xx.aer4f : uartsci_dma.oer4f (.text:UartSci_openDMA)
                  000177dc    000000b0     libcbuff_xwr16xx.aer4f : cbuff.oer4f (.text:CBUFF_deactivateSession)
                  0001788c    000000b0     libmmwave_xwr16xx.aer4f : mmwave_fullcfg.oer4f (.text:MMWave_addProfile)
                  0001793c    000000b0     mmw_cli.oer4f (.text:MmwDemo_CLIADCBufCfg)
                  000179ec    000000b0     libmmwavelink_xwr16xx.aer4f : rl_sensor.oer4f (.text:rlSetProfileConfig)
                  00017a9c    000000ae     mmwdemo_adcconfig.oer4f (.text:MmwDemo_ADCBufConfig)
                  00017b4a    000000ae     rtsv7R4_T_le_v3D16_eabi.lib : _io_perm.obj (.text)
                  00017bf8    000000ac     libesm_xwr16xx.aer4f : esm.oer4f (.text:ESM_processInterrupt)
                  00017ca4    000000a8     libadcbuf_xwr16xx.aer4f : adcbuf_mmwave.oer4f (.text:ADCBUF_MMWave_getChanBufAddr)
                  00017d4c    000000a8     libcli_xwr16xx.aer4f : cli_mmwave.oer4f (.text:CLI_MMWaveExtensionHelp)
                  00017df4    000000a8     libedma_xwr16xx.aer4f : edma_low_level.oer4f (.text:EDMA3Init)
                  00017e9c    000000a8     libmmwave_xwr16xx.aer4f : mmwave_link.oer4f (.text:MMWave_configureProfileChirp)
                  00017f44    000000a8                             : mmwave_fullcfg.oer4f (.text:MMWave_getBpmChirpHandle)
                  00017fec    000000a8     libpinmux_xwr16xx.aer4f : pinmux.oer4f (.text:Pinmux_Set_OverrideCtrl)
                  00018094    000000a8     libsoc_xwr16xx.aer4f : soc.oer4f (.text:SOC_deregisterSysIntListener)
                  0001813c    000000a8     libmmwavelink_xwr16xx.aer4f : rl_driver.oer4f (.text:rlDriverWaitForResponse)
                  000181e4    000000a8                                 : rl_sensor.oer4f (.text:rlSetAdvFrameConfig)
                  0001828c    00000004     libmmwave_xwr16xx.aer4f : mmwave_link.oer4f (.text:MMWave_registerInterruptHandler)
                  00018290    000000a8     sysbios.aer4f : BIOS.obj (.text:xdc_runtime_Error_print__E)
                  00018338    000000a4     libdma_xwr16xx.aer4f : dma.oer4f (.text:DMA_assignChannel)
                  000183dc    000000a4     libesm_xwr16xx.aer4f : esm.oer4f (.text:ESM_init)
                  00018480    000000a4     libmmwave_xwr16xx.aer4f : mmwave_fullcfg.oer4f (.text:MMWave_addBpmChirp)
                  00018524    000000a4                             : mmwave.oer4f (.text:MMWave_start)
                  000185c8    000000a4     libqspiflash_xwr16xx.aer4f : qspiflash.oer4f (.text:QSPIFlash_mmapWrite)
                  0001866c    000000a0                                : qspiflash.oer4f (.text:QSPIFlash_configMmapRead)
                  0001870c    000000a0                                : qspiflash_device_macronix.oer4f (.text:QSPIFlash_macronix_progQuadRead)
                  000187ac    000000a0     libsoc_xwr16xx.aer4f : soc.oer4f (.text:SOC_registerSysIntListener)
                  0001884c    00000004     libmmwave_xwr16xx.aer4f : mmwave_link.oer4f (.text:MMWave_unmaskHostIRQ)
                  00018850    000000a0     sysbios.aer4f : BIOS.obj (.text:xdc_runtime_Startup_exec__E)
                  000188f0    0000009f                   : BIOS.obj (.text:xdc_runtime_Text_putLab__E)
                  0001898f    00000001     --HOLE-- [fill = 0]
                  00018990    0000009c     libmmwave_xwr16xx.aer4f : mmwave_link.oer4f (.text:MMWave_configLink)
                  00018a2c    0000009c                             : mmwave_fullcfg.oer4f (.text:MMWave_getProfileHandle)
                  00018ac8    0000009c     mmw_cli.oer4f (.text:MmwDemo_CLIMeasureRangeBiasAndRxChanPhaseCfg)
                  00018b64    0000009c     libqspiflash_xwr16xx.aer4f : qspiflash_device_spansion.oer4f (.text:QSPIFlash_spansion_progQuadRead)
                  00018c00    0000009c     libuart_xwr16xx.aer4f : uartsci.oer4f (.text:UartSci_write)
                  00018c9c    0000009c     rtsv7R4_T_le_v3D16_eabi.lib : memcpy_t2.obj (.text)
                  00018d38    00000006     libedma_xwr16xx.aer4f : edma_low_level.oer4f (.text:EDMA3GetCCErrStatus)
                  00018d3e    00000002     --HOLE-- [fill = 0]
                  00018d40    0000009c     sysbios.aer4f : BIOS.obj (.text:ti_sysbios_heaps_HeapMem_alloc__E)
                  00018ddc    00000004     libmmwave_xwr16xx.aer4f : mmwave_link.oer4f (.text:MMWave_waitIRQStatus)
                  00018de0    0000009c     sysbios.aer4f : BIOS.obj (.text:ti_sysbios_knl_Clock_logTick__E)
                  00018e7c    00000004     mss_main.oer4f (.text:MmwDemo_sleep)
                  00018e80    0000009c     sysbios.aer4f : BIOS.obj (.text:ti_sysbios_utils_Load_logCPULoad__I)
                  00018f1c    0000009a     libdpm_xwr16xx.aer4f : dpm_msg.oer4f (.text:DPM_msgResponseHandler)
                  00018fb6    00000002     --HOLE-- [fill = 0]
                  00018fb8    00000098     libmmwave_xwr16xx.aer4f : mmwave_fullcfg.oer4f (.text:MMWave_getChirpCfg)
                  00019050    00000098     mmwdemo_rfparser.oer4f (.text:MmwDemo_RFParser_parseConfig)
                  000190e8    00000098     rtsv7R4_T_le_v3D16_eabi.lib : fclose.obj (.text)
                  00019180    00000098                                 : fputc.obj (.text)
                  00019218    00000098     sysbios.aer4f : vim_Hwi_asm_switch.obj (.text)
                  000192b0    00000098                   : BIOS.obj (.text:xdc_runtime_Assert_raise__I)
                  00019348    00000096     libedma_xwr16xx.aer4f : edma.oer4f (.text:EDMA_getErrorStatusInfo)
                  000193de    00000096     libuart_xwr16xx.aer4f : uartsci.oer4f (.text:UartSci_readChar)
                  00019474    00000094     libcbuff_xwr16xx.aer4f : cbuff_transfer.oer4f (.text:CBUFF_setupNonInterleaved_ADC)
                  00019508    00000094     mmw_lvds_stream.oer4f (.text:MmwDemo_LVDSStream_EDMAAllocateCBUFFHwChannel)
                  0001959c    00000094     mmw_lvds_stream.oer4f (.text:MmwDemo_LVDSStream_EDMAAllocateCBUFFSwChannel)
                  00019630    00000094     libmmwavelink_xwr16xx.aer4f : rl_driver.oer4f (.text:rlDriverDeInit)
                  000196c4    00000094                                 : rl_driver.oer4f (.text:rlDriverMsgReadCmdCtx)
                  00019758    00000094                                 : rl_driver.oer4f (.text:rlDriverProcRdMsg)
                  000197ec    00000094     sysbios.aer4f : vim_Hwi_asm.obj (.text:ti_sysbios_family_arm_v7r_vim_Hwi_dispatchIRQ__I)
                  00019880    00000094                   : BIOS.obj (.text:ti_sysbios_utils_Load_updateCurrentThreadTime__E)
                  00019914    00000090     libgpio_xwr16xx.aer4f : gpio.oer4f (.text:GPIO_init)
                  000199a4    00000090     libmailbox_xwr16xx.aer4f : mailbox.oer4f (.text:Mailbox_close)
                  00019a34    00000090     libuart_xwr16xx.aer4f : uartsci_dma.oer4f (.text:UartSci_initiateTxDMA)
                  00019ac4    00000090                           : uartsci.oer4f (.text:UartSci_read)
                  00019b54    0000000a                           : UART.oer4f (.text:UART_read)
                  00019b5e    00000002     --HOLE-- [fill = 0]
                  00019b60    00000090     sysbios.aer4f : BIOS.obj (.text:xdc_runtime_Core_assignLabel__I)
                  00019bf0    0000008c     libcli_xwr16xx.aer4f : cli_mmwave.oer4f (.text:CLI_MMWaveDataOutputMode)
                  00019c7c    0000008c     libsoc_xwr16xx.aer4f : soc.oer4f (.text:SOC_init)
                  00019d08    0000008c                          : soc_xwr16xx.oer4f (.text:SOC_translateAddress)
                  00019d94    0000008c     libuart_xwr16xx.aer4f : uartsci_dma.oer4f (.text:UartSci_initiateRxDMA)
                  00019e20    0000008c     libmmwavelink_xwr16xx.aer4f : rl_device.oer4f (.text:rlDevicePowerOn)
                  00019eac    0000008c                                 : rl_driver.oer4f (.text:rlDriverMsgReadSpawnCtx)
                  00019f38    00000088     libmmwave_xwr16xx.aer4f : mmwave_fullcfg.oer4f (.text:MMWave_getProfileCfg)
                  00019fc0    00000088     rtsv7R4_T_le_v3D16_eabi.lib : vsnprintf.obj (.text)
                  0001a048    00000088     mmw_mss_per4f.oer4f (.text:ti_sysbios_family_arm_v7r_vim_Hwi_create)
                  0001a0d0    00000086     libcbuff_xwr16xx.aer4f : cbuff_edma.oer4f (.text:CBUFF_closeEDMA)
                  0001a156    00000086     libspi_xwr16xx.aer4f : mibspi_dma.oer4f (.text:MIBSPI_readDataRAM)
                  0001a1dc    00000084     libmmwave_xwr16xx.aer4f : mmwave_dualcore.oer4f (.text:MMWave_deviceCfgAsyncEvent)
                  0001a260    00000084                             : mmwave_dualcore.oer4f (.text:MMWave_deviceEventFxn)
                  0001a2e4    00000084                             : mmwave_fullcfg.oer4f (.text:MMWave_getNumBpmChirp)
                  0001a368    00000084                             : mmwave.oer4f (.text:MMWave_open)
                  0001a3ec    00000004     libsoc_xwr16xx.aer4f : soc_xwr16xx.oer4f (.text:SOC_gateClock)
                  0001a3f0    00000084     sysbios.aer4f : BIOS.obj (.text:ti_sysbios_heaps_HeapMem_getStats__E)
                  0001a474    0000000a     libuart_xwr16xx.aer4f : UART.oer4f (.text:UART_write)
                  0001a47e    00000002     --HOLE-- [fill = 0]
                  0001a480    00000084     sysbios.aer4f : BIOS.obj (.text:ti_sysbios_knl_Task_stat__E)
                  0001a504    00000081     libcbuff_xwr16xx.aer4f : cbuff_edma.oer4f (.text:CBUFF_setupEDMAShadowLink)
                  0001a585    00000003     --HOLE-- [fill = 0]
                  0001a588    00000081     libspi_xwr16xx.aer4f : mibspi_dma.oer4f (.text:MIBSPI_sysDmaIntHandler)
                  0001a609    00000003     --HOLE-- [fill = 0]
                  0001a60c    00000080     libcli_xwr16xx.aer4f : cli_mmwave.oer4f (.text:CLI_MMWaveChannelCfg)
                  0001a68c    00000080     libdpm_xwr16xx.aer4f : dpm_mailbox.oer4f (.text:DPM_mboxRemoteMailboxCallbackFxn)
                  0001a70c    00000080     libmmwave_xwr16xx.aer4f : mmwave_fullcfg.oer4f (.text:MMWave_getBpmChirpCfg)
                  0001a78c    00000080     mmw_cli.oer4f (.text:MmwDemo_CLIAoAFovCfg)
                  0001a80c    00000080     libsoc_xwr16xx.aer4f : soc.oer4f (.text:SOC_getDeviceRFFreqScaleFactor)
                  0001a88c    00000080     libuart_xwr16xx.aer4f : uartsci.oer4f (.text:UartSci_writePolling)
                  0001a90c    00000080     libmmwavelink_xwr16xx.aer4f : rl_driver.oer4f (.text:rlDriverExecuteGetApi)
                  0001a98c    00000080     mmw_mss_per4f.oer4f (.text:ti_sysbios_knl_Task_create)
                  0001aa0c    00000004     libsoc_xwr16xx.aer4f : soc_xwr16xx.oer4f (.text:SOC_ungateClock)
                  0001aa10    00000080     sysbios.aer4f : BIOS.obj (.text:ti_sysbios_utils_Load_taskSwitchHook__E)
                  0001aa90    0000007e     libosal_xwr16xx.aer4f : HwiP_tirtos.oer4f (.text:HwiP_create)
                  0001ab0e    00000002     --HOLE-- [fill = 0]
                  0001ab10    0000007d     libcbuff_xwr16xx.aer4f : cbuff_lvds.oer4f (.text:CBUFF_initLVDSLinkListParams)
                  0001ab8d    00000003     --HOLE-- [fill = 0]
                  0001ab90    0000007c     libdpm_xwr16xx.aer4f : dpm_pipe.oer4f (.text:DPM_pipeSend)
                  0001ac0c    0000007c     libedma_xwr16xx.aer4f : edma.oer4f (.text:EDMA_clearErrors)
                  0001ac88    0000007c     libmmwave_xwr16xx.aer4f : mmwave_dualcore.oer4f (.text:MMWave_deviceOpenFxn)
                  0001ad04    0000007c     libmailbox_xwr16xx.aer4f : mailbox.oer4f (.text:Mailbox_init)
                  0001ad80    0000007c     mmw_lvds_stream.oer4f (.text:MmwDemo_LVDSStream_SwTriggerFrameDone)
                  0001adfc    0000007c     libuart_xwr16xx.aer4f : uartsci.oer4f (.text:UartSci_readPolling)
                  0001ae78    0000007c     sysbios.aer4f : arm_TaskSupport_asm.obj (.text:_ti_sysbios_family_arm_TaskSupport_buildTaskStack)
                  0001aef4    0000000a     libuart_xwr16xx.aer4f : UART.oer4f (.text:UART_writePolling)
                  0001aefe    00000002     --HOLE-- [fill = 0]
                  0001af00    0000007c     sysbios.aer4f : BIOS.obj (.text:ti_sysbios_family_arm_v7r_vim_Hwi_phantomIntHandler__I)
                  0001af7c    0000007b     mmw_cli.oer4f (.text:MmwDemo_CLIGetSubframe)
                  0001aff7    00000001     --HOLE-- [fill = 0]
                  0001aff8    0000007a     rtsv7R4_T_le_v3D16_eabi.lib : memset_t2.obj (.text)
                  0001b072    00000002     --HOLE-- [fill = 0]
                  0001b074    00000078     libadcbuf_xwr16xx.aer4f : adcbuf_mmwave.oer4f (.text:ADCBUF_MMWave_getCQBufAddr)
                  0001b0ec    00000078     libcbuff_xwr16xx.aer4f : cbuff_transfer.oer4f (.text:CBUFF_configUserBufferEDMA)
                  0001b164    00000078                            : cbuff.oer4f (.text:CBUFF_setVC)
                  0001b1dc    00000078     libcli_xwr16xx.aer4f : cli_mmwave.oer4f (.text:CLI_MMWaveADCCfg)
                  0001b254    00000078     libspi_xwr16xx.aer4f : mibspi_dma.oer4f (.text:MIBSPI_writeDataRAM)
                  0001b2cc    00000078     libmmwave_xwr16xx.aer4f : mmwave_fullcfg.oer4f (.text:MMWave_getNumChirps)
                  0001b344    00000078     libqspiflash_xwr16xx.aer4f : qspiflash.oer4f (.text:QSPIFlash_mmapRead)
                  0001b3bc    00000078                                : qspiflash.oer4f (.text:QSPIFlash_sectorErase)
                  0001b434    00000078     libqspi_xwr16xx.aer4f : qspi.oer4f (.text:QSPI_cfgRead)
                  0001b4ac    00000078     mmw_mss_per4f.oer4f (.text:xdc_runtime_LoggerBuf_Object__create__S)
                  0001b524    0000000a     libmathutils.aer4f : mathutils.oer4f (.text:mathUtils_floorLog2)
                  0001b52e    00000002     --HOLE-- [fill = 0]
                  0001b530    00000078     sysbios.aer4f : BIOS.obj (.text:xdc_runtime_System_exit__E)
                  0001b5a8    00000077     libqspi_xwr16xx.aer4f : qspi.oer4f (.text:QSPI_memAccessCfg)
                  0001b61f    00000001     --HOLE-- [fill = 0]
                  0001b620    00000074     libmmwave_xwr16xx.aer4f : mmwave.oer4f (.text:MMWave_config)
                  0001b694    00000074                             : mmwave_dualcore.oer4f (.text:MMWave_deviceStartFxn)
                  0001b708    00000074     boot.aer4f : boot.oer4f (.text)
                  0001b77c    00000074     libmmwavelink_xwr16xx.aer4f : rl_driver.oer4f (.text:rlDriverAsyncEventHandler)
                  0001b7f0    00000074     rtsv7R4_T_le_v3D16_eabi.lib : getdevice.obj (.text)
                  0001b864    00000074                                 : s_frexp.obj (.text)
                  0001b8d8    00000006     libedma_xwr16xx.aer4f : edma_low_level.oer4f (.text:EDMA3GetErrIntrStatus)
                  0001b8de    00000002     --HOLE-- [fill = 0]
                  0001b8e0    00000074     sysbios.aer4f : BIOS.obj (.text:xdc_runtime_LoggerBuf_Module_startup__E)
                  0001b954    00000072     libmmwavelink_xwr16xx.aer4f : rl_driver.oer4f (.text:rlDriverClientCbCheck)
                  0001b9c6    00000002     --HOLE-- [fill = 0]
                  0001b9c8    00000070     libedma_xwr16xx.aer4f : edma.oer4f (.text:EDMA_error_isr)
                  0001ba38    00000070     libhsiheader_xwr16xx.aer4f : hsiheader.oer4f (.text:HSIHeader_deleteHeader)
                  0001baa8    00000070     libmmwave_xwr16xx.aer4f : mmwave_dualcore.oer4f (.text:MMWave_deviceCfgFxn)
                  0001bb18    00000070     mmw_cli.oer4f (.text:MmwDemo_CLIGuiMonSel)
                  0001bb88    00000070     mmwdemo_flash.oer4f (.text:mmwDemo_flashInit)
                  0001bbf8    00000006     libedma_xwr16xx.aer4f : edma_low_level.oer4f (.text:EDMA3QdmaGetErrIntrStatus)
                  0001bbfe    00000002     --HOLE-- [fill = 0]
                  0001bc00    00000070     sysbios.aer4f : BIOS.obj (.text:ti_sysbios_family_arm_v7r_vim_Hwi_getStackInfo__E)
                  0001bc70    00000070                   : BIOS.obj (.text:xdc_runtime_Text_xprintf__I)
                  0001bce0    0000006c     libdma_xwr16xx.aer4f : dma.oer4f (.text:DMA_disableChannel)
                  0001bd4c    0000006c                          : dma.oer4f (.text:DMA_enableChannel)
                  0001bdb8    0000006c     libmmwave_xwr16xx.aer4f : mmwave_link.oer4f (.text:MMWave_spawn)
                  0001be24    0000006c                             : mmwave_link.oer4f (.text:MMWave_stopLink)
                  0001be90    0000006c     mmw_lvds_stream.oer4f (.text:MmwDemo_LVDSStream_EDMAFreeCBUFFHwChannel)
                  0001befc    0000006c     mmw_lvds_stream.oer4f (.text:MmwDemo_LVDSStream_EDMAFreeCBUFFSwChannel)
                  0001bf68    0000006c     mmw_lvds_stream.oer4f (.text:MmwDemo_LVDSStream_HwTriggerFrameDone)
                  0001bfd4    0000006c     libpinmux_xwr16xx.aer4f : pinmux.oer4f (.text:Pinmux_Set_FuncSel)
                  0001c040    0000006c     libqspiflash_xwr16xx.aer4f : qspiflash.oer4f (.text:QSPIFlashReadSFDP)
                  0001c0ac    0000006c     libqspi_xwr16xx.aer4f : qspi.oer4f (.text:QSPI_cfgWrite)
                  0001c118    0000006c     rtsv7R4_T_le_v3D16_eabi.lib : copy_decompress_lzss.obj (.text:decompress:lzss)
                  0001c184    0000006c                                 : trgmsg.obj (.text)
                  0001c1f0    0000006c     sysbios.aer4f : BIOS.obj (.text:ti_sysbios_heaps_HeapMem_init__I)
                  0001c25c    00000004     mmw_mss_per4f.oer4f (.text:ti_sysbios_BIOS_RtsGateProxy_enter__E)
                  0001c260    0000006c     sysbios.aer4f : BIOS.obj (.text:ti_sysbios_knl_Task_allBlockedFunction__I)
                  0001c2cc    00000004     mmw_mss_per4f.oer4f (.text:ti_sysbios_BIOS_RtsGateProxy_leave__E)
                  0001c2d0    0000006c     sysbios.aer4f : BIOS.obj (.text:xdc_runtime_System_atexit__E)
                  0001c33c    0000006a     libuart_xwr16xx.aer4f : uartsci.oer4f (.text:UartSci_control)
                  0001c3a6    00000002     --HOLE-- [fill = 0]
                  0001c3a8    00000068     libdpm_xwr16xx.aer4f : dpm_msg.oer4f (.text:DPM_msgDPCCfgHandler)
                  0001c410    00000068     libmmwave_xwr16xx.aer4f : mmwave_dualcore.oer4f (.text:MMWave_deviceStopFxn)
                  0001c478    00000068     libmailbox_xwr16xx.aer4f : mailbox.oer4f (.text:Mailbox_readFlush)
                  0001c4e0    00000068     mss_main.oer4f (.text:MmwDemo_convertCfarToLinear)
                  0001c548    00000068     libmmwavelink_xwr16xx.aer4f : rl_driver.oer4f (.text:rlDriverExecuteSetApi)
                  0001c5b0    00000068                                 : rl_driver.oer4f (.text:rlDriverHostIrqHandler)
                  0001c618    00000068     rtsv7R4_T_le_v3D16_eabi.lib : hostlseek.obj (.text)
                  0001c680    00000068                                 : hostrename.obj (.text)
                  0001c6e8    00000006     libosal_xwr16xx.aer4f : HwiP_tirtos.oer4f (.text:HwiP_restore)
                  0001c6ee    00000002     --HOLE-- [fill = 0]
                  0001c6f0    00000068     sysbios.aer4f : BIOS.obj (.text:ti_sysbios_family_arm_v7r_tms570_Core_Module_startup__E)
                  0001c758    00000006     libmmwavelink_xwr16xx.aer4f : rl_controller.oer4f (.text:rlGetSubBlockId)
                  0001c75e    00000002     --HOLE-- [fill = 0]
                  0001c760    00000068     sysbios.aer4f : BIOS.obj (.text:xdc_runtime_Core_assignParams__I)
                  0001c7c8    00000066     libmmwavelink_xwr16xx.aer4f : rl_device.oer4f (.text:rlDevicePowerOff)
                  0001c82e    00000002     --HOLE-- [fill = 0]
                  0001c830    00000064     libcli_xwr16xx.aer4f : cli_mmwave.oer4f (.text:CLI_MMWaveLowPowerCfg)
                  0001c894    00000064     libedma_xwr16xx.aer4f : edma.oer4f (.text:EDMA_getTransferControllerErrorStatusInfo)
                  0001c8f8    00000064     libosal_xwr16xx.aer4f : SemaphoreP_tirtos.oer4f (.text:SemaphoreP_create)
                  0001c95c    00000064     rtsv7R4_T_le_v3D16_eabi.lib : fseek.obj (.text)
                  0001c9c0    00000064                                 : sprintf.obj (.text)
                  0001ca24    00000064     sysbios.aer4f : exc_Exception_asm.obj (.text:ti_sysbios_family_arm_exc_Exception_initCore0__I)
                  0001ca88    00000006     libmmwavelink_xwr16xx.aer4f : rl_controller.oer4f (.text:rlGetSubBlockLen)
                  0001ca8e    00000002     --HOLE-- [fill = 0]
                  0001ca90    00000064     sysbios.aer4f : BIOS.obj (.text:ti_sysbios_hal_Hwi_checkStack)
                  0001caf4    00000062     mmw_cli.oer4f (.text:MmwDemo_CLICfarFovCfg)
                  0001cb56    00000002     --HOLE-- [fill = 0]
                  0001cb58    00000060     libcli_xwr16xx.aer4f : cli_mmwave.oer4f (.text:CLI_MMWaveExtensionHandler)
                  0001cbb8    00000060     libosal_xwr16xx.aer4f : DebugP_tirtos.oer4f (.text:DebugP_log2)
                  0001cc18    00000060                           : DebugP_tirtos.oer4f (.text:DebugP_log3)
                  0001cc78    00000004     mmw_mss_per4f.oer4f (.text:ti_sysbios_BIOS_nullFunc__I)
                  0001cc7c    00000004     mmw_mss_per4f.oer4f (.text:ti_sysbios_family_arm_v7r_vim_Hwi_delete)
                  0001cc80    00000060     sysbios.aer4f : BIOS.obj (.text:ti_sysbios_timers_rti_Timer_stop__E)
                  0001cce0    0000005e     libuart_xwr16xx.aer4f : uartsci.oer4f (.text:UartSci_writeChar)
                  0001cd3e    00000002     --HOLE-- [fill = 0]
                  0001cd40    0000005c     libedma_xwr16xx.aer4f : edma.oer4f (.text:EDMA_getErrorStatus)
                  0001cd9c    0000005c     libmmwave_xwr16xx.aer4f : mmwave_link.oer4f (.text:MMWave_mboxOpen)
                  0001cdf8    0000005c                             : mmwave.oer4f (.text:MMWave_stop)
                  0001ce54    0000005c     mss_main.oer4f (.text:MmwDemo_mmWaveCtrlTask)
                  0001ceb0    0000005c     libqspiflash_xwr16xx.aer4f : qspiflash.oer4f (.text:QSPIFlashGetDeviceID)
                  0001cf0c    0000005c     libsoc_xwr16xx.aer4f : soc.oer4f (.text:SOC_enableLVDS)
                  0001cf68    0000005c     rtsv7R4_T_le_v3D16_eabi.lib : hostopen.obj (.text)
                  0001cfc4    0000005c                                 : hostread.obj (.text)
                  0001d020    0000005a     libuart_xwr16xx.aer4f : uartsci.oer4f (.text:UartSci_readCancel)
                  0001d07a    0000005a     libmmwavelink_xwr16xx.aer4f : rl_driver.oer4f (.text:rlDriverCalChkSum)
                  0001d0d4    00000058     libdpm_xwr16xx.aer4f : dpm_core.oer4f (.text:DPM_execute)
                  0001d12c    00000058                          : dpm_mailbox.oer4f (.text:DPM_mboxInit)
                  0001d184    00000058     libosal_xwr16xx.aer4f : DebugP_tirtos.oer4f (.text:DebugP_log0)
                  0001d1dc    00000058                           : DebugP_tirtos.oer4f (.text:DebugP_log1)
                  0001d234    00000058     libedma_xwr16xx.aer4f : edma_low_level.oer4f (.text:EDMA3EnableChInShadowReg)
                  0001d28c    00000058     libesm_xwr16xx.aer4f : esm.oer4f (.text:ESM_highpriority_FIQ)
                  0001d2e4    00000058     libmmwave_xwr16xx.aer4f : mmwave.oer4f (.text:MMWave_execute)
                  0001d33c    00000058                             : mmwave_link.oer4f (.text:MMWave_initCRC)
                  0001d394    00000058     mmw_cli.oer4f (.text:MmwDemo_CLISensorStop)
                  0001d3ec    00000058     mss_main.oer4f (.text:MmwDemo_EDMA_errorCallbackFxn)
                  0001d444    00000058     mss_main.oer4f (.text:MmwDemo_EDMA_transferControllerErrorCallbackFxn)
                  0001d49c    00000058     libqspiflash_xwr16xx.aer4f : qspiflash.oer4f (.text:QSPIFlash_configMmapWrite)
                  0001d4f4    00000058     libuart_xwr16xx.aer4f : uartsci_dma.oer4f (.text:UartSci_closeDMA)
                  0001d54c    00000058     mmwdemo_flash.oer4f (.text:mmwDemo_flashRead)
                  0001d5a4    00000058     rtsv7R4_T_le_v3D16_eabi.lib : close.obj (.text)
                  0001d5fc    00000058                                 : hostwrite.obj (.text)
                  0001d654    00000004     mmw_mss_per4f.oer4f (.text:ti_sysbios_heaps_HeapMem_Module_GateProxy_enter__E)
                  0001d658    00000004     mmw_mss_per4f.oer4f (.text:ti_sysbios_heaps_HeapMem_Module_GateProxy_leave__E)
                  0001d65c    00000004     mmw_mss_per4f.oer4f (.text:ti_sysbios_knl_Clock_TimerProxy_getMaxTicks__E)
                  0001d660    00000058     sysbios.aer4f : BIOS.obj (.text:ti_sysbios_family_arm_TaskSupport_start__E)
                  0001d6b8    00000056     libedma_xwr16xx.aer4f : edma.oer4f (.text:EDMA_check4kSiErrata_boundaryCheckUtilType1)
                  0001d70e    00000056     libmmwavelink_xwr16xx.aer4f : rl_driver.oer4f (.text:rlDriverOsiCbCheck)
                  0001d764    00000054     libcrc_xwr16xx.aer4f : crc.oer4f (.text:CRC_getTransactionId)
                  0001d7b8    00000054     libdma_xwr16xx.aer4f : dma.oer4f (.text:DMA_freeChannel)
                  0001d80c    00000054     libmmwave_xwr16xx.aer4f : mmwave_link.oer4f (.text:MMWave_initLink)
                  0001d860    00000054     mss_main.oer4f (.text:MmwDemo_CfgUpdate)
                  0001d8b4    00000054     mss_main.oer4f (.text:MmwDemo_resetStaticCfgPendingState)
                  0001d908    00000054     libqspiflash_xwr16xx.aer4f : qspiflash.oer4f (.text:QSPIFlash_writeEnable)
                  0001d95c    00000054     librtrimutils.aer4f : rtrimutils.oer4f (.text:rtrim_set)
                  0001d9b0    00000054     rtsv7R4_T_le_v3D16_eabi.lib : ltoa.obj (.text)
                  0001da04    00000004     mmw_mss_per4f.oer4f (.text:ti_sysbios_knl_Semaphore_delete)
                  0001da08    00000004     mmw_mss_per4f.oer4f (.text:xdc_runtime_LoggerBuf_Module_GateProxy_enter__E)
                  0001da0c    00000004     mmw_mss_per4f.oer4f (.text:xdc_runtime_LoggerBuf_Module_GateProxy_leave__E)
                  0001da10    00000054     sysbios.aer4f : BIOS.obj (.text:ti_sysbios_hal_Hwi_initStack)
                  0001da64    00000054     mmw_mss_per4f.oer4f (.text:ti_sysbios_knl_Semaphore_create)
                  0001dab8    00000054     mmw_mss_per4f.oer4f (.text:ti_sysbios_rts_MemAlloc_alloc)
                  0001db0c    00000004     mmw_mss_per4f.oer4f (.text:xdc_runtime_Startup_reset__I)
                  0001db10    00000053     sysbios.aer4f : BIOS.obj (.text:xdc_runtime_Text_printVisFxn__I)
                  0001db63    00000001     --HOLE-- [fill = 0]
                  0001db64    00000051     libspi_xwr16xx.aer4f : mibspi_dma.oer4f (.text:MIBSPI_sysDmaChanDeInit)
                  0001dbb5    00000003     --HOLE-- [fill = 0]
                  0001dbb8    00000050     libcrc_xwr16xx.aer4f : crc.oer4f (.text:CRC_getSignature)
                  0001dc08    00000050     libdpm_xwr16xx.aer4f : dpm_core.oer4f (.text:DPM_synch)
                  0001dc58    00000050     libedma_xwr16xx.aer4f : edma_low_level.oer4f (.text:EDMA3MapChToEvtQ)
                  0001dca8    00000050     libmmwave_xwr16xx.aer4f : mmwave.oer4f (.text:MMWave_sync)
                  0001dcf8    00000050     mmw_cli.oer4f (.text:MmwDemo_CLIMultiObjBeamForming)
                  0001dd48    00000050     mmw_cli.oer4f (.text:MmwDemo_CLIQueryDemoStatus)
                  0001dd98    00000050     mss_main.oer4f (.text:mmwDemo_mssDPMTask)
                  0001dde8    00000050     libmmwavelink_xwr16xx.aer4f : rl_driver.oer4f (.text:rlDeviceIdentifyCmdDir)
                  0001de38    00000050                                 : rl_driver.oer4f (.text:rlDriverVerifyCRC)
                  0001de88    00000050     rtsv7R4_T_le_v3D16_eabi.lib : atoi.obj (.text)
                  0001ded8    00000050                                 : exit.obj (.text)
                  0001df28    00000050                                 : u_div32.obj (.text)
                  0001df78    00000004     mmw_mss_per4f.oer4f (.text:xdc_runtime_System_Module_GateProxy_enter__E)
                  0001df7c    00000004     mmw_mss_per4f.oer4f (.text:xdc_runtime_System_Module_GateProxy_leave__E)
                  0001df80    00000050     sysbios.aer4f : BIOS.obj (.text:ti_sysbios_family_arm_a15_TimestampProvider_get64__E)
                  0001dfd0    00000050                   : BIOS.obj (.text:ti_sysbios_knl_Semaphore_pendTimeout__I)
                  0001e020    0000004c     libcli_xwr16xx.aer4f : cli.oer4f (.text:CLI_write)
                  0001e06c    0000004c     libedma_xwr16xx.aer4f : edma.oer4f (.text:EDMA_disableChannel)
                  0001e0b8    0000004c                           : edma.oer4f (.text:EDMA_enableChannel)
                  0001e104    0000004c     libmailbox_xwr16xx.aer4f : mailbox.oer4f (.text:Mailbox_boxEmptyISRProcessing)
                  0001e150    0000004c     libqspiflash_xwr16xx.aer4f : qspiflash_device_macronix.oer4f (.text:QSPIFlash_macronix_init)
                  0001e19c    0000004c     libuart_xwr16xx.aer4f : uartsci.oer4f (.text:UartSci_writeCancel)
                  0001e1e8    0000004c     librtrimutils.aer4f : rtrimutils.oer4f (.text:rtrim_get)
                  0001e234    0000004c     rtsv7R4_T_le_v3D16_eabi.lib : cpy_tbl.obj (.text)
                  0001e280    0000004c     mmw_mss_per4f.oer4f (.text:ti_sysbios_gates_GateHwi_Object__create__S)
                  0001e2cc    0000004c     mmw_mss_per4f.oer4f (.text:ti_sysbios_gates_GateMutex_Object__create__S)
                  0001e318    0000004c     mmw_mss_per4f.oer4f (.text:ti_sysbios_heaps_HeapMem_Object__create__S)
                  0001e364    0000004c     mmw_mss_per4f.oer4f (.text:ti_sysbios_knl_Semaphore_construct)
                  0001e3b0    0000004a     libdpm_xwr16xx.aer4f : dpm_mailbox.oer4f (.text:DPM_mboxSendResult)
                  0001e3fa    0000004a     libmailbox_xwr16xx.aer4f : mailbox.oer4f (.text:Mailbox_boxFullISRProcessing)
                  0001e444    00000049     mmw_lvds_stream.oer4f (.text:MmwDemo_LVDSStream_EDMAAllocateCBUFFChannel)
                  0001e48d    00000001     --HOLE-- [fill = 0]
                  0001e48e    00000048     libcbuff_xwr16xx.aer4f : cbuff_transfer.oer4f (.text:CBUFF_setup_USER)
                  0001e4d6    00000048     libdpm_xwr16xx.aer4f : dpm_pipe.oer4f (.text:DPM_pipeRecv)
                  0001e51e    00000002     --HOLE-- [fill = 0]
                  0001e520    00000048     mmwdemo_flash.oer4f (.text:mmwDemo_flashWrite)
                  0001e568    00000048     libmmwavelink_xwr16xx.aer4f : rl_device.oer4f (.text:rlDeviceGetVersion)
                  0001e5b0    00000048                                 : rl_driver.oer4f (.text:rlDriverOsiInit)
                  0001e5f8    00000048     mmw_mss_per4f.oer4f (.text:ti_sysbios_knl_Clock_doTick__I)
                  0001e640    00000046     libmailbox_xwr16xx.aer4f : mailbox.oer4f (.text:CSL_FINSR)
                  0001e686    00000002     --HOLE-- [fill = 0]
                  0001e688    00000045     libspi_xwr16xx.aer4f : mibspi_dma.oer4f (.text:MIBSPI_enablePinSettings)
                  0001e6cd    00000003     --HOLE-- [fill = 0]
                  0001e6d0    00000044     libadcbuf_xwr16xx.aer4f : adcbuf_mmwave.oer4f (.text:ADCBUF_MMWave_close)
                  0001e714    00000044     libcrc_xwr16xx.aer4f : crc.oer4f (.text:CRC_resetSignature)
                  0001e758    00000044     libdpm_xwr16xx.aer4f : dpm_core.oer4f (.text:DPM_start)
                  0001e79c    00000044                          : dpm_core.oer4f (.text:DPM_stop)
                  0001e7e0    00000044     libedma_xwr16xx.aer4f : edma.oer4f (.text:EDMA_linkParamSets)
                  0001e824    00000044     libmailbox_xwr16xx.aer4f : mailbox.oer4f (.text:Mailbox_boxFullISRMssDss)
                  0001e868    00000044     libsoc_xwr16xx.aer4f : soc_xwr16xx_mss.oer4f (.text:SOC_resetDMA)
                  0001e8ac    00000044     rtsv7R4_T_le_v3D16_eabi.lib : hostclose.obj (.text)
                  0001e8f0    00000044                                 : hostunlink.obj (.text)
                  0001e934    0000000c                                 : fputc.obj (.tramp.putchar.1)
                  0001e940    00000044     sysbios.aer4f : BIOS.obj (.text:ti_sysbios_heaps_HeapMem_free__E)
                  0001e984    00000044     mmw_mss_per4f.oer4f (.text:ti_sysbios_knl_Queue_construct)
                  0001e9c8    00000008     sysbios.aer4f : BIOS.obj (.tramp.ti_sysbios_family_arm_v7r_vim_Hwi_enableInterrupt__E.1)
                  0001e9d0    00000044                   : BIOS.obj (.text:ti_sysbios_timers_rti_Timer_periodicStub__E)
                  0001ea14    00000042     libcbuff_xwr16xx.aer4f : cbuff_lvds.oer4f (.text:CBUFF_closeLVDS)
                  0001ea56    00000042     libedma_xwr16xx.aer4f : edma.oer4f (.text:EDMA_transferController_error_isr)
                  0001ea98    00000042     libmmwave_xwr16xx.aer4f : mmwave_link.oer4f (.text:MMWave_executeLink)
                  0001eada    00000042     libmmwavelink_xwr16xx.aer4f : rl_controller.oer4f (.text:rlGetSubBlock)
                  0001eb1c    00000040     libspi_xwr16xx.aer4f : mibspi_dma.oer4f (.text:MIBSPI_sysDmaChanInit)
                  0001eb5c    00000040     mmw_cli.oer4f (.text:MmwDemo_CLIClutterRemoval)
                  0001eb9c    00000040     mmw_cli.oer4f (.text:MmwDemo_CLIExtendedMaxVelocity)
                  0001ebdc    00000040     libqspiflash_xwr16xx.aer4f : qspiflash.oer4f (.text:QSPIFlash_progQuadRead)
                  0001ec1c    00000040                                : qspiflash_device_spansion.oer4f (.text:QSPIFlash_spansion_init)
                  0001ec5c    00000040     libmmwavelink_xwr16xx.aer4f : rl_driver.oer4f (.text:rlDriverValidateHdr)
                  0001ec9c    00000040     rtsv7R4_T_le_v3D16_eabi.lib : strtok.obj (.text)
                  0001ecdc    00000040     mmw_mss_per4f.oer4f (.text:ti_sysbios_BIOS_atExitFunc__I)
                  0001ed1c    00000004     --HOLE-- [fill = 0]
                  0001ed20    00000040     sysbios.aer4f : BIOS.obj (.text:xdc_runtime_SysStd_abort__E)
                  0001ed60    0000003e     libadcbuf_xwr16xx.aer4f : adcbuf_mmwave.oer4f (.text:CSL_FINSR)
                  0001ed9e    0000003e     libcbuff_xwr16xx.aer4f : cbuff.oer4f (.text:CSL_FINSR)
                  0001eddc    0000003e                            : cbuff_lvds.oer4f (.text:CSL_FINSR)
                  0001ee1a    0000003e     libcrc_xwr16xx.aer4f : crc.oer4f (.text:CSL_FINSR)
                  0001ee58    0000003e     libdma_xwr16xx.aer4f : dma.oer4f (.text:CSL_FINSR)
                  0001ee96    0000003e     libgpio_xwr16xx.aer4f : gpio.oer4f (.text:CSL_FINSR)
                  0001eed4    0000003e     libpinmux_xwr16xx.aer4f : pinmux.oer4f (.text:CSL_FINSR)
                  0001ef12    0000003e     libqspi_xwr16xx.aer4f : qspi.oer4f (.text:CSL_FINSR)
                  0001ef50    0000003e     libsoc_xwr16xx.aer4f : soc.oer4f (.text:CSL_FINSR)
                  0001ef8e    0000003e                          : soc_xwr16xx.oer4f (.text:CSL_FINSR)
                  0001efcc    0000003e                          : soc_xwr16xx_mss.oer4f (.text:CSL_FINSR)
                  0001f00a    0000003e     libspi_xwr16xx.aer4f : mibspi_dma.oer4f (.text:CSL_FINSR)
                  0001f048    0000003e     libuart_xwr16xx.aer4f : uartsci.oer4f (.text:CSL_FINSR)
                  0001f086    0000003e     libdpm_xwr16xx.aer4f : dpm_msg.oer4f (.text:DPM_msgStopHandler)
                  0001f0c4    0000003e     libmmwave_xwr16xx.aer4f : mmwave.oer4f (.text:MMWave_decodeError)
                  0001f102    0000003e     libuart_xwr16xx.aer4f : uartsci.oer4f (.text:UartSci_close)
                  0001f140    0000003e     mmwdemo_monitor.oer4f (.text:mmwDemo_cfgAnalogMonitor)
                  0001f17e    0000003c     libcbuff_xwr16xx.aer4f : cbuff_transfer.oer4f (.text:CBUFF_configCQEDMA)
                  0001f1ba    00000002     --HOLE-- [fill = 0]
                  0001f1bc    0000003c     libcli_xwr16xx.aer4f : cli_mmwave.oer4f (.text:CLI_MMWaveFlushCfg)
                  0001f1f8    0000003c     libedma_xwr16xx.aer4f : edma.oer4f (.text:EDMA_chainChannels)
                  0001f234    0000003c                           : edma.oer4f (.text:EDMA_getTransferControllerErrorStatus)
                  0001f270    0000003c     libspi_xwr16xx.aer4f : mibspi_dma.oer4f (.text:MIBSPI_getStats)
                  0001f2ac    0000003c     libmailbox_xwr16xx.aer4f : mailbox.oer4f (.text:Mailbox_writeReset)
                  0001f2e8    0000003c     libsoc_xwr16xx.aer4f : soc.oer4f (.text:SOC_unhaltBSS)
                  0001f324    0000003c     sysbios.aer4f : vim_Hwi_asm.obj (.text:ti_sysbios_family_arm_v7r_vim_Hwi_init__I)
                  0001f360    0000003c                   : BIOS.obj (.text:xdc_runtime_System_aprintf_va__F)
                  0001f39c    0000003a     libosal_xwr16xx.aer4f : HwiP_tirtos.oer4f (.text:HwiP_delete)
                  0001f3d6    00000038     libcbuff_xwr16xx.aer4f : cbuff_transfer.oer4f (.text:CBUFF_addUserBufferLLEntry)
                  0001f40e    00000038                            : cbuff_transfer.oer4f (.text:CBUFF_setupHeader)
                  0001f446    00000002     --HOLE-- [fill = 0]
                  0001f448    00000038     libcli_xwr16xx.aer4f : cli_mmwave.oer4f (.text:CLI_MMWaveExtensionInit)
                  0001f480    00000038     libedma_xwr16xx.aer4f : edma_low_level.oer4f (.text:EDMA3ClrMissEvt)
                  0001f4b8    00000038     libspi_xwr16xx.aer4f : SPI.oer4f (.text:SPI_init)
                  0001f4f0    00000038                          : SPI.oer4f (.text:SPI_open)
                  0001f528    00000038     libuart_xwr16xx.aer4f : UART.oer4f (.text:UART_init)
                  0001f560    00000038     mmw_mss_per4f.oer4f (.text:ti_sysbios_BIOS_startFunc__I)
                  0001f598    00000008     sysbios.aer4f : BIOS.obj (.tramp.ti_sysbios_family_arm_v7r_vim_Hwi_disableInterrupt__E.1)
                  0001f5a0    00000038                   : BIOS.obj (.text:xdc_runtime_System_printf_va__F)
                  0001f5d8    00000036     libmmwavelink_xwr16xx.aer4f : rl_controller.oer4f (.text:rlAppendSubBlock)
                  0001f60e    00000036     rtsv7R4_T_le_v3D16_eabi.lib : strncpy.obj (.text)
                  0001f644    00000034     libadcbuf_xwr16xx.aer4f : ADCBuf.oer4f (.text:ADCBuf_open)
                  0001f678    00000034     libedma_xwr16xx.aer4f : edma.oer4f (.text:EDMA_configTransferControllerError)
                  0001f6ac    00000034     libspi_xwr16xx.aer4f : mibspi_dma.oer4f (.text:MIBSPI_checkTGComplete)
                  0001f6e0    00000034     libmmwave_xwr16xx.aer4f : mmwave_link.oer4f (.text:MMWave_mboxWrite)
                  0001f714    00000034     libsoc_xwr16xx.aer4f : soc_xwr16xx_mss.oer4f (.text:SOC_isSecureDevice)
                  0001f748    00000034                          : soc_xwr16xx.oer4f (.text:SOC_setMMWaveDSSLinkState)
                  0001f77c    00000034                          : soc_xwr16xx.oer4f (.text:SOC_setMMWaveMSSLinkState)
                  0001f7b0    00000034                          : soc_xwr16xx.oer4f (.text:SOC_setMSSLinkState)
                  0001f7e4    00000034     libspi_xwr16xx.aer4f : SPI.oer4f (.text:SPI_Params_init)
                  0001f818    00000034     libuart_xwr16xx.aer4f : UART.oer4f (.text:UART_open)
                  0001f84c    00000034     mmw_mss_per4f.oer4f (.text:ti_sysbios_BIOS_registerRTSLock__I)
                  0001f880    00000034     mmw_mss_per4f.oer4f (.text:ti_sysbios_BIOS_removeRTSLock__I)
                  0001f8b4    00000034     mmw_mss_per4f.oer4f (.text:ti_sysbios_family_arm_v7r_vim_Hwi_Object__delete__S)
                  0001f8e8    00000034     mmw_mss_per4f.oer4f (.text:ti_sysbios_gates_GateMutex_Object__delete__S)
                  0001f91c    00000004     --HOLE-- [fill = 0]
                  0001f920    00000034     sysbios.aer4f : BIOS.obj (.text:ti_sysbios_knl_Idle_run__E)
                  0001f954    00000034     mmw_mss_per4f.oer4f (.text:ti_sysbios_knl_Semaphore_Object__delete__S)
                  0001f988    00000034     mmw_mss_per4f.oer4f (.text:xdc_runtime_LoggerBuf_Object__delete__S)
                  0001f9bc    00000032     libcrc_xwr16xx.aer4f : crc.oer4f (.text:CRC_getCRCDataSelectBitValue)
                  0001f9ee    00000002     --HOLE-- [fill = 0]
                  0001f9f0    00000032                          : crc.oer4f (.text:CRC_getCRCTypeBitValue)
                  0001fa22    00000032     libedma_xwr16xx.aer4f : edma.oer4f (.text:EDMA_configQueueThreshold)
                  0001fa54    00000030     libadcbuf_xwr16xx.aer4f : ADCBuf.oer4f (.text:ADCBuf_init)
                  0001fa84    00000030     libcbuff_xwr16xx.aer4f : cbuff_transfer.oer4f (.text:CBUFF_addCQLLEntry)
                  0001fab4    00000030     libmmwave_xwr16xx.aer4f : mmwave_listlib.oer4f (.text:MMWave_listRemoveNode)
                  0001fae4    00000030     libsoc_xwr16xx.aer4f : soc.oer4f (.text:SOC_getDevicePartNumber)
                  0001fb14    00000030     libmmwavelink_xwr16xx.aer4f : rl_sensor.oer4f (.text:rlSensorStart)
                  0001fb44    00000030     mmw_mss_per4f.oer4f (.text:ti_sysbios_BIOS_rtsLock__I)
                  0001fb74    00000008     sysbios.aer4f : BIOS.obj (.tramp.ti_sysbios_family_arm_v7a_Pmu_getCount__E.1)
                  0001fb7c    00000004     --HOLE-- [fill = 0]
                  0001fb80    00000030                   : BIOS.obj (.text:ti_sysbios_family_arm_a15_TimestampProvider_autoRefreshFxn__I)
                  0001fbb0    00000030                   : BIOS.obj (.text:ti_sysbios_family_arm_v7r_vim_Hwi_disableInterrupt__E)
                  0001fbe0    00000030                   : BIOS.obj (.text:ti_sysbios_family_arm_v7r_vim_Hwi_enableInterrupt__E)
                  0001fc10    00000030     mmw_mss_per4f.oer4f (.text:ti_sysbios_gates_GateHwi_Object__delete__S)
                  0001fc40    00000030     sysbios.aer4f : BIOS.obj (.text:ti_sysbios_gates_GateMutex_Instance_init__E)
                  0001fc70    00000030     mmw_mss_per4f.oer4f (.text:ti_sysbios_heaps_HeapMem_Object__delete__S)
                  0001fca0    00000030     sysbios.aer4f : BIOS.obj (.text:ti_sysbios_knl_Clock_Module_startup__E)
                  0001fcd0    00000030                   : BIOS.obj (.text:ti_sysbios_knl_Task_restoreHwi__E)
                  0001fd00    00000030                   : BIOS.obj (.text:xdc_runtime_LoggerBuf_Instance_finalize__E)
                  0001fd30    0000002e     libdpm_xwr16xx.aer4f : dpm_msg.oer4f (.text:DPM_msgStartHandler)
                  0001fd5e    0000002c                          : dpm_pipe.oer4f (.text:DPM_pipeInit)
                  0001fd8a    00000002     --HOLE-- [fill = 0]
                  0001fd8c    0000002c     libedma_xwr16xx.aer4f : edma.oer4f (.text:EDMA_validate_channelIdchannelType)
                  0001fdb8    0000002c     libgpio_xwr16xx.aer4f : gpio.oer4f (.text:GPIO_HighPriorityISR)
                  0001fde4    0000002c                           : gpio.oer4f (.text:GPIO_LowPriorityISR)
                  0001fe10    0000002c     libmmwave_xwr16xx.aer4f : mmwave_osal.oer4f (.text:MMWave_osalMutexCreate)
                  0001fe3c    0000002c                             : mmwave_osal.oer4f (.text:MMWave_osalSemCreate)
                  0001fe68    0000002c     libsoc_xwr16xx.aer4f : soc_xwr16xx_mss.oer4f (.text:SOC_waitBSSPowerUp)
                  0001fe94    0000002c     libmmwavelink_xwr16xx.aer4f : rl_device.oer4f (.text:rlDeviceGetMssVersion)
                  0001fec0    0000002c                                 : rl_sensor.oer4f (.text:rlSensorStop)
                  0001feec    0000002c     rtsv7R4_T_le_v3D16_eabi.lib : unlink.obj (.text)
                  0001ff18    0000002c     mmw_mss_per4f.oer4f (.text:ti_sysbios_BIOS_errorRaiseHook__I)
                  0001ff44    00000008     sysbios.aer4f : BIOS.obj (.tramp.xdc_runtime_Memory_free__E.1)
                  0001ff4c    00000004     --HOLE-- [fill = 0]
                  0001ff50    0000002c                   : BIOS.obj (.text:ti_sysbios_family_arm_TaskSupport_stackUsed__E)
                  0001ff7c    0000002c     mmw_mss_per4f.oer4f (.text:ti_sysbios_gates_GateHwi_Handle__label__S)
                  0001ffa8    0000002c     mmw_mss_per4f.oer4f (.text:ti_sysbios_gates_GateMutex_Handle__label__S)
                  0001ffd4    0000002c     mmw_mss_per4f.oer4f (.text:ti_sysbios_heaps_HeapMem_Handle__label__S)
                  00020000    0000002c     mmw_mss_per4f.oer4f (.text:ti_sysbios_knl_Semaphore_destruct)
                  0002002c    00000004     --HOLE-- [fill = 0]
                  00020030    0000002c     sysbios.aer4f : BIOS.obj (.text:ti_sysbios_knl_Task_enter__I)
                  0002005c    0000002c     mmw_mss_per4f.oer4f (.text:xdc_runtime_LoggerBuf_Handle__label__S)
                  00020088    0000002a     libdpm_xwr16xx.aer4f : dpm_pipe.oer4f (.text:DPM_pipeDeinit)
                  000200b2    0000002a     mmwdemo_adcconfig.oer4f (.text:MmwDemo_ADCBufOpen)
                  000200dc    0000002a     libsoc_xwr16xx.aer4f : soc.oer4f (.text:SOC_SystemISR)
                  00020106    0000002a     libmmwavelink_xwr16xx.aer4f : rl_device.oer4f (.text:rlDeviceGetMmWaveLinkVersion)
                  00020130    0000002a     rtsv7R4_T_le_v3D16_eabi.lib : strspn.obj (.text)
                  0002015a    00000002     --HOLE-- [fill = 0]
                  0002015c    00000028     libcbuff_xwr16xx.aer4f : cbuff.oer4f (.text:CBUFF_ErrorISR)
                  00020184    00000028                            : cbuff.oer4f (.text:CBUFF_FrameStartISR)
                  000201ac    00000028     libdpm_xwr16xx.aer4f : dpm_mailbox.oer4f (.text:DPM_mboxDeinit)
                  000201d4    00000028                          : dpm_msg.oer4f (.text:DPM_msgInitHeader)
                  000201fc    00000028     libmailbox_xwr16xx.aer4f : mailbox.oer4f (.text:Mailbox_Config_init)
                  00020224    00000028     libqspiflash_xwr16xx.aer4f : qspiflash.oer4f (.text:QSPIFlash_getExtFlashAddr)
                  0002024c    00000028     libuart_xwr16xx.aer4f : uartsci_dma.oer4f (.text:UartSci_RxDMACallbackFxn)
                  00020274    00000028                           : uartsci_dma.oer4f (.text:UartSci_TxDMACallbackFxn)
                  0002029c    00000028     mmw_mss_per4f.oer4f (.text:free)
                  000202c4    00000028     mmwdemo_flash.oer4f (.text:mmwDemo_flashEraseOneSector)
                  000202ec    00000028     libmmwavelink_xwr16xx.aer4f : rl_driver.oer4f (.text:rlDriverConstructInMsg)
                  00020314    00000028     rtsv7R4_T_le_v3D16_eabi.lib : lseek.obj (.text)
                  0002033c    00000028                                 : write.obj (.text)
                  00020364    00000028     mmw_mss_per4f.oer4f (.text:ti_sysbios_BIOS_rtsUnlock__I)
                  0002038c    00000004     --HOLE-- [fill = 0]
                  00020390    00000028     sysbios.aer4f : BIOS.obj (.text:ti_sysbios_family_arm_v7a_Pmu_Module_startup__E)
                  000203b8    00000028     mmw_mss_per4f.oer4f (.text:ti_sysbios_family_arm_v7r_vim_Hwi_Module__startupDone__F)
                  000203e0    00000028     sysbios.aer4f : BIOS.obj (.text:ti_sysbios_gates_GateMutex_leave__E)
[...]
000227d0  ti_sysbios_knl_Task_LD_exit__C                                       
000227d4  ti_sysbios_knl_Task_LD_ready__C                                      
000227d8  ti_sysbios_knl_Task_LM_sleep__C                                      
000227dc  ti_sysbios_knl_Task_LM_switch__C                                     
000227e0  ti_sysbios_knl_Task_Module_State_inactiveQ__O                        
000227e4  ti_sysbios_knl_Task_Module__diagsEnabled__C                          
000227e8  ti_sysbios_knl_Task_Module__diagsIncluded__C                         
000227ec  ti_sysbios_knl_Task_Module__diagsMask__C                             
000227f0  ti_sysbios_knl_Task_Module__loggerFxn2__C                            
000227f4  ti_sysbios_knl_Task_Module__loggerFxn4__C                            
000227f8  ti_sysbios_knl_Task_Module__loggerObj__C                             
000227fc  ti_sysbios_knl_Task_Object__count__C                                 
00022800  ti_sysbios_knl_Task_Object__heap__C                                  
00022804  ti_sysbios_knl_Task_allBlockedFunc__C                                
00022808  ti_sysbios_knl_Task_defaultStackHeap__C                              
0002280c  ti_sysbios_knl_Task_defaultStackSize__C                              
00022810  ti_sysbios_knl_Task_numConstructedTasks__C                           
00022814  ti_sysbios_timers_rti_Timer_E_cannotSupport__C                       
00022818  ti_sysbios_timers_rti_Timer_Module__diagsEnabled__C                  
0002281c  ti_sysbios_timers_rti_Timer_Module__diagsIncluded__C                 
00022820  ti_sysbios_timers_rti_Timer_Module__diagsMask__C                     
00022824  ti_sysbios_timers_rti_Timer_numTimerDevices__C                       
00022828  ti_sysbios_timers_rti_Timer_startupNeeded__C                         
0002282c  ti_sysbios_utils_Load_LS_cpuLoad__C                                  
00022830  ti_sysbios_utils_Load_LS_taskLoad__C                                 
00022834  ti_sysbios_utils_Load_Module_State_taskList__O                       
00022838  ti_sysbios_utils_Load_Module__diagsEnabled__C                        
0002283c  ti_sysbios_utils_Load_Module__diagsIncluded__C                       
00022840  ti_sysbios_utils_Load_Module__diagsMask__C                           
00022844  ti_sysbios_utils_Load_Module__loggerFxn1__C                          
00022848  ti_sysbios_utils_Load_Module__loggerFxn4__C                          
0002284c  ti_sysbios_utils_Load_Module__loggerObj__C                           
00022850  ti_sysbios_utils_Load_postUpdate__C                                  
00022854  ti_sysbios_utils_Load_windowInMs__C                                  
00022858  xdc_runtime_Assert_E_assertFailed__C                                 
0002285c  xdc_runtime_Core_A_initializedParams__C                              
00022860  xdc_runtime_Core_Module__diagsEnabled__C                             
00022864  xdc_runtime_Core_Module__diagsIncluded__C                            
00022868  xdc_runtime_Core_Module__diagsMask__C                                
0002286c  xdc_runtime_Error_E_memory__C                                        
00022870  xdc_runtime_Error_Module__diagsEnabled__C                            
00022874  xdc_runtime_Error_Module__diagsIncluded__C                           
00022878  xdc_runtime_Error_Module__diagsMask__C                               
0002287c  xdc_runtime_Error_Module__loggerFxn8__C                              
00022880  xdc_runtime_Error_Module__loggerObj__C                               
00022884  xdc_runtime_Error_policyFxn__C                                       
00022888  xdc_runtime_Error_policy__C                                          
0002288c  xdc_runtime_Error_raiseHook__C                                       
00022890  xdc_runtime_IFilterLogger_Interface__BASE__C                         
00022894  xdc_runtime_IGateProvider_Interface__BASE__C                         
00022898  xdc_runtime_IHeap_Interface__BASE__C                                 
0002289c  xdc_runtime_ILogger_Interface__BASE__C                               
000228a0  xdc_runtime_IModule_Interface__BASE__C                               
000228a4  xdc_runtime_Log_L_error__C                                           
000228a8  xdc_runtime_LoggerBuf_E_badLevel__C                                  
000228ac  xdc_runtime_LoggerBuf_Module__gateObj__C                             
000228b0  xdc_runtime_LoggerBuf_Object__count__C                               
000228b4  xdc_runtime_LoggerBuf_statusLogger__C                                
000228b8  xdc_runtime_Main_Module__diagsEnabled__C                             
000228bc  xdc_runtime_Main_Module__diagsIncluded__C                            
000228c0  xdc_runtime_Main_Module__diagsMask__C                                
000228c4  xdc_runtime_Main_Module__loggerFxn1__C                               
000228c8  xdc_runtime_Main_Module__loggerFxn2__C                               
000228cc  xdc_runtime_Main_Module__loggerFxn4__C                               
000228d0  xdc_runtime_Main_Module__loggerObj__C                                
000228d4  xdc_runtime_Memory_defaultHeapInstance__C                            
000228d8  xdc_runtime_Startup_execImpl__C                                      
000228dc  xdc_runtime_Startup_maxPasses__C                                     
000228e0  xdc_runtime_Startup_sfxnRts__C                                       
000228e4  xdc_runtime_Startup_sfxnTab__C                                       
000228e8  xdc_runtime_System_Module__gateObj__C                                
000228ec  xdc_runtime_System_abortFxn__C                                       
000228f0  xdc_runtime_System_exitFxn__C                                        
000228f4  xdc_runtime_System_extendFxn__C                                      
000228f8  xdc_runtime_System_maxAtexitHandlers__C                              
000228fc  xdc_runtime_Text_charTab__C                                          
00022900  xdc_runtime_Text_nameEmpty__C                                        
00022904  xdc_runtime_Text_nameStatic__C                                       
00022908  xdc_runtime_Text_nameUnknown__C                                      
0002290c  xdc_runtime_Text_visitRopeFxn__C                                     
00022910  ti_sysbios_family_arm_exc_Exception_Module__id__C                    
00022912  ti_sysbios_family_arm_v7a_Pmu_Module__id__C                          
00022914  ti_sysbios_family_arm_v7r_tms570_Core_Module__id__C                  
00022916  ti_sysbios_family_arm_v7r_vim_Hwi_Module__id__C                      
00022918  ti_sysbios_family_arm_v7r_vim_Hwi_Module__loggerDefined__C           
0002291a  ti_sysbios_gates_GateMutex_Module__id__C                             
0002291c  ti_sysbios_hal_Hwi_Module__id__C                                     
0002291e  ti_sysbios_heaps_HeapMem_Module__id__C                               
00022920  ti_sysbios_knl_Clock_Module__id__C                                   
00022922  ti_sysbios_knl_Clock_Module__loggerDefined__C                        
00022924  ti_sysbios_knl_Semaphore_Module__id__C                               
00022926  ti_sysbios_knl_Semaphore_Module__loggerDefined__C                    
00022928  ti_sysbios_knl_Task_Module__id__C                                    
0002292a  ti_sysbios_knl_Task_Module__loggerDefined__C                         
0002292c  ti_sysbios_timers_rti_Timer_Module__id__C                            
0002292e  ti_sysbios_timers_rti_Timer_continueOnSuspend__C                     
00022930  ti_sysbios_utils_Load_Module__id__C                                  
00022932  ti_sysbios_utils_Load_Module__loggerDefined__C                       
00022934  ti_sysbios_utils_Load_autoAddTasks__C                                
00022936  ti_sysbios_utils_Load_updateInIdle__C                                
00022938  xdc_runtime_Core_Module__id__C                                       
0002293a  xdc_runtime_Error_Module__loggerDefined__C                           
0002293c  xdc_runtime_Error_maxDepth__C                                        
0002293e  xdc_runtime_LoggerBuf_Module__id__C                                  
00022940  xdc_runtime_LoggerBuf_filterByLevel__C                               
00022942  xdc_runtime_Main_Module__id__C                                       
00022944  xdc_runtime_Main_Module__loggerDefined__C                            
00022946  xdc_runtime_Memory_Module__id__C                                     
00022948  xdc_runtime_Text_charCnt__C                                          
0002294a  xdc_runtime_Text_isLoaded__C                                         
0002294c  xdc_runtime_Text_registryModsLastId__C                               
0002294e  xdc_runtime_Text_unnamedModsLastId__C                                
00022950  __TI_static_base__                                                   
00022e28  __TI_Handler_Table_Base                                              
00022e34  __TI_Handler_Table_Limit                                             
00022e50  __TI_CINIT_Base                                                      
00022e70  __TI_CINIT_Limit                                                     
08000000  ti_sysbios_heaps_HeapMem_Instance_State_0_buf__A                     
08008000  xdc_runtime_LoggerBuf_Instance_State_0_entryArr__A                   
08009900  ti_sysbios_family_arm_exc_Exception_Module_State_0_excStack_0__A     
0800a900  gCalibDataStorage                                                    
0800abd8  gMmwMssMCB                                                           
0800b3c8  ti_sysbios_knl_Task_Instance_State_0_stack__A                        
0800b6e8  gCLI                                                                 
0800b890  gGPIOMCB                                                             
0800ba24  __CIOBUF_                                                            
0800bb44  gMMWave_MCB                                                          
0800bc44  __TI_tmpnams                                                         
0800bce4  ti_sysbios_knl_Task_Instance_State_0_hookEnv__A                      
0800bce8  gHSIHeaderMCB                                                        
0800bd78  gEsmMCB                                                              
0800bde8  gMmwDemoFlash                                                        
0800bdf4  gMMWave_DualcoreMCB                                                  
0800bdfc  parmbuf                                                              
0800be08  gEDMA_4K_errata_check                                                
0800be0c  edmaDbg                                                              
0800c514  rl_txMsg                                                             
0800c614  rl_rxMsg                                                             
0800c8fc  gQSPIFlashHwCfg                                                      
0800c900  gCLI_mmwave_freq_scale_factor                                        
0800c908  gCLIMMWaveOpenCfg                                                    
0800c930  partInfoStringArray                                                  
0800c9d0  gCLIMMWaveExtensionTable                                             
0800ca78  gCLIMMWaveControlCfg                                                 
0800cb48  ti_sysbios_family_arm_v7r_vim_Hwi_Module_State_0_dispatchTable__A    
0800cd48  _ftable                                                              
0800ce38  ti_sysbios_utils_Load_Module__state__V                               
0800ced0  ti_sysbios_knl_Task_Module_State_0_readyQ__A                         
0800cf50  _device                                                              
0800cfc8  gCBUFFHwAttribute                                                    
0800d040  ti_sysbios_knl_Task_Object__table__V                                 
0800d09c  gUartSciHwCfg                                                        
0800d0f4  _stream                                                              
0800d144  gMailboxMCB                                                          
0800d194  ti_sysbios_knl_Task_Module__state__V                                 
0800d1dc  SOC_TranslateAddr_LUT                                                
0800d21c  ti_sysbios_gates_GateMutex_Object__table__V                          
0800d25c  ti_sysbios_timers_rti_Timer_Object__table__V                         
0800d298  gCBUFFInterfaceFxn                                                   
0800d2d0  gSpiHwCfg                                                            
0800d308  ti_sysbios_family_arm_v7r_vim_Hwi_Module__state__V                   
0800d33c  ti_sysbios_family_arm_v7r_vim_Hwi_Object__table__V                   
0800d368  ti_sysbios_knl_Clock_Module__state__V                                
0800d394  gUartSciFxnTable                                                     
0800d3bc  SPI_config                                                           
0800d3e0  UART_config                                                          
0800d404  ti_sysbios_BIOS_Module__state__V                                     
0800d428  xdc_runtime_LoggerBuf_Object__table__V                               
0800d450  gSOCHwAttrib                                                         
0800d470  gSpiFxnTable                                                         
0800d490  ti_sysbios_knl_Clock_Object__table__V                                
0800d4b0  xdc_runtime_Error_IgnoreBlock                                        
0800d4d0  xdc_runtime_System_Module_State_0_atexitHandlers__A                  
0800d4f0  ti_sysbios_utils_Load_Module_State_0_taskEnv__A                      
0800d50c  ADCBuf_config                                                        
0800d524  gInterleavedTransferFxn                                              
0800d53c  gMailboxMssBssHwCfg                                                  
0800d554  gMailboxMssDssHwCfg                                                  
0800d56c  gMultipleChirpNonInterleavedTransferFxn                              
0800d584  gNonInterleavedTransferFxn                                           
0800d59c  ti_sysbios_heaps_HeapMem_Object__table__V                            
0800d5b4  ti_sysbios_timers_rti_Timer_Module_State_0_device__A                 
0800d5cc  gDPMRemoteTable                                                      
0800d5e0  ti_sysbios_family_arm_exc_Exception_Module__state__V                 
0800d5f4  gQSPIHwCfg                                                           
0800d604  __TI_ft_end                                                          
0800d608  __aeabi_stdin                                                        
0800d60c  __aeabi_stdout                                                       
0800d610  __aeabi_stderr                                                       
0800d614  ti_sysbios_timers_rti_Timer_Module_State_0_intFreqs__A               
0800d624  ti_sysbios_timers_rti_Timer_Module__state__V                         
0800d634  __TI_cleanup_ptr                                                     
0800d638  __TI_dtors_ptr                                                       
0800d63c  __TI_enable_exit_profile_output                                      
0800d640  gESMHwCfgAttrs                                                       
0800d64c  ti_sysbios_family_arm_v7a_Pmu_Module__state__V                       
0800d658  ti_sysbios_knl_Task_Module__root__V                                  
0800d664  _lock                                                                
0800d668  _unlock                                                              
0800d66c  MmwDemo_RFParserHwCfg                                                
0800d674  QSPIFlash_deviceFxnTbl_macronix                                      
0800d67c  QSPIFlash_deviceFxnTbl_spansion                                      
0800d684  gDPMHwAttrib                                                         
0800d68c  gGPIOHwAtrrib                                                        
0800d694  ti_sysbios_family_arm_v7r_vim_Hwi_Module__root__V                    
0800d69c  ti_sysbios_gates_GateHwi_Module__root__V                             
0800d6a4  ti_sysbios_gates_GateMutex_Module__root__V                           
0800d6ac  ti_sysbios_hal_Hwi_Object__table__V                                  
0800d6b4  ti_sysbios_heaps_HeapMem_Module__root__V                             
0800d6bc  ti_sysbios_knl_Queue_Module__root__V                                 
0800d6c4  ti_sysbios_knl_Semaphore_Module__root__V                             
0800d6cc  ti_sysbios_timers_rti_Timer_Module_State_0_handles__A                
0800d6d4  xdc_runtime_LoggerBuf_Module__root__V                                
0800d6dc  xdc_runtime_Registry_Module__state__V                                
0800d6e4  xdc_runtime_Startup_Module__state__V                                 
0800d6ec  xdc_runtime_System_Module__state__V                                  
0800d6f4  xdc_runtime_LoggerBuf_Module__state__V                               
0800d6fa  ti_sysbios_family_arm_exc_Exception_Module_State_0_excActive__A      
0800d6fc  gCRCRegister                                                         
0800d700  gDPM                                                                 
0800d704  regionId                                                             
0800d708  gPinmuxRegs                                                          
0800d70c  gQSPIDriverPtr                                                       
0800d718  errno                                                                
0800d724  main_func_sp                                                         
0800d72c  ti_sysbios_family_arm_a15_TimestampProvider_Module__state__V         
0800d730  ti_sysbios_family_arm_exc_Exception_Module_State_0_excContext__A     
0800d734  ti_sysbios_family_arm_exc_Exception_Module_State_0_excStackBuffers__A
0800d738  ti_sysbios_family_arm_exc_Exception_Module_State_0_excStack__A       
0800d73c  ti_sysbios_gates_GateHwi_Object__table__V                            
0800d740  ti_sysbios_heaps_HeapBuf_Module__state__V                            
0800d744  ti_sysbios_knl_Task_Module_State_0_idleTask__A                       
0800d748  ti_sysbios_utils_Load_Module_State_0_runningTask__A                  
0800d74c  ti_sysbios_utils_Load_Module_State_0_taskStartTime__A                
0800d750  xdc_runtime_Memory_Module__state__V                                  
0800d754  xdc_runtime_Error_Module__state__V                                   
0800d756  xdc_runtime_Main_Module__root__V                                     
0800d758  ti_sysbios_family_arm_v7r_vim_Hwi_Module_State_0_fiqStack__A         
0800df58  __stack                                                              
0800e758  __STACK_END                                                          
fffffdec  ti_sysbios_family_arm_v7r_vim_Hwi_vim                                
ffffffff  __TI_pprof_out_hndl                                                  
ffffffff  __TI_prof_data_size                                                  
ffffffff  __TI_prof_data_start                                                 
ffffffff  __binit__                                                            
ffffffff  __c_args__                                                           
ffffffff  binit                                                                
UNDEFED   SHT$$INIT_ARRAY$$Base                                                
UNDEFED   SHT$$INIT_ARRAY$$Limit                                               

[1147 symbols]
